stm32l0xx_nucleo.c:168:10:BSP_GetVersion	8	static
stm32l0xx_nucleo.c:180:6:BSP_LED_Init	40	static
stm32l0xx_nucleo.c:207:6:BSP_LED_DeInit	40	static
stm32l0xx_nucleo.c:225:6:BSP_LED_On	16	static
stm32l0xx_nucleo.c:237:6:BSP_LED_Off	16	static
stm32l0xx_nucleo.c:249:6:BSP_LED_Toggle	16	static
stm32l0xx_nucleo.c:265:6:BSP_PB_Init	40	static
stm32l0xx_nucleo.c:303:6:BSP_PB_DeInit	48	static
stm32l0xx_nucleo.c:318:10:BSP_PB_GetState	16	static
stm32l0xx_nucleo.c:332:13:SPIx_MspInit	48	static
stm32l0xx_nucleo.c:367:13:SPIx_Init	8	static
stm32l0xx_nucleo.c:405:13:SPIx_WriteReadData	56	static
stm32l0xx_nucleo.c:425:13:SPIx_WriteData	40	static
stm32l0xx_nucleo.c:444:13:SPIx_Write	40	static
stm32l0xx_nucleo.c:463:13:SPIx_Error	8	static
stm32l0xx_nucleo.c:482:6:SD_IO_Init	48	static
stm32l0xx_nucleo.c:525:6:SD_IO_CSState	16	static
stm32l0xx_nucleo.c:544:6:SD_IO_WriteReadData	24	static
stm32l0xx_nucleo.c:555:9:SD_IO_WriteByte	32	static
stm32l0xx_nucleo.c:570:6:SD_IO_ReadData	16	static
stm32l0xx_nucleo.c:582:6:SD_IO_WriteData	16	static
stm32l0xx_nucleo.c:593:6:LCD_IO_Init	48	static
stm32l0xx_nucleo.c:624:6:LCD_IO_WriteReg	16	static
stm32l0xx_nucleo.c:645:6:LCD_IO_WriteData	16	static
stm32l0xx_nucleo.c:666:6:LCD_IO_WriteMultipleData	24	static
stm32l0xx_nucleo.c:722:6:LCD_Delay	16	static
