radio_appli.c:294:12:time_out_rx	16	static
radio_appli.c:300:12:tx_flag	16	static
radio_appli.c:305:12:rx_flag	16	static
radio_appli.c:311:12:data_received	16	static
radio_appli.c:317:12:ack_received	16	static
radio_appli.c:323:12:multicast	16	static
radio_appli.c:331:12:address_known	16	static
radio_appli.c:338:12:tx_done	16	static
radio_appli.c:344:12:ACK_confirm	16	static
radio_appli.c:349:6:EN_Rx	16	static
radio_appli.c:365:6:send_data	16	static
radio_appli.c:379:6:read_RX_Data	24	static
radio_appli.c:401:6:LED_ON	16	static
radio_appli.c:410:6:LED_Toggle	24	static
radio_appli.c:435:6:send_ACK	16	static
radio_appli.c:448:6:clr_tx_flag	16	static
radio_appli.c:453:6:reset_state	16	static
radio_appli.c:492:6:HAL_Radio_Init	8	static
radio_appli.c:507:6:P2P_Process	8	static
radio_appli.c:518:6:AppliSendBuff	32	static
radio_appli.c:562:6:AppliReceiveBuff	16	static
radio_appli.c:592:6:P2P_Init	8	static
radio_appli.c:630:6:STackProtocolInit	32	static
radio_appli.c:660:6:BasicProtocolInit	8	static
radio_appli.c:666:16:bandSelect	16	static
radio_appli.c:678:6:Enter_LP_mode	8	static
radio_appli.c:723:6:Exit_LP_mode	8	static
radio_appli.c:734:6:MCU_Enter_StopMode	8	static
radio_appli.c:744:6:MCU_Enter_StandbyMode	8	static
radio_appli.c:754:6:MCU_Enter_SleepMode	8	static
radio_appli.c:768:6:RadioPowerON	16	static
radio_appli.c:792:6:RadioPowerOFF	8	static
radio_appli.c:806:6:RadioStandBy	8	static
radio_appli.c:817:6:RadioSleep	8	static
radio_appli.c:827:12:Rx_flag_status	8	static
radio_appli.c:833:6:read_data_recived	16	static
radio_appli.c:845:6:P2PInterruptHandler	8	static
radio_appli.c:904:6:HAL_SYSTICK_Callback	8	static
radio_appli.c:954:6:HAL_GPIO_EXTI_Callback	24	static
