radio_appli.c:299:6:HAL_Spirit1_Init	8	static
radio_appli.c:319:6:P2P_Process	40	static
radio_appli.c:489:6:AppliSendBuff	32	static
radio_appli.c:533:6:AppliReceiveBuff	16	static
radio_appli.c:563:6:P2P_Init	8	static
radio_appli.c:581:6:STackProtocolInit	32	static
radio_appli.c:611:6:BasicProtocolInit	8	static
radio_appli.c:622:6:Enter_LP_mode	8	static
radio_appli.c:667:6:Exit_LP_mode	8	static
radio_appli.c:678:6:MCU_Enter_StopMode	8	static
radio_appli.c:688:6:MCU_Enter_StandbyMode	8	static
radio_appli.c:698:6:MCU_Enter_SleepMode	8	static
radio_appli.c:712:6:RadioPowerON	16	static
radio_appli.c:736:6:RadioPowerOFF	8	static
radio_appli.c:750:6:RadioStandBy	8	static
radio_appli.c:761:6:RadioSleep	8	static
radio_appli.c:771:6:Set_KeyStatus	16	static
radio_appli.c:785:6:P2PInterruptHandler	8	static
radio_appli.c:846:6:HAL_SYSTICK_Callback	8	static
radio_appli.c:896:6:HAL_GPIO_EXTI_Callback	16	static
