radio_appli.c:291:12:time_out_rx	16	static
radio_appli.c:296:12:tx_flag	16	static
radio_appli.c:301:12:rx_flag	16	static
radio_appli.c:307:12:data_recived	16	static
radio_appli.c:313:12:ack_recived	16	static
radio_appli.c:319:12:multicast	16	static
radio_appli.c:327:12:address_known	16	static
radio_appli.c:334:12:tx_received	16	static
radio_appli.c:339:12:msg_command	16	static
radio_appli.c:345:12:ack_command	16	static
radio_appli.c:352:12:restart	16	static
radio_appli.c:357:12:ACK_confirm	16	static
radio_appli.c:362:6:EN_Rx	16	static
radio_appli.c:369:6:send_data	16	static
radio_appli.c:387:6:read_RX_Data	24	static
radio_appli.c:409:6:LED_ON	16	static
radio_appli.c:418:6:LED_Toggle	24	static
radio_appli.c:443:6:send_ACK	16	static
radio_appli.c:456:6:clr_tx_flag	16	static
radio_appli.c:461:6:reset_state	16	static
radio_appli.c:503:6:HAL_Radio_Init	8	static
radio_appli.c:522:6:P2P_Process	8	static
radio_appli.c:701:6:AppliSendBuff	32	static
radio_appli.c:745:6:AppliReceiveBuff	16	static
radio_appli.c:775:6:P2P_Init	8	static
radio_appli.c:794:6:STackProtocolInit	32	static
radio_appli.c:824:6:BasicProtocolInit	8	static
radio_appli.c:835:6:Enter_LP_mode	8	static
radio_appli.c:880:6:Exit_LP_mode	8	static
radio_appli.c:891:6:MCU_Enter_StopMode	8	static
radio_appli.c:901:6:MCU_Enter_StandbyMode	8	static
radio_appli.c:911:6:MCU_Enter_SleepMode	8	static
radio_appli.c:925:6:RadioPowerON	16	static
radio_appli.c:949:6:RadioPowerOFF	8	static
radio_appli.c:963:6:RadioStandBy	8	static
radio_appli.c:974:6:RadioSleep	8	static
radio_appli.c:984:12:Rx_flag_status	8	static
radio_appli.c:990:6:read_data_recived	16	static
radio_appli.c:1002:6:P2PInterruptHandler	8	static
radio_appli.c:1063:6:HAL_SYSTICK_Callback	8	static
radio_appli.c:1113:6:HAL_GPIO_EXTI_Callback	16	static
