radio_appli.c:297:6:HAL_Spirit1_Init	8	static
radio_appli.c:317:6:P2P_Process	40	static
radio_appli.c:479:6:AppliSendBuff	32	static
radio_appli.c:523:6:AppliReceiveBuff	16	static
radio_appli.c:553:6:P2P_Init	8	static
radio_appli.c:571:6:STackProtocolInit	32	static
radio_appli.c:601:6:BasicProtocolInit	8	static
radio_appli.c:612:6:Enter_LP_mode	8	static
radio_appli.c:657:6:Exit_LP_mode	8	static
radio_appli.c:668:6:MCU_Enter_StopMode	8	static
radio_appli.c:678:6:MCU_Enter_StandbyMode	8	static
radio_appli.c:688:6:MCU_Enter_SleepMode	8	static
radio_appli.c:702:6:RadioPowerON	16	static
radio_appli.c:726:6:RadioPowerOFF	8	static
radio_appli.c:740:6:RadioStandBy	8	static
radio_appli.c:751:6:RadioSleep	8	static
radio_appli.c:761:6:Set_KeyStatus	16	static
radio_appli.c:775:6:P2PInterruptHandler	8	static
radio_appli.c:836:6:HAL_SYSTICK_Callback	8	static
radio_appli.c:886:6:HAL_GPIO_EXTI_Callback	16	static
