stm32l0xx_it.c:60:6:NMI_Handler	8	static
stm32l0xx_it.c:69:6:HardFault_Handler	8	static
stm32l0xx_it.c:82:6:MemManage_Handler	8	static
stm32l0xx_it.c:95:6:BusFault_Handler	8	static
stm32l0xx_it.c:108:6:UsageFault_Handler	8	static
stm32l0xx_it.c:122:6:DebugMon_Handler	8	static
stm32l0xx_it.c:125:6:SVC_Handler	8	static
stm32l0xx_it.c:135:6:PendSV_Handler	8	static
stm32l0xx_it.c:145:6:SysTick_Handler	8	static
stm32l0xx_it.c:163:6:EXTI0_1_IRQHandler	8	static
stm32l0xx_it.c:177:6:EXTI2_3_IRQHandler	8	static
stm32l0xx_it.c:194:6:EXTI4_15_IRQHandler	8	static
