stm32l0xx_it.c:65:6:NMI_Handler	8	static
stm32l0xx_it.c:74:6:HardFault_Handler	8	static
stm32l0xx_it.c:87:6:MemManage_Handler	8	static
stm32l0xx_it.c:100:6:BusFault_Handler	8	static
stm32l0xx_it.c:113:6:UsageFault_Handler	8	static
stm32l0xx_it.c:127:6:DebugMon_Handler	8	static
stm32l0xx_it.c:130:6:SVC_Handler	8	static
stm32l0xx_it.c:140:6:PendSV_Handler	8	static
stm32l0xx_it.c:153:6:SysTick_Handler	8	static
stm32l0xx_it.c:224:6:EXTI0_1_IRQHandler	8	static
stm32l0xx_it.c:242:6:EXTI2_3_IRQHandler	8	static
stm32l0xx_it.c:259:6:EXTI4_15_IRQHandler	8	static
