Archive member included to satisfy reference by file (symbol)

d:/st/stm32cubeide_1.3.0/stm32cubeide/plugins/com.st.stm32cube.ide.mcu.externaltools.gnu-tools-for-stm32.7-2018-q2-update.win32_1.0.0.201904181610/tools/bin/../lib/gcc/arm-none-eabi/7.3.1/../../../../arm-none-eabi/lib/thumb/v6-m\libc_nano.a(lib_a-errno.o)
                              Core/Src/syscalls.o (__errno)
d:/st/stm32cubeide_1.3.0/stm32cubeide/plugins/com.st.stm32cube.ide.mcu.externaltools.gnu-tools-for-stm32.7-2018-q2-update.win32_1.0.0.201904181610/tools/bin/../lib/gcc/arm-none-eabi/7.3.1/../../../../arm-none-eabi/lib/thumb/v6-m\libc_nano.a(lib_a-exit.o)
                              d:/st/stm32cubeide_1.3.0/stm32cubeide/plugins/com.st.stm32cube.ide.mcu.externaltools.gnu-tools-for-stm32.7-2018-q2-update.win32_1.0.0.201904181610/tools/bin/../lib/gcc/arm-none-eabi/7.3.1/../../../../arm-none-eabi/lib/thumb/v6-m/crt0.o (exit)
d:/st/stm32cubeide_1.3.0/stm32cubeide/plugins/com.st.stm32cube.ide.mcu.externaltools.gnu-tools-for-stm32.7-2018-q2-update.win32_1.0.0.201904181610/tools/bin/../lib/gcc/arm-none-eabi/7.3.1/../../../../arm-none-eabi/lib/thumb/v6-m\libc_nano.a(lib_a-impure.o)
                              d:/st/stm32cubeide_1.3.0/stm32cubeide/plugins/com.st.stm32cube.ide.mcu.externaltools.gnu-tools-for-stm32.7-2018-q2-update.win32_1.0.0.201904181610/tools/bin/../lib/gcc/arm-none-eabi/7.3.1/../../../../arm-none-eabi/lib/thumb/v6-m\libc_nano.a(lib_a-exit.o) (_global_impure_ptr)
d:/st/stm32cubeide_1.3.0/stm32cubeide/plugins/com.st.stm32cube.ide.mcu.externaltools.gnu-tools-for-stm32.7-2018-q2-update.win32_1.0.0.201904181610/tools/bin/../lib/gcc/arm-none-eabi/7.3.1/../../../../arm-none-eabi/lib/thumb/v6-m\libc_nano.a(lib_a-init.o)
                              d:/st/stm32cubeide_1.3.0/stm32cubeide/plugins/com.st.stm32cube.ide.mcu.externaltools.gnu-tools-for-stm32.7-2018-q2-update.win32_1.0.0.201904181610/tools/bin/../lib/gcc/arm-none-eabi/7.3.1/../../../../arm-none-eabi/lib/thumb/v6-m/crt0.o (__libc_init_array)
d:/st/stm32cubeide_1.3.0/stm32cubeide/plugins/com.st.stm32cube.ide.mcu.externaltools.gnu-tools-for-stm32.7-2018-q2-update.win32_1.0.0.201904181610/tools/bin/../lib/gcc/arm-none-eabi/7.3.1/../../../../arm-none-eabi/lib/thumb/v6-m\libc_nano.a(lib_a-malloc.o)
                              Core/Src/fsm.o (malloc)
d:/st/stm32cubeide_1.3.0/stm32cubeide/plugins/com.st.stm32cube.ide.mcu.externaltools.gnu-tools-for-stm32.7-2018-q2-update.win32_1.0.0.201904181610/tools/bin/../lib/gcc/arm-none-eabi/7.3.1/../../../../arm-none-eabi/lib/thumb/v6-m\libc_nano.a(lib_a-memcpy-stub.o)
                              Drivers/BSP/Components/spirit1/SPIRIT1_Library/Src/SPIRIT_Irq.o (memcpy)
d:/st/stm32cubeide_1.3.0/stm32cubeide/plugins/com.st.stm32cube.ide.mcu.externaltools.gnu-tools-for-stm32.7-2018-q2-update.win32_1.0.0.201904181610/tools/bin/../lib/gcc/arm-none-eabi/7.3.1/../../../../arm-none-eabi/lib/thumb/v6-m\libc_nano.a(lib_a-memset.o)
                              d:/st/stm32cubeide_1.3.0/stm32cubeide/plugins/com.st.stm32cube.ide.mcu.externaltools.gnu-tools-for-stm32.7-2018-q2-update.win32_1.0.0.201904181610/tools/bin/../lib/gcc/arm-none-eabi/7.3.1/../../../../arm-none-eabi/lib/thumb/v6-m/crt0.o (memset)
d:/st/stm32cubeide_1.3.0/stm32cubeide/plugins/com.st.stm32cube.ide.mcu.externaltools.gnu-tools-for-stm32.7-2018-q2-update.win32_1.0.0.201904181610/tools/bin/../lib/gcc/arm-none-eabi/7.3.1/../../../../arm-none-eabi/lib/thumb/v6-m\libc_nano.a(lib_a-nano-freer.o)
                              d:/st/stm32cubeide_1.3.0/stm32cubeide/plugins/com.st.stm32cube.ide.mcu.externaltools.gnu-tools-for-stm32.7-2018-q2-update.win32_1.0.0.201904181610/tools/bin/../lib/gcc/arm-none-eabi/7.3.1/../../../../arm-none-eabi/lib/thumb/v6-m\libc_nano.a(lib_a-malloc.o) (_free_r)
d:/st/stm32cubeide_1.3.0/stm32cubeide/plugins/com.st.stm32cube.ide.mcu.externaltools.gnu-tools-for-stm32.7-2018-q2-update.win32_1.0.0.201904181610/tools/bin/../lib/gcc/arm-none-eabi/7.3.1/../../../../arm-none-eabi/lib/thumb/v6-m\libc_nano.a(lib_a-nano-mallocr.o)
                              d:/st/stm32cubeide_1.3.0/stm32cubeide/plugins/com.st.stm32cube.ide.mcu.externaltools.gnu-tools-for-stm32.7-2018-q2-update.win32_1.0.0.201904181610/tools/bin/../lib/gcc/arm-none-eabi/7.3.1/../../../../arm-none-eabi/lib/thumb/v6-m\libc_nano.a(lib_a-malloc.o) (_malloc_r)
d:/st/stm32cubeide_1.3.0/stm32cubeide/plugins/com.st.stm32cube.ide.mcu.externaltools.gnu-tools-for-stm32.7-2018-q2-update.win32_1.0.0.201904181610/tools/bin/../lib/gcc/arm-none-eabi/7.3.1/../../../../arm-none-eabi/lib/thumb/v6-m\libc_nano.a(lib_a-sbrkr.o)
                              d:/st/stm32cubeide_1.3.0/stm32cubeide/plugins/com.st.stm32cube.ide.mcu.externaltools.gnu-tools-for-stm32.7-2018-q2-update.win32_1.0.0.201904181610/tools/bin/../lib/gcc/arm-none-eabi/7.3.1/../../../../arm-none-eabi/lib/thumb/v6-m\libc_nano.a(lib_a-nano-mallocr.o) (_sbrk_r)
[...]
Memory Configuration

Name             Origin             Length             Attributes
RAM              0x0000000020000000 0x0000000000002000 xrw
FLASH            0x0000000008000000 0x0000000000010000 xr
*default*        0x0000000000000000 0xffffffffffffffff

Linker script and memory map

LOAD d:/st/stm32cubeide_1.3.0/stm32cubeide/plugins/com.st.stm32cube.ide.mcu.externaltools.gnu-tools-for-stm32.7-2018-q2-update.win32_1.0.0.201904181610/tools/bin/../lib/gcc/arm-none-eabi/7.3.1/thumb/v6-m/crti.o
LOAD d:/st/stm32cubeide_1.3.0/stm32cubeide/plugins/com.st.stm32cube.ide.mcu.externaltools.gnu-tools-for-stm32.7-2018-q2-update.win32_1.0.0.201904181610/tools/bin/../lib/gcc/arm-none-eabi/7.3.1/thumb/v6-m/crtbegin.o
LOAD d:/st/stm32cubeide_1.3.0/stm32cubeide/plugins/com.st.stm32cube.ide.mcu.externaltools.gnu-tools-for-stm32.7-2018-q2-update.win32_1.0.0.201904181610/tools/bin/../lib/gcc/arm-none-eabi/7.3.1/../../../../arm-none-eabi/lib/thumb/v6-m/crt0.o
LOAD Core/Src/fsm.o
LOAD Core/Src/main.o
LOAD Core/Src/radio_appli.o
LOAD Core/Src/stm32l0xx_it.o
LOAD Core/Src/syscalls.o
LOAD Core/Src/sysmem.o
LOAD Core/Src/system_stm32l0xx.o
LOAD Core/Startup/startup_stm32l053r8tx.o
LOAD Drivers/BSP/Components/spirit1/SPIRIT1_Library/Src/SPIRIT_Aes.o
LOAD Drivers/BSP/Components/spirit1/SPIRIT1_Library/Src/SPIRIT_Calibration.o
LOAD Drivers/BSP/Components/spirit1/SPIRIT1_Library/Src/SPIRIT_Commands.o
LOAD Drivers/BSP/Components/spirit1/SPIRIT1_Library/Src/SPIRIT_Csma.o
LOAD Drivers/BSP/Components/spirit1/SPIRIT1_Library/Src/SPIRIT_DirectRF.o
LOAD Drivers/BSP/Components/spirit1/SPIRIT1_Library/Src/SPIRIT_General.o
LOAD Drivers/BSP/Components/spirit1/SPIRIT1_Library/Src/SPIRIT_Gpio.o
LOAD Drivers/BSP/Components/spirit1/SPIRIT1_Library/Src/SPIRIT_Irq.o
LOAD Drivers/BSP/Components/spirit1/SPIRIT1_Library/Src/SPIRIT_LinearFifo.o
LOAD Drivers/BSP/Components/spirit1/SPIRIT1_Library/Src/SPIRIT_Management.o
LOAD Drivers/BSP/Components/spirit1/SPIRIT1_Library/Src/SPIRIT_PktBasic.o
LOAD Drivers/BSP/Components/spirit1/SPIRIT1_Library/Src/SPIRIT_PktCommon.o
LOAD Drivers/BSP/Components/spirit1/SPIRIT1_Library/Src/SPIRIT_PktMbus.o
LOAD Drivers/BSP/Components/spirit1/SPIRIT1_Library/Src/SPIRIT_PktStack.o
LOAD Drivers/BSP/Components/spirit1/SPIRIT1_Library/Src/SPIRIT_Qi.o
LOAD Drivers/BSP/Components/spirit1/SPIRIT1_Library/Src/SPIRIT_Radio.o
LOAD Drivers/BSP/Components/spirit1/SPIRIT1_Library/Src/SPIRIT_Timer.o
LOAD Drivers/BSP/Components/spirit1/SPIRIT1_Library/Src/SPIRIT_Types.o
LOAD Drivers/BSP/Components/spirit1/SPIRIT1_Util/Src/SPIRIT1_Util.o
LOAD Drivers/BSP/STM32L0xx_Nucleo/stm32l0xx_nucleo.o
LOAD Drivers/BSP/X-NUCLEO-IDS01Ax/Src/radio_gpio.o
LOAD Drivers/BSP/X-NUCLEO-IDS01Ax/Src/radio_shield_config.o
LOAD Drivers/BSP/X-NUCLEO-IDS01Ax/Src/radio_spi.o
LOAD Drivers/STM32L0xx_HAL_Driver/Src/stm32l0xx_hal.o
LOAD Drivers/STM32L0xx_HAL_Driver/Src/stm32l0xx_hal_cortex.o
LOAD Drivers/STM32L0xx_HAL_Driver/Src/stm32l0xx_hal_dma.o
LOAD Drivers/STM32L0xx_HAL_Driver/Src/stm32l0xx_hal_flash.o
LOAD Drivers/STM32L0xx_HAL_Driver/Src/stm32l0xx_hal_flash_ex.o
LOAD Drivers/STM32L0xx_HAL_Driver/Src/stm32l0xx_hal_flash_ramfunc.o
LOAD Drivers/STM32L0xx_HAL_Driver/Src/stm32l0xx_hal_gpio.o
LOAD Drivers/STM32L0xx_HAL_Driver/Src/stm32l0xx_hal_i2c.o
LOAD Drivers/STM32L0xx_HAL_Driver/Src/stm32l0xx_hal_i2c_ex.o
LOAD Drivers/STM32L0xx_HAL_Driver/Src/stm32l0xx_hal_pwr.o
LOAD Drivers/STM32L0xx_HAL_Driver/Src/stm32l0xx_hal_pwr_ex.o
LOAD Drivers/STM32L0xx_HAL_Driver/Src/stm32l0xx_hal_rcc.o
LOAD Drivers/STM32L0xx_HAL_Driver/Src/stm32l0xx_hal_rcc_ex.o
LOAD Drivers/STM32L0xx_HAL_Driver/Src/stm32l0xx_hal_spi.o
LOAD Drivers/STM32L0xx_HAL_Driver/Src/stm32l0xx_hal_tim.o
LOAD Drivers/STM32L0xx_HAL_Driver/Src/stm32l0xx_hal_tim_ex.o
LOAD Drivers/STM32L0xx_HAL_Driver/Src/stm32l0xx_hal_uart.o
LOAD Drivers/STM32L0xx_HAL_Driver/Src/stm32l0xx_hal_uart_ex.o
START GROUP
LOAD d:/st/stm32cubeide_1.3.0/stm32cubeide/plugins/com.st.stm32cube.ide.mcu.externaltools.gnu-tools-for-stm32.7-2018-q2-update.win32_1.0.0.201904181610/tools/bin/../lib/gcc/arm-none-eabi/7.3.1/../../../../arm-none-eabi/lib/thumb/v6-m\libc_nano.a
LOAD d:/st/stm32cubeide_1.3.0/stm32cubeide/plugins/com.st.stm32cube.ide.mcu.externaltools.gnu-tools-for-stm32.7-2018-q2-update.win32_1.0.0.201904181610/tools/bin/../lib/gcc/arm-none-eabi/7.3.1/../../../../arm-none-eabi/lib/thumb/v6-m\libm.a
END GROUP
START GROUP
LOAD d:/st/stm32cubeide_1.3.0/stm32cubeide/plugins/com.st.stm32cube.ide.mcu.externaltools.gnu-tools-for-stm32.7-2018-q2-update.win32_1.0.0.201904181610/tools/bin/../lib/gcc/arm-none-eabi/7.3.1/thumb/v6-m\libgcc.a
LOAD d:/st/stm32cubeide_1.3.0/stm32cubeide/plugins/com.st.stm32cube.ide.mcu.externaltools.gnu-tools-for-stm32.7-2018-q2-update.win32_1.0.0.201904181610/tools/bin/../lib/gcc/arm-none-eabi/7.3.1/../../../../arm-none-eabi/lib/thumb/v6-m\libc_nano.a
END GROUP
START GROUP
LOAD d:/st/stm32cubeide_1.3.0/stm32cubeide/plugins/com.st.stm32cube.ide.mcu.externaltools.gnu-tools-for-stm32.7-2018-q2-update.win32_1.0.0.201904181610/tools/bin/../lib/gcc/arm-none-eabi/7.3.1/thumb/v6-m\libgcc.a
LOAD d:/st/stm32cubeide_1.3.0/stm32cubeide/plugins/com.st.stm32cube.ide.mcu.externaltools.gnu-tools-for-stm32.7-2018-q2-update.win32_1.0.0.201904181610/tools/bin/../lib/gcc/arm-none-eabi/7.3.1/../../../../arm-none-eabi/lib/thumb/v6-m\libc_nano.a
LOAD d:/st/stm32cubeide_1.3.0/stm32cubeide/plugins/com.st.stm32cube.ide.mcu.externaltools.gnu-tools-for-stm32.7-2018-q2-update.win32_1.0.0.201904181610/tools/bin/../lib/gcc/arm-none-eabi/7.3.1/../../../../arm-none-eabi/lib/thumb/v6-m\libnosys.a
END GROUP
START GROUP
LOAD d:/st/stm32cubeide_1.3.0/stm32cubeide/plugins/com.st.stm32cube.ide.mcu.externaltools.gnu-tools-for-stm32.7-2018-q2-update.win32_1.0.0.201904181610/tools/bin/../lib/gcc/arm-none-eabi/7.3.1/thumb/v6-m\libgcc.a
LOAD d:/st/stm32cubeide_1.3.0/stm32cubeide/plugins/com.st.stm32cube.ide.mcu.externaltools.gnu-tools-for-stm32.7-2018-q2-update.win32_1.0.0.201904181610/tools/bin/../lib/gcc/arm-none-eabi/7.3.1/../../../../arm-none-eabi/lib/thumb/v6-m\libc_nano.a
LOAD d:/st/stm32cubeide_1.3.0/stm32cubeide/plugins/com.st.stm32cube.ide.mcu.externaltools.gnu-tools-for-stm32.7-2018-q2-update.win32_1.0.0.201904181610/tools/bin/../lib/gcc/arm-none-eabi/7.3.1/../../../../arm-none-eabi/lib/thumb/v6-m\libnosys.a
END GROUP
LOAD d:/st/stm32cubeide_1.3.0/stm32cubeide/plugins/com.st.stm32cube.ide.mcu.externaltools.gnu-tools-for-stm32.7-2018-q2-update.win32_1.0.0.201904181610/tools/bin/../lib/gcc/arm-none-eabi/7.3.1/thumb/v6-m/crtend.o
LOAD d:/st/stm32cubeide_1.3.0/stm32cubeide/plugins/com.st.stm32cube.ide.mcu.externaltools.gnu-tools-for-stm32.7-2018-q2-update.win32_1.0.0.201904181610/tools/bin/../lib/gcc/arm-none-eabi/7.3.1/thumb/v6-m/crtn.o
                0x0000000020002000                _estack = (ORIGIN (RAM) + LENGTH (RAM))
                0x0000000000000200                _Min_Heap_Size = 0x200
                0x0000000000000400                _Min_Stack_Size = 0x400

.isr_vector     0x0000000008000000       0xc0
                0x0000000008000000                . = ALIGN (0x4)
 *(.isr_vector)
 .isr_vector    0x0000000008000000       0xc0 Core/Startup/startup_stm32l053r8tx.o
                0x0000000008000000                g_pfnVectors
                0x00000000080000c0                . = ALIGN (0x4)

.text           0x00000000080000c0     0xac38
                0x00000000080000c0                . = ALIGN (0x4)
 *(.text)
 .text          0x00000000080000c0       0x48 d:/st/stm32cubeide_1.3.0/stm32cubeide/plugins/com.st.stm32cube.ide.mcu.externaltools.gnu-tools-for-stm32.7-2018-q2-update.win32_1.0.0.201904181610/tools/bin/../lib/gcc/arm-none-eabi/7.3.1/thumb/v6-m/crtbegin.o
 .text          0x0000000008000108      0x114 d:/st/stm32cubeide_1.3.0/stm32cubeide/plugins/com.st.stm32cube.ide.mcu.externaltools.gnu-tools-for-stm32.7-2018-q2-update.win32_1.0.0.201904181610/tools/bin/../lib/gcc/arm-none-eabi/7.3.1/thumb/v6-m\libgcc.a(_udivsi3.o)
                0x0000000008000108                __aeabi_uidiv
                0x0000000008000108                __udivsi3
                0x0000000008000214                __aeabi_uidivmod
 .text          0x000000000800021c      0x1d4 d:/st/stm32cubeide_1.3.0/stm32cubeide/plugins/com.st.stm32cube.ide.mcu.externaltools.gnu-tools-for-stm32.7-2018-q2-update.win32_1.0.0.201904181610/tools/bin/../lib/gcc/arm-none-eabi/7.3.1/thumb/v6-m\libgcc.a(_divsi3.o)
                0x000000000800021c                __divsi3
                0x000000000800021c                __aeabi_idiv
                0x00000000080003e8                __aeabi_idivmod
 .text          0x00000000080003f0        0x4 d:/st/stm32cubeide_1.3.0/stm32cubeide/plugins/com.st.stm32cube.ide.mcu.externaltools.gnu-tools-for-stm32.7-2018-q2-update.win32_1.0.0.201904181610/tools/bin/../lib/gcc/arm-none-eabi/7.3.1/thumb/v6-m\libgcc.a(_dvmd_tls.o)
                0x00000000080003f0                __aeabi_idiv0
                0x00000000080003f0                __aeabi_ldiv0
 .text          0x00000000080003f4       0x7c d:/st/stm32cubeide_1.3.0/stm32cubeide/plugins/com.st.stm32cube.ide.mcu.externaltools.gnu-tools-for-stm32.7-2018-q2-update.win32_1.0.0.201904181610/tools/bin/../lib/gcc/arm-none-eabi/7.3.1/thumb/v6-m\libgcc.a(_arm_cmpdf2.o)
                0x00000000080003f4                __aeabi_cdrcmple
                0x0000000008000404                __aeabi_cdcmple
                0x0000000008000404                __aeabi_cdcmpeq
                0x0000000008000414                __aeabi_dcmpeq
                0x0000000008000420                __aeabi_dcmplt
                0x0000000008000434                __aeabi_dcmple
                0x0000000008000448                __aeabi_dcmpgt
                0x000000000800045c                __aeabi_dcmpge
 .text          0x0000000008000470       0x74 d:/st/stm32cubeide_1.3.0/stm32cubeide/plugins/com.st.stm32cube.ide.mcu.externaltools.gnu-tools-for-stm32.7-2018-q2-update.win32_1.0.0.201904181610/tools/bin/../lib/gcc/arm-none-eabi/7.3.1/thumb/v6-m\libgcc.a(_arm_cmpsf2.o)
                0x0000000008000470                __aeabi_cfrcmple
                0x0000000008000478                __aeabi_cfcmpeq
                0x0000000008000478                __aeabi_cfcmple
                0x0000000008000488                __aeabi_fcmpeq
                0x0000000008000494                __aeabi_fcmplt
                0x00000000080004a8                __aeabi_fcmple
                0x00000000080004bc                __aeabi_fcmpgt
                0x00000000080004d0                __aeabi_fcmpge
 .text          0x00000000080004e4       0x40 d:/st/stm32cubeide_1.3.0/stm32cubeide/plugins/com.st.stm32cube.ide.mcu.externaltools.gnu-tools-for-stm32.7-2018-q2-update.win32_1.0.0.201904181610/tools/bin/../lib/gcc/arm-none-eabi/7.3.1/thumb/v6-m\libgcc.a(_aeabi_uldivmod.o)
                0x00000000080004e4                __aeabi_uldivmod
 .text          0x0000000008000524       0x30 d:/st/stm32cubeide_1.3.0/stm32cubeide/plugins/com.st.stm32cube.ide.mcu.externaltools.gnu-tools-for-stm32.7-2018-q2-update.win32_1.0.0.201904181610/tools/bin/../lib/gcc/arm-none-eabi/7.3.1/thumb/v6-m\libgcc.a(_fixunssfsi.o)
                0x0000000008000524                __fixunssfsi
                0x0000000008000524                __aeabi_f2uiz
 .text          0x0000000008000554       0x3c d:/st/stm32cubeide_1.3.0/stm32cubeide/plugins/com.st.stm32cube.ide.mcu.externaltools.gnu-tools-for-stm32.7-2018-q2-update.win32_1.0.0.201904181610/tools/bin/../lib/gcc/arm-none-eabi/7.3.1/thumb/v6-m\libgcc.a(_fixunsdfsi.o)
                0x0000000008000554                __aeabi_d2uiz
                0x0000000008000554                __fixunsdfsi
 .text          0x0000000008000590      0x184 d:/st/stm32cubeide_1.3.0/stm32cubeide/plugins/com.st.stm32cube.ide.mcu.externaltools.gnu-tools-for-stm32.7-2018-q2-update.win32_1.0.0.201904181610/tools/bin/../lib/gcc/arm-none-eabi/7.3.1/thumb/v6-m\libgcc.a(_udivmoddi4.o)
                0x0000000008000590                __udivmoddi4
 .text          0x0000000008000714      0x334 d:/st/stm32cubeide_1.3.0/stm32cubeide/plugins/com.st.stm32cube.ide.mcu.externaltools.gnu-tools-for-stm32.7-2018-q2-update.win32_1.0.0.201904181610/tools/bin/../lib/gcc/arm-none-eabi/7.3.1/thumb/v6-m\libgcc.a(addsf3.o)
                0x0000000008000714                __aeabi_fadd
 .text          0x0000000008000a48      0x224 d:/st/stm32cubeide_1.3.0/stm32cubeide/plugins/com.st.stm32cube.ide.mcu.externaltools.gnu-tools-for-stm32.7-2018-q2-update.win32_1.0.0.201904181610/tools/bin/../lib/gcc/arm-none-eabi/7.3.1/thumb/v6-m\libgcc.a(divsf3.o)
                0x0000000008000a48                __aeabi_fdiv
 .text          0x0000000008000c6c       0x50 d:/st/stm32cubeide_1.3.0/stm32cubeide/plugins/com.st.stm32cube.ide.mcu.externaltools.gnu-tools-for-stm32.7-2018-q2-update.win32_1.0.0.201904181610/tools/bin/../lib/gcc/arm-none-eabi/7.3.1/thumb/v6-m\libgcc.a(eqsf2.o)
                0x0000000008000c6c                __eqsf2
                0x0000000008000c6c                __nesf2
 .text          0x0000000008000cbc       0x9c d:/st/stm32cubeide_1.3.0/stm32cubeide/plugins/com.st.stm32cube.ide.mcu.externaltools.gnu-tools-for-stm32.7-2018-q2-update.win32_1.0.0.201904181610/tools/bin/../lib/gcc/arm-none-eabi/7.3.1/thumb/v6-m\libgcc.a(gesf2.o)
                0x0000000008000cbc                __gesf2
                0x0000000008000cbc                __gtsf2
 .text          0x0000000008000d58       0xa0 d:/st/stm32cubeide_1.3.0/stm32cubeide/plugins/com.st.stm32cube.ide.mcu.externaltools.gnu-tools-for-stm32.7-2018-q2-update.win32_1.0.0.201904181610/tools/bin/../lib/gcc/arm-none-eabi/7.3.1/thumb/v6-m\libgcc.a(lesf2.o)
                0x0000000008000d58                __ltsf2
                0x0000000008000d58                __lesf2
 .text          0x0000000008000df8      0x264 d:/st/stm32cubeide_1.3.0/stm32cubeide/plugins/com.st.stm32cube.ide.mcu.externaltools.gnu-tools-for-stm32.7-2018-q2-update.win32_1.0.0.201904181610/tools/bin/../lib/gcc/arm-none-eabi/7.3.1/thumb/v6-m\libgcc.a(mulsf3.o)
                0x0000000008000df8                __aeabi_fmul
 .text          0x000000000800105c      0x388 d:/st/stm32cubeide_1.3.0/stm32cubeide/plugins/com.st.stm32cube.ide.mcu.externaltools.gnu-tools-for-stm32.7-2018-q2-update.win32_1.0.0.201904181610/tools/bin/../lib/gcc/arm-none-eabi/7.3.1/thumb/v6-m\libgcc.a(subsf3.o)
                0x000000000800105c                __aeabi_fsub
 .text          0x00000000080013e4       0x40 d:/st/stm32cubeide_1.3.0/stm32cubeide/plugins/com.st.stm32cube.ide.mcu.externaltools.gnu-tools-for-stm32.7-2018-q2-update.win32_1.0.0.201904181610/tools/bin/../lib/gcc/arm-none-eabi/7.3.1/thumb/v6-m\libgcc.a(fixsfsi.o)
                0x00000000080013e4                __aeabi_f2iz
 .text          0x0000000008001424       0x94 d:/st/stm32cubeide_1.3.0/stm32cubeide/plugins/com.st.stm32cube.ide.mcu.externaltools.gnu-tools-for-stm32.7-2018-q2-update.win32_1.0.0.201904181610/tools/bin/../lib/gcc/arm-none-eabi/7.3.1/thumb/v6-m\libgcc.a(floatsisf.o)
                0x0000000008001424                __aeabi_i2f
 .text          0x00000000080014b8       0x80 d:/st/stm32cubeide_1.3.0/stm32cubeide/plugins/com.st.stm32cube.ide.mcu.externaltools.gnu-tools-for-stm32.7-2018-q2-update.win32_1.0.0.201904181610/tools/bin/../lib/gcc/arm-none-eabi/7.3.1/thumb/v6-m\libgcc.a(floatunsisf.o)
                0x00000000080014b8                __aeabi_ui2f
 .text          0x0000000008001538      0x638 d:/st/stm32cubeide_1.3.0/stm32cubeide/plugins/com.st.stm32cube.ide.mcu.externaltools.gnu-tools-for-stm32.7-2018-q2-update.win32_1.0.0.201904181610/tools/bin/../lib/gcc/arm-none-eabi/7.3.1/thumb/v6-m\libgcc.a(adddf3.o)
                0x0000000008001538                __aeabi_dadd
 .text          0x0000000008001b70      0x604 d:/st/stm32cubeide_1.3.0/stm32cubeide/plugins/com.st.stm32cube.ide.mcu.externaltools.gnu-tools-for-stm32.7-2018-q2-update.win32_1.0.0.201904181610/tools/bin/../lib/gcc/arm-none-eabi/7.3.1/thumb/v6-m\libgcc.a(divdf3.o)
                0x0000000008001b70                __aeabi_ddiv
 .text          0x0000000008002174       0x78 d:/st/stm32cubeide_1.3.0/stm32cubeide/plugins/com.st.stm32cube.ide.mcu.externaltools.gnu-tools-for-stm32.7-2018-q2-update.win32_1.0.0.201904181610/tools/bin/../lib/gcc/arm-none-eabi/7.3.1/thumb/v6-m\libgcc.a(eqdf2.o)
                0x0000000008002174                __nedf2
                0x0000000008002174                __eqdf2
 .text          0x00000000080021ec       0xc8 d:/st/stm32cubeide_1.3.0/stm32cubeide/plugins/com.st.stm32cube.ide.mcu.externaltools.gnu-tools-for-stm32.7-2018-q2-update.win32_1.0.0.201904181610/tools/bin/../lib/gcc/arm-none-eabi/7.3.1/thumb/v6-m\libgcc.a(gedf2.o)
                0x00000000080021ec                __gedf2
                0x00000000080021ec                __gtdf2
 .text          0x00000000080022b4       0xd0 d:/st/stm32cubeide_1.3.0/stm32cubeide/plugins/com.st.stm32cube.ide.mcu.externaltools.gnu-tools-for-stm32.7-2018-q2-update.win32_1.0.0.201904181610/tools/bin/../lib/gcc/arm-none-eabi/7.3.1/thumb/v6-m\libgcc.a(ledf2.o)
                0x00000000080022b4                __ledf2
                0x00000000080022b4                __ltdf2
 .text          0x0000000008002384      0x4e4 d:/st/stm32cubeide_1.3.0/stm32cubeide/plugins/com.st.stm32cube.ide.mcu.externaltools.gnu-tools-for-stm32.7-2018-q2-update.win32_1.0.0.201904181610/tools/bin/../lib/gcc/arm-none-eabi/7.3.1/thumb/v6-m\libgcc.a(muldf3.o)
                0x0000000008002384                __aeabi_dmul
 .text          0x0000000008002868      0x690 d:/st/stm32cubeide_1.3.0/stm32cubeide/plugins/com.st.stm32cube.ide.mcu.externaltools.gnu-tools-for-stm32.7-2018-q2-update.win32_1.0.0.201904181610/tools/bin/../lib/gcc/arm-none-eabi/7.3.1/thumb/v6-m\libgcc.a(subdf3.o)
                0x0000000008002868                __aeabi_dsub
 .text          0x0000000008002ef8       0x6c d:/st/stm32cubeide_1.3.0/stm32cubeide/plugins/com.st.stm32cube.ide.mcu.externaltools.gnu-tools-for-stm32.7-2018-q2-update.win32_1.0.0.201904181610/tools/bin/../lib/gcc/arm-none-eabi/7.3.1/thumb/v6-m\libgcc.a(fixdfsi.o)
                0x0000000008002ef8                __aeabi_d2iz
 .text          0x0000000008002f64       0x74 d:/st/stm32cubeide_1.3.0/stm32cubeide/plugins/com.st.stm32cube.ide.mcu.externaltools.gnu-tools-for-stm32.7-2018-q2-update.win32_1.0.0.201904181610/tools/bin/../lib/gcc/arm-none-eabi/7.3.1/thumb/v6-m\libgcc.a(floatsidf.o)
                0x0000000008002f64                __aeabi_i2d
 .text          0x0000000008002fd8       0x64 d:/st/stm32cubeide_1.3.0/stm32cubeide/plugins/com.st.stm32cube.ide.mcu.externaltools.gnu-tools-for-stm32.7-2018-q2-update.win32_1.0.0.201904181610/tools/bin/../lib/gcc/arm-none-eabi/7.3.1/thumb/v6-m\libgcc.a(floatunsidf.o)
                0x0000000008002fd8                __aeabi_ui2d
 .text          0x000000000800303c       0x3c d:/st/stm32cubeide_1.3.0/stm32cubeide/plugins/com.st.stm32cube.ide.mcu.externaltools.gnu-tools-for-stm32.7-2018-q2-update.win32_1.0.0.201904181610/tools/bin/../lib/gcc/arm-none-eabi/7.3.1/thumb/v6-m\libgcc.a(_clzsi2.o)
                0x000000000800303c                __clzsi2
 .text          0x0000000008003078       0x18 d:/st/stm32cubeide_1.3.0/stm32cubeide/plugins/com.st.stm32cube.ide.mcu.externaltools.gnu-tools-for-stm32.7-2018-q2-update.win32_1.0.0.201904181610/tools/bin/../lib/gcc/arm-none-eabi/7.3.1/thumb/v6-m\libgcc.a(_clzdi2.o)
                0x0000000008003078                __clzdi2
 *(.text*)
 .text.fsm_new  0x0000000008003090       0x28 Core/Src/fsm.o
                0x0000000008003090                fsm_new
 .text.fsm_init
                0x00000000080030b8       0x20 Core/Src/fsm.o
                0x00000000080030b8                fsm_init
 .text.fsm_fire
                0x00000000080030d8       0x60 Core/Src/fsm.o
                0x00000000080030d8                fsm_fire
 .text.main     0x0000000008003138       0x3a Core/Src/main.o
                0x0000000008003138                main
 *fill*         0x0000000008003172        0x2 
 .text.SystemClock_Config
                0x0000000008003174       0xe4 Core/Src/main.o
                0x0000000008003174                SystemClock_Config
 .text.MX_SPI1_Init
                0x0000000008003258       0x70 Core/Src/main.o
 .text.MX_TIM2_Init
                0x00000000080032c8       0xa4 Core/Src/main.o
 .text.MX_USART2_UART_Init
                0x000000000800336c       0x60 Core/Src/main.o
 .text.MX_GPIO_Init
                0x00000000080033cc      0x140 Core/Src/main.o
 .text.Clock_Enable
                0x000000000800350c       0x74 Core/Src/main.o
                0x000000000800350c                Clock_Enable
 .text.Error_Handler
                0x0000000008003580        0xa Core/Src/main.o
                0x0000000008003580                Error_Handler
 *fill*         0x000000000800358a        0x2 
 .text.time_out_rx
                0x000000000800358c       0x34 Core/Src/radio_appli.o
 .text.tx_flag  0x00000000080035c0       0x18 Core/Src/radio_appli.o
 .text.rx_flag  0x00000000080035d8       0x1c Core/Src/radio_appli.o
 .text.data_recived
                0x00000000080035f4       0x24 Core/Src/radio_appli.o
 .text.ack_recived
                0x0000000008003618       0x24 Core/Src/radio_appli.o
 .text.multicast
                0x000000000800363c       0x2c Core/Src/radio_appli.o
 .text.address_known
                0x0000000008003668       0x2c Core/Src/radio_appli.o
 .text.tx_received
                0x0000000008003694       0x1c Core/Src/radio_appli.o
 .text.msg_command
                0x00000000080036b0       0x24 Core/Src/radio_appli.o
 .text.ack_command
                0x00000000080036d4       0x24 Core/Src/radio_appli.o
 .text.restart  0x00000000080036f8       0x18 Core/Src/radio_appli.o
 .text.ACK_confirm
                0x0000000008003710       0x18 Core/Src/radio_appli.o
 .text.EN_Rx    0x0000000008003728       0x38 Core/Src/radio_appli.o
                0x0000000008003728                EN_Rx
 .text.send_data
                0x0000000008003760       0x6c Core/Src/radio_appli.o
                0x0000000008003760                send_data
 .text.read_RX_Data
                0x00000000080037cc       0x98 Core/Src/radio_appli.o
                0x00000000080037cc                read_RX_Data
 .text.LED_ON   0x0000000008003864       0x28 Core/Src/radio_appli.o
                0x0000000008003864                LED_ON
 .text.LED_Toggle
                0x000000000800388c       0x68 Core/Src/radio_appli.o
                0x000000000800388c                LED_Toggle
 .text.send_ACK
                0x00000000080038f4       0x5c Core/Src/radio_appli.o
                0x00000000080038f4                send_ACK
 .text.clr_tx_flag
                0x0000000008003950       0x1c Core/Src/radio_appli.o
                0x0000000008003950                clr_tx_flag
 .text.reset_state
                0x000000000800396c       0x30 Core/Src/radio_appli.o
                0x000000000800396c                reset_state
 .text.HAL_Radio_Init
                0x000000000800399c       0x20 Core/Src/radio_appli.o
                0x000000000800399c                HAL_Radio_Init
 .text.P2P_Process
                0x00000000080039bc       0x18 Core/Src/radio_appli.o
                0x00000000080039bc                P2P_Process
 .text.AppliSendBuff
                0x00000000080039d4       0xdc Core/Src/radio_appli.o
                0x00000000080039d4                AppliSendBuff
 .text.AppliReceiveBuff
                0x0000000008003ab0       0x6c Core/Src/radio_appli.o
                0x0000000008003ab0                AppliReceiveBuff
 .text.P2P_Init
                0x0000000008003b1c       0x6c Core/Src/radio_appli.o
                0x0000000008003b1c                P2P_Init
 .text.BasicProtocolInit
                0x0000000008003b88       0x18 Core/Src/radio_appli.o
                0x0000000008003b88                BasicProtocolInit
 .text.P2PInterruptHandler
                0x0000000008003ba0       0xc0 Core/Src/radio_appli.o
                0x0000000008003ba0                P2PInterruptHandler
 .text.HAL_GPIO_EXTI_Callback
                0x0000000008003c60       0x64 Core/Src/radio_appli.o
                0x0000000008003c60                HAL_GPIO_EXTI_Callback
 .text.NMI_Handler
                0x0000000008003cc4        0xa Core/Src/stm32l0xx_it.o
                0x0000000008003cc4                NMI_Handler
 .text.HardFault_Handler
                0x0000000008003cce        0x6 Core/Src/stm32l0xx_it.o
                0x0000000008003cce                HardFault_Handler
 .text.SVC_Handler
                0x0000000008003cd4        0xa Core/Src/stm32l0xx_it.o
                0x0000000008003cd4                SVC_Handler
 .text.PendSV_Handler
                0x0000000008003cde        0xa Core/Src/stm32l0xx_it.o
                0x0000000008003cde                PendSV_Handler
 .text.SysTick_Handler
                0x0000000008003ce8        0xe Core/Src/stm32l0xx_it.o
                0x0000000008003ce8                SysTick_Handler
 *fill*         0x0000000008003cf6        0x2 
 .text.EXTI4_15_IRQHandler
                0x0000000008003cf8       0x34 Core/Src/stm32l0xx_it.o
                0x0000000008003cf8                EXTI4_15_IRQHandler
 .text.TIM2_IRQHandler
                0x0000000008003d2c       0x18 Core/Src/stm32l0xx_it.o
                0x0000000008003d2c                TIM2_IRQHandler
 .text._sbrk    0x0000000008003d44       0x58 Core/Src/sysmem.o
                0x0000000008003d44                _sbrk
 .text.SystemInit
                0x0000000008003d9c       0x7c Core/Src/system_stm32l0xx.o
                0x0000000008003d9c                SystemInit
 .text.Reset_Handler
                0x0000000008003e18       0x50 Core/Startup/startup_stm32l053r8tx.o
                0x0000000008003e18                Reset_Handler
 .text.Default_Handler
                0x0000000008003e68        0x2 Core/Startup/startup_stm32l053r8tx.o
                0x0000000008003e68                TSC_IRQHandler
                0x0000000008003e68                ADC1_COMP_IRQHandler
                0x0000000008003e68                PVD_IRQHandler
                0x0000000008003e68                I2C1_IRQHandler
                0x0000000008003e68                RCC_CRS_IRQHandler
                0x0000000008003e68                SPI1_IRQHandler
                0x0000000008003e68                TIM6_DAC_IRQHandler
                0x0000000008003e68                EXTI2_3_IRQHandler
                0x0000000008003e68                I2C2_IRQHandler
                0x0000000008003e68                RTC_IRQHandler
                0x0000000008003e68                LCD_IRQHandler
                0x0000000008003e68                DMA1_Channel4_5_6_7_IRQHandler
                0x0000000008003e68                DMA1_Channel1_IRQHandler
                0x0000000008003e68                Default_Handler
                0x0000000008003e68                TIM22_IRQHandler
                0x0000000008003e68                EXTI0_1_IRQHandler
                0x0000000008003e68                USB_IRQHandler
                0x0000000008003e68                SPI2_IRQHandler
                0x0000000008003e68                TIM21_IRQHandler
                0x0000000008003e68                WWDG_IRQHandler
                0x0000000008003e68                DMA1_Channel2_3_IRQHandler
                0x0000000008003e68                USART2_IRQHandler
                0x0000000008003e68                FLASH_IRQHandler
                0x0000000008003e68                USART1_IRQHandler
                0x0000000008003e68                RNG_LPUART1_IRQHandler
                0x0000000008003e68                LPTIM1_IRQHandler
 *fill*         0x0000000008003e6a        0x2 
 .text.SpiritCalibrationVco
                0x0000000008003e6c       0x84 Drivers/BSP/Components/spirit1/SPIRIT1_Library/Src/SPIRIT_Calibration.o
                0x0000000008003e6c                SpiritCalibrationVco
 .text.SpiritCalibrationGetVcoCalData
                0x0000000008003ef0       0x3c Drivers/BSP/Components/spirit1/SPIRIT1_Library/Src/SPIRIT_Calibration.o
                0x0000000008003ef0                SpiritCalibrationGetVcoCalData
 .text.SpiritCalibrationSetVcoCalDataTx
                0x0000000008003f2c       0x74 Drivers/BSP/Components/spirit1/SPIRIT1_Library/Src/SPIRIT_Calibration.o
                0x0000000008003f2c                SpiritCalibrationSetVcoCalDataTx
 .text.SpiritCalibrationSetVcoCalDataRx
                0x0000000008003fa0       0x74 Drivers/BSP/Components/spirit1/SPIRIT1_Library/Src/SPIRIT_Calibration.o
                0x0000000008003fa0                SpiritCalibrationSetVcoCalDataRx
 .text.SpiritCalibrationSelectVco
                0x0000000008004014       0x6c Drivers/BSP/Components/spirit1/SPIRIT1_Library/Src/SPIRIT_Calibration.o
                0x0000000008004014                SpiritCalibrationSelectVco
 .text.SpiritCmdStrobeCommand
                0x0000000008004080       0x34 Drivers/BSP/Components/spirit1/SPIRIT1_Library/Src/SPIRIT_Commands.o
                0x0000000008004080                SpiritCmdStrobeCommand
 .text.SpiritCsmaInit
                0x00000000080040b4       0xe0 Drivers/BSP/Components/spirit1/SPIRIT1_Library/Src/SPIRIT_Csma.o
                0x00000000080040b4                SpiritCsmaInit
 .text.SpiritCsma
                0x0000000008004194       0x84 Drivers/BSP/Components/spirit1/SPIRIT1_Library/Src/SPIRIT_Csma.o
                0x0000000008004194                SpiritCsma
 .text.SpiritGeneralSetExtRef
                0x0000000008004218       0x70 Drivers/BSP/Components/spirit1/SPIRIT1_Library/Src/SPIRIT_General.o
                0x0000000008004218                SpiritGeneralSetExtRef
 .text.SpiritGpioInit
                0x0000000008004288       0x4c Drivers/BSP/Components/spirit1/SPIRIT1_Library/Src/SPIRIT_Gpio.o
                0x0000000008004288                SpiritGpioInit
 .text.SpiritIrqDeInit
                0x00000000080042d4       0x58 Drivers/BSP/Components/spirit1/SPIRIT1_Library/Src/SPIRIT_Irq.o
                0x00000000080042d4                SpiritIrqDeInit
 .text.SpiritIrq
                0x000000000800432c       0xf4 Drivers/BSP/Components/spirit1/SPIRIT1_Library/Src/SPIRIT_Irq.o
                0x000000000800432c                SpiritIrq
 .text.SpiritIrqGetStatus
                0x0000000008004420       0x70 Drivers/BSP/Components/spirit1/SPIRIT1_Library/Src/SPIRIT_Irq.o
                0x0000000008004420                SpiritIrqGetStatus
 .text.SpiritIrqClearStatus
                0x0000000008004490       0x30 Drivers/BSP/Components/spirit1/SPIRIT1_Library/Src/SPIRIT_Irq.o
                0x0000000008004490                SpiritIrqClearStatus
 .text.SpiritLinearFifoReadNumElementsRxFifo
                0x00000000080044c0       0x3c Drivers/BSP/Components/spirit1/SPIRIT1_Library/Src/SPIRIT_LinearFifo.o
                0x00000000080044c0                SpiritLinearFifoReadNumElementsRxFifo
 .text.SpiritManagementSetFrequencyBase
                0x00000000080044fc      0x274 Drivers/BSP/Components/spirit1/SPIRIT1_Library/Src/SPIRIT_Management.o
                0x00000000080044fc                SpiritManagementSetFrequencyBase
 .text.SpiritManagementWaVcoCalibration
                0x0000000008004770      0x1c4 Drivers/BSP/Components/spirit1/SPIRIT1_Library/Src/SPIRIT_Management.o
                0x0000000008004770                SpiritManagementWaVcoCalibration
 .text.SpiritManagementWaCmdStrobeTx
                0x0000000008004934       0x74 Drivers/BSP/Components/spirit1/SPIRIT1_Library/Src/SPIRIT_Management.o
                0x0000000008004934                SpiritManagementWaCmdStrobeTx
 .text.SpiritManagementWaCmdStrobeRx
                0x00000000080049a8       0x3c Drivers/BSP/Components/spirit1/SPIRIT1_Library/Src/SPIRIT_Management.o
                0x00000000080049a8                SpiritManagementWaCmdStrobeRx
 .text.SpiritManagementWaTRxFcMem
                0x00000000080049e4       0x24 Drivers/BSP/Components/spirit1/SPIRIT1_Library/Src/SPIRIT_Management.o
                0x00000000080049e4                SpiritManagementWaTRxFcMem
 .text.SpiritPktBasicInit
                0x0000000008004a08      0x1f8 Drivers/BSP/Components/spirit1/SPIRIT1_Library/Src/SPIRIT_PktBasic.o
                0x0000000008004a08                SpiritPktBasicInit
 .text.SpiritPktBasicAddressesInit
                0x0000000008004c00      0x108 Drivers/BSP/Components/spirit1/SPIRIT1_Library/Src/SPIRIT_PktBasic.o
                0x0000000008004c00                SpiritPktBasicAddressesInit
 .text.SpiritPktBasicGetAddressField
                0x0000000008004d08       0x44 Drivers/BSP/Components/spirit1/SPIRIT1_Library/Src/SPIRIT_PktBasic.o
                0x0000000008004d08                SpiritPktBasicGetAddressField
 .text.SpiritPktBasicSetPayloadLength
                0x0000000008004d4c       0x8c Drivers/BSP/Components/spirit1/SPIRIT1_Library/Src/SPIRIT_PktBasic.o
                0x0000000008004d4c                SpiritPktBasicSetPayloadLength
 .text.SpiritPktCommonGetControlLength
                0x0000000008004dd8       0x3c Drivers/BSP/Components/spirit1/SPIRIT1_Library/Src/SPIRIT_PktCommon.o
                0x0000000008004dd8                SpiritPktCommonGetControlLength
 .text.SpiritPktCommonFilterOnCrc
                0x0000000008004e14       0x84 Drivers/BSP/Components/spirit1/SPIRIT1_Library/Src/SPIRIT_PktCommon.o
                0x0000000008004e14                SpiritPktCommonFilterOnCrc
 .text.SpiritPktCommonSetDestinationAddress
                0x0000000008004e98       0x38 Drivers/BSP/Components/spirit1/SPIRIT1_Library/Src/SPIRIT_PktCommon.o
                0x0000000008004e98                SpiritPktCommonSetDestinationAddress
 .text.SpiritPktCommonGetReceivedDestAddress
                0x0000000008004ed0       0x34 Drivers/BSP/Components/spirit1/SPIRIT1_Library/Src/SPIRIT_PktCommon.o
                0x0000000008004ed0                SpiritPktCommonGetReceivedDestAddress
 .text.SpiritQiSqiCheck
                0x0000000008004f04       0x84 Drivers/BSP/Components/spirit1/SPIRIT1_Library/Src/SPIRIT_Qi.o
                0x0000000008004f04                SpiritQiSqiCheck
 .text.SpiritQiSetSqiThreshold
                0x0000000008004f88       0x74 Drivers/BSP/Components/spirit1/SPIRIT1_Library/Src/SPIRIT_Qi.o
                0x0000000008004f88                SpiritQiSetSqiThreshold
 .text.SpiritQiSetRssiThresholddBm
                0x0000000008004ffc       0x44 Drivers/BSP/Components/spirit1/SPIRIT1_Library/Src/SPIRIT_Qi.o
                0x0000000008004ffc                SpiritQiSetRssiThresholddBm
 .text.SpiritRadioInit
                0x0000000008005040      0x460 Drivers/BSP/Components/spirit1/SPIRIT1_Library/Src/SPIRIT_Radio.o
                0x0000000008005040                SpiritRadioInit
 .text.SpiritRadioSetXtalFlag
                0x00000000080054a0       0x88 Drivers/BSP/Components/spirit1/SPIRIT1_Library/Src/SPIRIT_Radio.o
                0x00000000080054a0                SpiritRadioSetXtalFlag
 .text.SpiritRadioSearchWCP
                0x0000000008005528      0x178 Drivers/BSP/Components/spirit1/SPIRIT1_Library/Src/SPIRIT_Radio.o
                0x0000000008005528                SpiritRadioSearchWCP
 .text.SpiritRadioGetSynthWord
                0x00000000080056a0       0x58 Drivers/BSP/Components/spirit1/SPIRIT1_Library/Src/SPIRIT_Radio.o
                0x00000000080056a0                SpiritRadioGetSynthWord
 .text.SpiritRadioGetBand
                0x00000000080056f8       0x68 Drivers/BSP/Components/spirit1/SPIRIT1_Library/Src/SPIRIT_Radio.o
                0x00000000080056f8                SpiritRadioGetBand
 .text.SpiritRadioGetChannel
                0x0000000008005760       0x34 Drivers/BSP/Components/spirit1/SPIRIT1_Library/Src/SPIRIT_Radio.o
                0x0000000008005760                SpiritRadioGetChannel
 .text.SpiritRadioGetChannelSpace
                0x0000000008005794       0x44 Drivers/BSP/Components/spirit1/SPIRIT1_Library/Src/SPIRIT_Radio.o
                0x0000000008005794                SpiritRadioGetChannelSpace
 .text.SpiritRadioGetFrequencyOffset
                0x00000000080057d8       0xa0 Drivers/BSP/Components/spirit1/SPIRIT1_Library/Src/SPIRIT_Radio.o
                0x00000000080057d8                SpiritRadioGetFrequencyOffset
 .text.SpiritRadioSetFrequencyBase
                0x0000000008005878      0x2b4 Drivers/BSP/Components/spirit1/SPIRIT1_Library/Src/SPIRIT_Radio.o
                0x0000000008005878                SpiritRadioSetFrequencyBase
 .text.SpiritRadioGetFrequencyBase
                0x0000000008005b2c       0x9c Drivers/BSP/Components/spirit1/SPIRIT1_Library/Src/SPIRIT_Radio.o
                0x0000000008005b2c                SpiritRadioGetFrequencyBase
 .text.SpiritRadioSearchDatarateME
                0x0000000008005bc8      0x1f8 Drivers/BSP/Components/spirit1/SPIRIT1_Library/Src/SPIRIT_Radio.o
                0x0000000008005bc8                SpiritRadioSearchDatarateME
 .text.SpiritRadioSearchChannelBwME
                0x0000000008005dc0      0x218 Drivers/BSP/Components/spirit1/SPIRIT1_Library/Src/SPIRIT_Radio.o
                0x0000000008005dc0                SpiritRadioSearchChannelBwME
 .text.SpiritRadioSearchFreqDevME
                0x0000000008005fd8      0x180 Drivers/BSP/Components/spirit1/SPIRIT1_Library/Src/SPIRIT_Radio.o
                0x0000000008005fd8                SpiritRadioSearchFreqDevME
 .text.SpiritRadioGetdBm2Reg
                0x0000000008006158      0x248 Drivers/BSP/Components/spirit1/SPIRIT1_Library/Src/SPIRIT_Radio.o
                0x0000000008006158                SpiritRadioGetdBm2Reg
 .text.SpiritRadioSetPALeveldBm
                0x00000000080063a0       0x64 Drivers/BSP/Components/spirit1/SPIRIT1_Library/Src/SPIRIT_Radio.o
                0x00000000080063a0                SpiritRadioSetPALeveldBm
 .text.SpiritRadioSetPACwc
                0x0000000008006404       0x68 Drivers/BSP/Components/spirit1/SPIRIT1_Library/Src/SPIRIT_Radio.o
                0x0000000008006404                SpiritRadioSetPACwc
 .text.SpiritRadioSetPALevelMaxIndex
                0x000000000800646c       0x68 Drivers/BSP/Components/spirit1/SPIRIT1_Library/Src/SPIRIT_Radio.o
                0x000000000800646c                SpiritRadioSetPALevelMaxIndex
 .text.SpiritRadioAFCFreezeOnSync
                0x00000000080064d4       0x78 Drivers/BSP/Components/spirit1/SPIRIT1_Library/Src/SPIRIT_Radio.o
                0x00000000080064d4                SpiritRadioAFCFreezeOnSync
 .text.SpiritRadioCsBlanking
                0x000000000800654c       0x70 Drivers/BSP/Components/spirit1/SPIRIT1_Library/Src/SPIRIT_Radio.o
                0x000000000800654c                SpiritRadioCsBlanking
 .text.SpiritRadioPersistenRx
                0x00000000080065bc       0x70 Drivers/BSP/Components/spirit1/SPIRIT1_Library/Src/SPIRIT_Radio.o
                0x00000000080065bc                SpiritRadioPersistenRx
 .text.SpiritRadioSetRefDiv
                0x000000000800662c       0x74 Drivers/BSP/Components/spirit1/SPIRIT1_Library/Src/SPIRIT_Radio.o
                0x000000000800662c                SpiritRadioSetRefDiv
 .text.SpiritRadioGetRefDiv
                0x00000000080066a0       0x48 Drivers/BSP/Components/spirit1/SPIRIT1_Library/Src/SPIRIT_Radio.o
                0x00000000080066a0                SpiritRadioGetRefDiv
 .text.SpiritRadioSetDigDiv
                0x00000000080066e8       0x70 Drivers/BSP/Components/spirit1/SPIRIT1_Library/Src/SPIRIT_Radio.o
                0x00000000080066e8                SpiritRadioSetDigDiv
 .text.SpiritRadioGetDigDiv
                0x0000000008006758       0x48 Drivers/BSP/Components/spirit1/SPIRIT1_Library/Src/SPIRIT_Radio.o
                0x0000000008006758                SpiritRadioGetDigDiv
 .text.SpiritRadioGetXtalFrequency
                0x00000000080067a0       0x14 Drivers/BSP/Components/spirit1/SPIRIT1_Library/Src/SPIRIT_Radio.o
                0x00000000080067a0                SpiritRadioGetXtalFrequency
 .text.SpiritRadioSetXtalFrequency
                0x00000000080067b4       0x1c Drivers/BSP/Components/spirit1/SPIRIT1_Library/Src/SPIRIT_Radio.o
                0x00000000080067b4                SpiritRadioSetXtalFrequency
 .text.SpiritTimerSetRxTimeoutMs
                0x00000000080067d0       0x44 Drivers/BSP/Components/spirit1/SPIRIT1_Library/Src/SPIRIT_Timer.o
                0x00000000080067d0                SpiritTimerSetRxTimeoutMs
 .text.SpiritTimerSetRxTimeoutCounter
                0x0000000008006814       0x38 Drivers/BSP/Components/spirit1/SPIRIT1_Library/Src/SPIRIT_Timer.o
                0x0000000008006814                SpiritTimerSetRxTimeoutCounter
 .text.SpiritTimerComputeRxTimeoutValues
                0x000000000800684c      0x2d4 Drivers/BSP/Components/spirit1/SPIRIT1_Library/Src/SPIRIT_Timer.o
                0x000000000800684c                SpiritTimerComputeRxTimeoutValues
 .text.SpiritTimerSetRxTimeoutStopCondition
                0x0000000008006b20       0xac Drivers/BSP/Components/spirit1/SPIRIT1_Library/Src/SPIRIT_Timer.o
                0x0000000008006b20                SpiritTimerSetRxTimeoutStopCondition
 .text.SpiritRefreshStatus
                0x0000000008006bcc       0x54 Drivers/BSP/Components/spirit1/SPIRIT1_Library/Src/SPIRIT_Types.o
                0x0000000008006bcc                SpiritRefreshStatus
 .text.Spirit1InterfaceInit
                0x0000000008006c20       0x46 Drivers/BSP/Components/spirit1/SPIRIT1_Util/Src/SPIRIT1_Util.o
                0x0000000008006c20                Spirit1InterfaceInit
 *fill*         0x0000000008006c66        0x2 
 .text.SpiritManagementIdentificationRFBoard
                0x0000000008006c68       0x50 Drivers/BSP/Components/spirit1/SPIRIT1_Util/Src/SPIRIT1_Util.o
                0x0000000008006c68                SpiritManagementIdentificationRFBoard
 .text.SpiritManagementRangeExtInit
                0x0000000008006cb8       0xe0 Drivers/BSP/Components/spirit1/SPIRIT1_Util/Src/SPIRIT1_Util.o
                0x0000000008006cb8                SpiritManagementRangeExtInit
 .text.SpiritManagementGetRangeExtender
                0x0000000008006d98       0x14 Drivers/BSP/Components/spirit1/SPIRIT1_Util/Src/SPIRIT1_Util.o
                0x0000000008006d98                SpiritManagementGetRangeExtender
 .text.Spirit1GpioIrqInit
                0x0000000008006dac       0x18 Drivers/BSP/Components/spirit1/SPIRIT1_Util/Src/SPIRIT1_Util.o
                0x0000000008006dac                Spirit1GpioIrqInit
 .text.Spirit1RadioInit
                0x0000000008006dc4       0x18 Drivers/BSP/Components/spirit1/SPIRIT1_Util/Src/SPIRIT1_Util.o
                0x0000000008006dc4                Spirit1RadioInit
 .text.Spirit1SetPower
                0x0000000008006ddc       0x2e Drivers/BSP/Components/spirit1/SPIRIT1_Util/Src/SPIRIT1_Util.o
                0x0000000008006ddc                Spirit1SetPower
 .text.Spirit1PacketConfig
                0x0000000008006e0a        0xe Drivers/BSP/Components/spirit1/SPIRIT1_Util/Src/SPIRIT1_Util.o
                0x0000000008006e0a                Spirit1PacketConfig
 .text.Spirit1SetPayloadlength
                0x0000000008006e18       0x20 Drivers/BSP/Components/spirit1/SPIRIT1_Util/Src/SPIRIT1_Util.o
                0x0000000008006e18                Spirit1SetPayloadlength
 .text.Spirit1SetDestinationAddress
                0x0000000008006e38       0x1e Drivers/BSP/Components/spirit1/SPIRIT1_Util/Src/SPIRIT1_Util.o
                0x0000000008006e38                Spirit1SetDestinationAddress
 .text.Spirit1EnableTxIrq
                0x0000000008006e56       0x12 Drivers/BSP/Components/spirit1/SPIRIT1_Util/Src/SPIRIT1_Util.o
                0x0000000008006e56                Spirit1EnableTxIrq
 .text.Spirit1EnableRxIrq
                0x0000000008006e68       0x26 Drivers/BSP/Components/spirit1/SPIRIT1_Util/Src/SPIRIT1_Util.o
                0x0000000008006e68                Spirit1EnableRxIrq
 .text.Spirit1DisableIrq
                0x0000000008006e8e       0x10 Drivers/BSP/Components/spirit1/SPIRIT1_Util/Src/SPIRIT1_Util.o
                0x0000000008006e8e                Spirit1DisableIrq
 .text.Spirit1SetRxTimeout
                0x0000000008006e9e       0x3c Drivers/BSP/Components/spirit1/SPIRIT1_Util/Src/SPIRIT1_Util.o
                0x0000000008006e9e                Spirit1SetRxTimeout
 .text.Spirit1SetRssiTH
                0x0000000008006eda       0x18 Drivers/BSP/Components/spirit1/SPIRIT1_Util/Src/SPIRIT1_Util.o
                0x0000000008006eda                Spirit1SetRssiTH
 .text.Spirit1EnableSQI
                0x0000000008006ef2       0x16 Drivers/BSP/Components/spirit1/SPIRIT1_Util/Src/SPIRIT1_Util.o
                0x0000000008006ef2                Spirit1EnableSQI
 .text.Spirit1StartRx
                0x0000000008006f08       0x2c Drivers/BSP/Components/spirit1/SPIRIT1_Util/Src/SPIRIT1_Util.o
                0x0000000008006f08                Spirit1StartRx
 .text.Spirit1GetRxPacket
                0x0000000008006f34       0x42 Drivers/BSP/Components/spirit1/SPIRIT1_Util/Src/SPIRIT1_Util.o
                0x0000000008006f34                Spirit1GetRxPacket
 *fill*         0x0000000008006f76        0x2 
 .text.Spirit1StartTx
                0x0000000008006f78       0x74 Drivers/BSP/Components/spirit1/SPIRIT1_Util/Src/SPIRIT1_Util.o
                0x0000000008006f78                Spirit1StartTx
 .text.Spirit1ClearIRQ
                0x0000000008006fec        0xe Drivers/BSP/Components/spirit1/SPIRIT1_Util/Src/SPIRIT1_Util.o
                0x0000000008006fec                Spirit1ClearIRQ
 *fill*         0x0000000008006ffa        0x2 
 .text.BSP_LED_Init
                0x0000000008006ffc       0x80 Drivers/BSP/STM32L0xx_Nucleo/stm32l0xx_nucleo.o
                0x0000000008006ffc                BSP_LED_Init
 .text.BSP_LED_Off
                0x000000000800707c       0x2c Drivers/BSP/STM32L0xx_Nucleo/stm32l0xx_nucleo.o
                0x000000000800707c                BSP_LED_Off
 .text.BSP_LED_Toggle
                0x00000000080070a8       0x2c Drivers/BSP/STM32L0xx_Nucleo/stm32l0xx_nucleo.o
                0x00000000080070a8                BSP_LED_Toggle
 .text.RadioGpioInit
                0x00000000080070d4      0x130 Drivers/BSP/X-NUCLEO-IDS01Ax/Src/radio_gpio.o
                0x00000000080070d4                RadioGpioInit
 .text.RadioGpioInterruptCmd
                0x0000000008007204       0x74 Drivers/BSP/X-NUCLEO-IDS01Ax/Src/radio_gpio.o
                0x0000000008007204                RadioGpioInterruptCmd
 .text.RadioGpioSetLevel
                0x0000000008007278       0x40 Drivers/BSP/X-NUCLEO-IDS01Ax/Src/radio_gpio.o
                0x0000000008007278                RadioGpioSetLevel
 .text.RadioEnterShutdown
                0x00000000080072b8       0x12 Drivers/BSP/X-NUCLEO-IDS01Ax/Src/radio_gpio.o
                0x00000000080072b8                RadioEnterShutdown
 *fill*         0x00000000080072ca        0x2 
 .text.RadioExitShutdown
                0x00000000080072cc       0x30 Drivers/BSP/X-NUCLEO-IDS01Ax/Src/radio_gpio.o
                0x00000000080072cc                RadioExitShutdown
 .text.RadioShieldLedInit
                0x00000000080072fc       0x64 Drivers/BSP/X-NUCLEO-IDS01Ax/Src/radio_shield_config.o
                0x00000000080072fc                RadioShieldLedInit
 .text.RadioShieldLedOn
                0x0000000008007360       0x2c Drivers/BSP/X-NUCLEO-IDS01Ax/Src/radio_shield_config.o
                0x0000000008007360                RadioShieldLedOn
 .text.RadioShieldLedOff
                0x000000000800738c       0x2c Drivers/BSP/X-NUCLEO-IDS01Ax/Src/radio_shield_config.o
                0x000000000800738c                RadioShieldLedOff
 .text.RadioShieldLedToggle
                0x00000000080073b8       0x2c Drivers/BSP/X-NUCLEO-IDS01Ax/Src/radio_shield_config.o
                0x00000000080073b8                RadioShieldLedToggle
 .text.RadioSpiInit
                0x00000000080073e4       0x74 Drivers/BSP/X-NUCLEO-IDS01Ax/Src/radio_spi.o
                0x00000000080073e4                RadioSpiInit
 .text.HAL_SPI_MspInit
                0x0000000008007458      0x128 Drivers/BSP/X-NUCLEO-IDS01Ax/Src/radio_spi.o
                0x0000000008007458                HAL_SPI_MspInit
 .text.SPI_Write
                0x0000000008007580       0x58 Drivers/BSP/X-NUCLEO-IDS01Ax/Src/radio_spi.o
 .text.SPI_Error
                0x00000000080075d8       0x1c Drivers/BSP/X-NUCLEO-IDS01Ax/Src/radio_spi.o
 .text.RadioSpiWriteRegisters
                0x00000000080075f4      0x144 Drivers/BSP/X-NUCLEO-IDS01Ax/Src/radio_spi.o
                0x00000000080075f4                RadioSpiWriteRegisters
 .text.RadioSpiReadRegisters
                0x0000000008007738      0x158 Drivers/BSP/X-NUCLEO-IDS01Ax/Src/radio_spi.o
                0x0000000008007738                RadioSpiReadRegisters
 .text.RadioSpiCommandStrobes
                0x0000000008007890      0x118 Drivers/BSP/X-NUCLEO-IDS01Ax/Src/radio_spi.o
                0x0000000008007890                RadioSpiCommandStrobes
 .text.RadioSpiWriteFifo
                0x00000000080079a8      0x13c Drivers/BSP/X-NUCLEO-IDS01Ax/Src/radio_spi.o
                0x00000000080079a8                RadioSpiWriteFifo
 .text.RadioSpiReadFifo
                0x0000000008007ae4      0x148 Drivers/BSP/X-NUCLEO-IDS01Ax/Src/radio_spi.o
                0x0000000008007ae4                RadioSpiReadFifo
 .text.HAL_Init
                0x0000000008007c2c       0x40 Drivers/STM32L0xx_HAL_Driver/Src/stm32l0xx_hal.o
                0x0000000008007c2c                HAL_Init
 .text.HAL_MspInit
                0x0000000008007c6c        0xa Drivers/STM32L0xx_HAL_Driver/Src/stm32l0xx_hal.o
                0x0000000008007c6c                HAL_MspInit
 *fill*         0x0000000008007c76        0x2 
 .text.HAL_InitTick
                0x0000000008007c78       0x54 Drivers/STM32L0xx_HAL_Driver/Src/stm32l0xx_hal.o
                0x0000000008007c78                HAL_InitTick
 .text.HAL_IncTick
                0x0000000008007ccc       0x18 Drivers/STM32L0xx_HAL_Driver/Src/stm32l0xx_hal.o
                0x0000000008007ccc                HAL_IncTick
 .text.HAL_GetTick
                0x0000000008007ce4       0x14 Drivers/STM32L0xx_HAL_Driver/Src/stm32l0xx_hal.o
                0x0000000008007ce4                HAL_GetTick
 .text.HAL_Delay
                0x0000000008007cf8       0x3a Drivers/STM32L0xx_HAL_Driver/Src/stm32l0xx_hal.o
                0x0000000008007cf8                HAL_Delay
 *fill*         0x0000000008007d32        0x2 
 .text.NVIC_EnableIRQ
                0x0000000008007d34       0x2c Drivers/STM32L0xx_HAL_Driver/Src/stm32l0xx_hal_cortex.o
 .text.NVIC_DisableIRQ
                0x0000000008007d60       0x30 Drivers/STM32L0xx_HAL_Driver/Src/stm32l0xx_hal_cortex.o
 .text.NVIC_SetPriority
                0x0000000008007d90       0xdc Drivers/STM32L0xx_HAL_Driver/Src/stm32l0xx_hal_cortex.o
 .text.SysTick_Config
                0x0000000008007e6c       0x48 Drivers/STM32L0xx_HAL_Driver/Src/stm32l0xx_hal_cortex.o
 .text.HAL_NVIC_SetPriority
                0x0000000008007eb4       0x2a Drivers/STM32L0xx_HAL_Driver/Src/stm32l0xx_hal_cortex.o
                0x0000000008007eb4                HAL_NVIC_SetPriority
 .text.HAL_NVIC_EnableIRQ
                0x0000000008007ede       0x20 Drivers/STM32L0xx_HAL_Driver/Src/stm32l0xx_hal_cortex.o
                0x0000000008007ede                HAL_NVIC_EnableIRQ
 .text.HAL_NVIC_DisableIRQ
                0x0000000008007efe       0x20 Drivers/STM32L0xx_HAL_Driver/Src/stm32l0xx_hal_cortex.o
                0x0000000008007efe                HAL_NVIC_DisableIRQ
 .text.HAL_SYSTICK_Config
                0x0000000008007f1e       0x1a Drivers/STM32L0xx_HAL_Driver/Src/stm32l0xx_hal_cortex.o
                0x0000000008007f1e                HAL_SYSTICK_Config
 .text.HAL_GPIO_Init
                0x0000000008007f38      0x2ec Drivers/STM32L0xx_HAL_Driver/Src/stm32l0xx_hal_gpio.o
                0x0000000008007f38                HAL_GPIO_Init
 .text.HAL_GPIO_WritePin
                0x0000000008008224       0x3a Drivers/STM32L0xx_HAL_Driver/Src/stm32l0xx_hal_gpio.o
                0x0000000008008224                HAL_GPIO_WritePin
 .text.HAL_GPIO_TogglePin
                0x000000000800825e       0x24 Drivers/STM32L0xx_HAL_Driver/Src/stm32l0xx_hal_gpio.o
                0x000000000800825e                HAL_GPIO_TogglePin
 *fill*         0x0000000008008282        0x2 
 .text.HAL_GPIO_EXTI_IRQHandler
                0x0000000008008284       0x38 Drivers/STM32L0xx_HAL_Driver/Src/stm32l0xx_hal_gpio.o
                0x0000000008008284                HAL_GPIO_EXTI_IRQHandler
 .text.HAL_RCC_OscConfig
                0x00000000080082bc      0x780 Drivers/STM32L0xx_HAL_Driver/Src/stm32l0xx_hal_rcc.o
                0x00000000080082bc                HAL_RCC_OscConfig
 .text.HAL_RCC_ClockConfig
                0x0000000008008a3c      0x254 Drivers/STM32L0xx_HAL_Driver/Src/stm32l0xx_hal_rcc.o
                0x0000000008008a3c                HAL_RCC_ClockConfig
 .text.HAL_RCC_GetSysClockFreq
                0x0000000008008c90      0x108 Drivers/STM32L0xx_HAL_Driver/Src/stm32l0xx_hal_rcc.o
                0x0000000008008c90                HAL_RCC_GetSysClockFreq
 .text.HAL_RCC_GetHCLKFreq
                0x0000000008008d98       0x14 Drivers/STM32L0xx_HAL_Driver/Src/stm32l0xx_hal_rcc.o
                0x0000000008008d98                HAL_RCC_GetHCLKFreq
 .text.HAL_RCC_GetPCLK1Freq
                0x0000000008008dac       0x2c Drivers/STM32L0xx_HAL_Driver/Src/stm32l0xx_hal_rcc.o
                0x0000000008008dac                HAL_RCC_GetPCLK1Freq
 .text.HAL_RCC_GetPCLK2Freq
                0x0000000008008dd8       0x2c Drivers/STM32L0xx_HAL_Driver/Src/stm32l0xx_hal_rcc.o
                0x0000000008008dd8                HAL_RCC_GetPCLK2Freq
 .text.HAL_RCCEx_PeriphCLKConfig
                0x0000000008008e04      0x2c8 Drivers/STM32L0xx_HAL_Driver/Src/stm32l0xx_hal_rcc_ex.o
                0x0000000008008e04                HAL_RCCEx_PeriphCLKConfig
 .text.HAL_SPI_Init
                0x00000000080090cc       0xd8 Drivers/STM32L0xx_HAL_Driver/Src/stm32l0xx_hal_spi.o
                0x00000000080090cc                HAL_SPI_Init
 .text.HAL_SPI_DeInit
                0x00000000080091a4       0x52 Drivers/STM32L0xx_HAL_Driver/Src/stm32l0xx_hal_spi.o
                0x00000000080091a4                HAL_SPI_DeInit
 .text.HAL_SPI_MspDeInit
                0x00000000080091f6       0x10 Drivers/STM32L0xx_HAL_Driver/Src/stm32l0xx_hal_spi.o
                0x00000000080091f6                HAL_SPI_MspDeInit
 *fill*         0x0000000008009206        0x2 
 .text.HAL_SPI_Transmit
                0x0000000008009208      0x2a0 Drivers/STM32L0xx_HAL_Driver/Src/stm32l0xx_hal_spi.o
                0x0000000008009208                HAL_SPI_Transmit
 .text.HAL_SPI_TransmitReceive
                0x00000000080094a8      0x4f0 Drivers/STM32L0xx_HAL_Driver/Src/stm32l0xx_hal_spi.o
                0x00000000080094a8                HAL_SPI_TransmitReceive
 .text.HAL_SPI_GetState
                0x0000000008009998       0x18 Drivers/STM32L0xx_HAL_Driver/Src/stm32l0xx_hal_spi.o
                0x0000000008009998                HAL_SPI_GetState
 .text.SPI_WaitOnFlagUntilTimeout
                0x00000000080099b0      0x154 Drivers/STM32L0xx_HAL_Driver/Src/stm32l0xx_hal_spi.o
 .text.HAL_TIM_Base_Init
                0x0000000008009b04       0x58 Drivers/STM32L0xx_HAL_Driver/Src/stm32l0xx_hal_tim.o
                0x0000000008009b04                HAL_TIM_Base_Init
 .text.HAL_TIM_Base_MspInit
                0x0000000008009b5c       0x10 Drivers/STM32L0xx_HAL_Driver/Src/stm32l0xx_hal_tim.o
                0x0000000008009b5c                HAL_TIM_Base_MspInit
 .text.HAL_TIM_IRQHandler
                0x0000000008009b6c      0x1d0 Drivers/STM32L0xx_HAL_Driver/Src/stm32l0xx_hal_tim.o
                0x0000000008009b6c                HAL_TIM_IRQHandler
 .text.HAL_TIM_ConfigClockSource
                0x0000000008009d3c      0x17c Drivers/STM32L0xx_HAL_Driver/Src/stm32l0xx_hal_tim.o
                0x0000000008009d3c                HAL_TIM_ConfigClockSource
 .text.HAL_TIM_PeriodElapsedCallback
                0x0000000008009eb8       0x10 Drivers/STM32L0xx_HAL_Driver/Src/stm32l0xx_hal_tim.o
                0x0000000008009eb8                HAL_TIM_PeriodElapsedCallback
 .text.HAL_TIM_OC_DelayElapsedCallback
                0x0000000008009ec8       0x10 Drivers/STM32L0xx_HAL_Driver/Src/stm32l0xx_hal_tim.o
                0x0000000008009ec8                HAL_TIM_OC_DelayElapsedCallback
 .text.HAL_TIM_IC_CaptureCallback
                0x0000000008009ed8       0x10 Drivers/STM32L0xx_HAL_Driver/Src/stm32l0xx_hal_tim.o
                0x0000000008009ed8                HAL_TIM_IC_CaptureCallback
 .text.HAL_TIM_PWM_PulseFinishedCallback
                0x0000000008009ee8       0x10 Drivers/STM32L0xx_HAL_Driver/Src/stm32l0xx_hal_tim.o
                0x0000000008009ee8                HAL_TIM_PWM_PulseFinishedCallback
 .text.HAL_TIM_TriggerCallback
                0x0000000008009ef8       0x10 Drivers/STM32L0xx_HAL_Driver/Src/stm32l0xx_hal_tim.o
                0x0000000008009ef8                HAL_TIM_TriggerCallback
 .text.TIM_Base_SetConfig
                0x0000000008009f08       0xa8 Drivers/STM32L0xx_HAL_Driver/Src/stm32l0xx_hal_tim.o
 .text.TIM_TI1_ConfigInputStage
                0x0000000008009fb0       0x5c Drivers/STM32L0xx_HAL_Driver/Src/stm32l0xx_hal_tim.o
 .text.TIM_TI2_ConfigInputStage
                0x000000000800a00c       0x64 Drivers/STM32L0xx_HAL_Driver/Src/stm32l0xx_hal_tim.o
 .text.TIM_ITRx_SetConfig
                0x000000000800a070       0x32 Drivers/STM32L0xx_HAL_Driver/Src/stm32l0xx_hal_tim.o
 *fill*         0x000000000800a0a2        0x2 
 .text.TIM_ETR_SetConfig
                0x000000000800a0a4       0x40 Drivers/STM32L0xx_HAL_Driver/Src/stm32l0xx_hal_tim.o
 .text.HAL_TIMEx_MasterConfigSynchronization
                0x000000000800a0e4       0x86 Drivers/STM32L0xx_HAL_Driver/Src/stm32l0xx_hal_tim_ex.o
                0x000000000800a0e4                HAL_TIMEx_MasterConfigSynchronization
 *fill*         0x000000000800a16a        0x2 
 .text.HAL_UART_Init
                0x000000000800a16c       0xa8 Drivers/STM32L0xx_HAL_Driver/Src/stm32l0xx_hal_uart.o
                0x000000000800a16c                HAL_UART_Init
 .text.HAL_UART_MspInit
                0x000000000800a214       0x10 Drivers/STM32L0xx_HAL_Driver/Src/stm32l0xx_hal_uart.o
                0x000000000800a214                HAL_UART_MspInit
 .text.UART_SetConfig
                0x000000000800a224      0x630 Drivers/STM32L0xx_HAL_Driver/Src/stm32l0xx_hal_uart.o
                0x000000000800a224                UART_SetConfig
 .text.UART_AdvFeatureConfig
                0x000000000800a854      0x168 Drivers/STM32L0xx_HAL_Driver/Src/stm32l0xx_hal_uart.o
                0x000000000800a854                UART_AdvFeatureConfig
 .text.UART_CheckIdleState
                0x000000000800a9bc       0x8c Drivers/STM32L0xx_HAL_Driver/Src/stm32l0xx_hal_uart.o
                0x000000000800a9bc                UART_CheckIdleState
 .text.UART_WaitOnFlagUntilTimeout
                0x000000000800aa48       0x94 Drivers/STM32L0xx_HAL_Driver/Src/stm32l0xx_hal_uart.o
                0x000000000800aa48                UART_WaitOnFlagUntilTimeout
 .text.__errno  0x000000000800aadc        0xc d:/st/stm32cubeide_1.3.0/stm32cubeide/plugins/com.st.stm32cube.ide.mcu.externaltools.gnu-tools-for-stm32.7-2018-q2-update.win32_1.0.0.201904181610/tools/bin/../lib/gcc/arm-none-eabi/7.3.1/../../../../arm-none-eabi/lib/thumb/v6-m\libc_nano.a(lib_a-errno.o)
                0x000000000800aadc                __errno
 .text.__libc_init_array
                0x000000000800aae8       0x48 d:/st/stm32cubeide_1.3.0/stm32cubeide/plugins/com.st.stm32cube.ide.mcu.externaltools.gnu-tools-for-stm32.7-2018-q2-update.win32_1.0.0.201904181610/tools/bin/../lib/gcc/arm-none-eabi/7.3.1/../../../../arm-none-eabi/lib/thumb/v6-m\libc_nano.a(lib_a-init.o)
                0x000000000800aae8                __libc_init_array
 .text.malloc   0x000000000800ab30       0x14 d:/st/stm32cubeide_1.3.0/stm32cubeide/plugins/com.st.stm32cube.ide.mcu.externaltools.gnu-tools-for-stm32.7-2018-q2-update.win32_1.0.0.201904181610/tools/bin/../lib/gcc/arm-none-eabi/7.3.1/../../../../arm-none-eabi/lib/thumb/v6-m\libc_nano.a(lib_a-malloc.o)
                0x000000000800ab30                malloc
 .text.memcpy   0x000000000800ab44       0x12 d:/st/stm32cubeide_1.3.0/stm32cubeide/plugins/com.st.stm32cube.ide.mcu.externaltools.gnu-tools-for-stm32.7-2018-q2-update.win32_1.0.0.201904181610/tools/bin/../lib/gcc/arm-none-eabi/7.3.1/../../../../arm-none-eabi/lib/thumb/v6-m\libc_nano.a(lib_a-memcpy-stub.o)
                0x000000000800ab44                memcpy
 .text.memset   0x000000000800ab56       0x10 d:/st/stm32cubeide_1.3.0/stm32cubeide/plugins/com.st.stm32cube.ide.mcu.externaltools.gnu-tools-for-stm32.7-2018-q2-update.win32_1.0.0.201904181610/tools/bin/../lib/gcc/arm-none-eabi/7.3.1/../../../../arm-none-eabi/lib/thumb/v6-m\libc_nano.a(lib_a-memset.o)
                0x000000000800ab56                memset
 *fill*         0x000000000800ab66        0x2 
 .text._malloc_r
                0x000000000800ab68       0xbc d:/st/stm32cubeide_1.3.0/stm32cubeide/plugins/com.st.stm32cube.ide.mcu.externaltools.gnu-tools-for-stm32.7-2018-q2-update.win32_1.0.0.201904181610/tools/bin/../lib/gcc/arm-none-eabi/7.3.1/../../../../arm-none-eabi/lib/thumb/v6-m\libc_nano.a(lib_a-nano-mallocr.o)
                0x000000000800ab68                _malloc_r
 .text._sbrk_r  0x000000000800ac24       0x24 d:/st/stm32cubeide_1.3.0/stm32cubeide/plugins/com.st.stm32cube.ide.mcu.externaltools.gnu-tools-for-stm32.7-2018-q2-update.win32_1.0.0.201904181610/tools/bin/../lib/gcc/arm-none-eabi/7.3.1/../../../../arm-none-eabi/lib/thumb/v6-m\libc_nano.a(lib_a-sbrkr.o)
                0x000000000800ac24                _sbrk_r
 .text.__malloc_lock
                0x000000000800ac48        0x2 d:/st/stm32cubeide_1.3.0/stm32cubeide/plugins/com.st.stm32cube.ide.mcu.externaltools.gnu-tools-for-stm32.7-2018-q2-update.win32_1.0.0.201904181610/tools/bin/../lib/gcc/arm-none-eabi/7.3.1/../../../../arm-none-eabi/lib/thumb/v6-m\libc_nano.a(lib_a-mlock.o)
                0x000000000800ac48                __malloc_lock
 .text.__malloc_unlock
                0x000000000800ac4a        0x2 d:/st/stm32cubeide_1.3.0/stm32cubeide/plugins/com.st.stm32cube.ide.mcu.externaltools.gnu-tools-for-stm32.7-2018-q2-update.win32_1.0.0.201904181610/tools/bin/../lib/gcc/arm-none-eabi/7.3.1/../../../../arm-none-eabi/lib/thumb/v6-m\libc_nano.a(lib_a-mlock.o)
                0x000000000800ac4a                __malloc_unlock
 .text.round    0x000000000800ac4c       0x94 d:/st/stm32cubeide_1.3.0/stm32cubeide/plugins/com.st.stm32cube.ide.mcu.externaltools.gnu-tools-for-stm32.7-2018-q2-update.win32_1.0.0.201904181610/tools/bin/../lib/gcc/arm-none-eabi/7.3.1/../../../../arm-none-eabi/lib/thumb/v6-m\libm.a(lib_a-s_round.o)
                0x000000000800ac4c                round
 *(.glue_7)
 .glue_7        0x000000000800ace0        0x0 linker stubs
 *(.glue_7t)
 .glue_7t       0x000000000800ace0        0x0 linker stubs
 *(.eh_frame)
 .eh_frame      0x000000000800ace0        0x0 d:/st/stm32cubeide_1.3.0/stm32cubeide/plugins/com.st.stm32cube.ide.mcu.externaltools.gnu-tools-for-stm32.7-2018-q2-update.win32_1.0.0.201904181610/tools/bin/../lib/gcc/arm-none-eabi/7.3.1/thumb/v6-m/crtbegin.o
 *(.init)
 .init          0x000000000800ace0        0x4 d:/st/stm32cubeide_1.3.0/stm32cubeide/plugins/com.st.stm32cube.ide.mcu.externaltools.gnu-tools-for-stm32.7-2018-q2-update.win32_1.0.0.201904181610/tools/bin/../lib/gcc/arm-none-eabi/7.3.1/thumb/v6-m/crti.o
                0x000000000800ace0                _init
 .init          0x000000000800ace4        0x8 d:/st/stm32cubeide_1.3.0/stm32cubeide/plugins/com.st.stm32cube.ide.mcu.externaltools.gnu-tools-for-stm32.7-2018-q2-update.win32_1.0.0.201904181610/tools/bin/../lib/gcc/arm-none-eabi/7.3.1/thumb/v6-m/crtn.o
 *(.fini)
 .fini          0x000000000800acec        0x4 d:/st/stm32cubeide_1.3.0/stm32cubeide/plugins/com.st.stm32cube.ide.mcu.externaltools.gnu-tools-for-stm32.7-2018-q2-update.win32_1.0.0.201904181610/tools/bin/../lib/gcc/arm-none-eabi/7.3.1/thumb/v6-m/crti.o
                0x000000000800acec                _fini
 .fini          0x000000000800acf0        0x8 d:/st/stm32cubeide_1.3.0/stm32cubeide/plugins/com.st.stm32cube.ide.mcu.externaltools.gnu-tools-for-stm32.7-2018-q2-update.win32_1.0.0.201904181610/tools/bin/../lib/gcc/arm-none-eabi/7.3.1/thumb/v6-m/crtn.o
                0x000000000800acf8                . = ALIGN (0x4)
                0x000000000800acf8                _etext = .

.vfp11_veneer   0x000000000800acf8        0x0
 .vfp11_veneer  0x000000000800acf8        0x0 linker stubs

.v4_bx          0x000000000800acf8        0x0
 .v4_bx         0x000000000800acf8        0x0 linker stubs

.iplt           0x000000000800acf8        0x0
 .iplt          0x000000000800acf8        0x0 d:/st/stm32cubeide_1.3.0/stm32cubeide/plugins/com.st.stm32cube.ide.mcu.externaltools.gnu-tools-for-stm32.7-2018-q2-update.win32_1.0.0.201904181610/tools/bin/../lib/gcc/arm-none-eabi/7.3.1/thumb/v6-m/crtbegin.o

.rodata         0x000000000800acf8      0x364
                0x000000000800acf8                . = ALIGN (0x4)
 *(.rodata)
 .rodata        0x000000000800acf8       0x13 Drivers/BSP/Components/spirit1/SPIRIT1_Util/Src/SPIRIT1_Util.o
 *fill*         0x000000000800ad0b        0x1 
 .rodata        0x000000000800ad0c       0x80 d:/st/stm32cubeide_1.3.0/stm32cubeide/plugins/com.st.stm32cube.ide.mcu.externaltools.gnu-tools-for-stm32.7-2018-q2-update.win32_1.0.0.201904181610/tools/bin/../lib/gcc/arm-none-eabi/7.3.1/thumb/v6-m\libgcc.a(divsf3.o)
 .rodata        0x000000000800ad8c       0x40 d:/st/stm32cubeide_1.3.0/stm32cubeide/plugins/com.st.stm32cube.ide.mcu.externaltools.gnu-tools-for-stm32.7-2018-q2-update.win32_1.0.0.201904181610/tools/bin/../lib/gcc/arm-none-eabi/7.3.1/thumb/v6-m\libgcc.a(mulsf3.o)
 .rodata        0x000000000800adcc       0x40 d:/st/stm32cubeide_1.3.0/stm32cubeide/plugins/com.st.stm32cube.ide.mcu.externaltools.gnu-tools-for-stm32.7-2018-q2-update.win32_1.0.0.201904181610/tools/bin/../lib/gcc/arm-none-eabi/7.3.1/thumb/v6-m\libgcc.a(divdf3.o)
 .rodata        0x000000000800ae0c       0x40 d:/st/stm32cubeide_1.3.0/stm32cubeide/plugins/com.st.stm32cube.ide.mcu.externaltools.gnu-tools-for-stm32.7-2018-q2-update.win32_1.0.0.201904181610/tools/bin/../lib/gcc/arm-none-eabi/7.3.1/thumb/v6-m\libgcc.a(muldf3.o)
 *(.rodata*)
 .rodata.AHBPrescTable
                0x000000000800ae4c       0x10 Core/Src/system_stm32l0xx.o
                0x000000000800ae4c                AHBPrescTable
 .rodata.APBPrescTable
                0x000000000800ae5c        0x8 Core/Src/system_stm32l0xx.o
                0x000000000800ae5c                APBPrescTable
 .rodata.PLLMulTable
                0x000000000800ae64        0x9 Core/Src/system_stm32l0xx.o
                0x000000000800ae64                PLLMulTable
 *fill*         0x000000000800ae6d        0x3 
 .rodata.s_vectcBandRegValue
                0x000000000800ae70        0x4 Drivers/BSP/Components/spirit1/SPIRIT1_Library/Src/SPIRIT_Management.o
 .rodata.s_vectcBHalfFactor
                0x000000000800ae74        0x4 Drivers/BSP/Components/spirit1/SPIRIT1_Library/Src/SPIRIT_Management.o
 .rodata.s_vectcBHalfFactor
                0x000000000800ae78        0x4 Drivers/BSP/Components/spirit1/SPIRIT1_Library/Src/SPIRIT_Radio.o
 .rodata.s_vectcBandRegValue
                0x000000000800ae7c        0x4 Drivers/BSP/Components/spirit1/SPIRIT1_Library/Src/SPIRIT_Radio.o
 .rodata.s_vectnBandwidth26M
                0x000000000800ae80       0xb4 Drivers/BSP/Components/spirit1/SPIRIT1_Library/Src/SPIRIT_Radio.o
 .rodata.s_vectnVCOFreq
                0x000000000800af34       0x20 Drivers/BSP/Components/spirit1/SPIRIT1_Library/Src/SPIRIT_Radio.o
 .rodata.fPowerFactors
                0x000000000800af54       0x78 Drivers/BSP/Components/spirit1/SPIRIT1_Library/Src/SPIRIT_Radio.o
 .rodata.aRADIO_GPIO_PIN
                0x000000000800afcc        0xa Drivers/BSP/X-NUCLEO-IDS01Ax/Src/radio_gpio.o
 *fill*         0x000000000800afd6        0x2 
 .rodata.aRADIO_GPIO_SPEED
                0x000000000800afd8       0x14 Drivers/BSP/X-NUCLEO-IDS01Ax/Src/radio_gpio.o
 .rodata.aRADIO_GPIO_PUPD
                0x000000000800afec       0x14 Drivers/BSP/X-NUCLEO-IDS01Ax/Src/radio_gpio.o
 .rodata.aRADIO_GPIO_EXTI_MODE
                0x000000000800b000       0x10 Drivers/BSP/X-NUCLEO-IDS01Ax/Src/radio_gpio.o
 .rodata.aRADIO_GPIO_IRQn
                0x000000000800b010        0x4 Drivers/BSP/X-NUCLEO-IDS01Ax/Src/radio_gpio.o
 .rodata.UART_SetConfig
                0x000000000800b014       0x48 Drivers/STM32L0xx_HAL_Driver/Src/stm32l0xx_hal_uart.o
                0x000000000800b05c                . = ALIGN (0x4)

.ARM.extab      0x000000000800b05c        0x0
                0x000000000800b05c                . = ALIGN (0x4)
 *(.ARM.extab* .gnu.linkonce.armextab.*)
                0x000000000800b05c                . = ALIGN (0x4)

.ARM            0x000000000800b05c        0x8
                0x000000000800b05c                . = ALIGN (0x4)
                0x000000000800b05c                __exidx_start = .
 *(.ARM.exidx*)
 .ARM.exidx     0x000000000800b05c        0x8 d:/st/stm32cubeide_1.3.0/stm32cubeide/plugins/com.st.stm32cube.ide.mcu.externaltools.gnu-tools-for-stm32.7-2018-q2-update.win32_1.0.0.201904181610/tools/bin/../lib/gcc/arm-none-eabi/7.3.1/thumb/v6-m\libgcc.a(_udivmoddi4.o)
                0x000000000800b064                __exidx_end = .
                0x000000000800b064                . = ALIGN (0x4)

.rel.dyn        0x000000000800b064        0x0
 .rel.iplt      0x000000000800b064        0x0 d:/st/stm32cubeide_1.3.0/stm32cubeide/plugins/com.st.stm32cube.ide.mcu.externaltools.gnu-tools-for-stm32.7-2018-q2-update.win32_1.0.0.201904181610/tools/bin/../lib/gcc/arm-none-eabi/7.3.1/thumb/v6-m/crtbegin.o

.preinit_array  0x000000000800b064        0x0
                0x000000000800b064                . = ALIGN (0x4)
                0x000000000800b064                PROVIDE (__preinit_array_start = .)
 *(.preinit_array*)
                0x000000000800b064                PROVIDE (__preinit_array_end = .)
                0x000000000800b064                . = ALIGN (0x4)

.init_array     0x000000000800b064        0x4
                0x000000000800b064                . = ALIGN (0x4)
                0x000000000800b064                PROVIDE (__init_array_start = .)
 *(SORT_BY_NAME(.init_array.*))
 *(.init_array*)
 .init_array    0x000000000800b064        0x4 d:/st/stm32cubeide_1.3.0/stm32cubeide/plugins/com.st.stm32cube.ide.mcu.externaltools.gnu-tools-for-stm32.7-2018-q2-update.win32_1.0.0.201904181610/tools/bin/../lib/gcc/arm-none-eabi/7.3.1/thumb/v6-m/crtbegin.o
                0x000000000800b068                PROVIDE (__init_array_end = .)
                0x000000000800b068                . = ALIGN (0x4)

.fini_array     0x000000000800b068        0x4
                0x000000000800b068                . = ALIGN (0x4)
                [!provide]                        PROVIDE (__fini_array_start = .)
 *(SORT_BY_NAME(.fini_array.*))
 *(.fini_array*)
 .fini_array    0x000000000800b068        0x4 d:/st/stm32cubeide_1.3.0/stm32cubeide/plugins/com.st.stm32cube.ide.mcu.externaltools.gnu-tools-for-stm32.7-2018-q2-update.win32_1.0.0.201904181610/tools/bin/../lib/gcc/arm-none-eabi/7.3.1/thumb/v6-m/crtbegin.o
                [!provide]                        PROVIDE (__fini_array_end = .)
                0x000000000800b06c                . = ALIGN (0x4)
                0x000000000800b06c                _sidata = LOADADDR (.data)

.data           0x0000000020000000      0x208 load address 0x000000000800b06c
                0x0000000020000000                . = ALIGN (0x4)
                0x0000000020000000                _sdata = .
 *(.data)
 *(.data*)
 .data.radio_cb
                0x0000000020000000       0x44 Core/Src/radio_appli.o
                0x0000000020000000                radio_cb
 .data.xGpioIRQ
                0x0000000020000044        0x3 Core/Src/radio_appli.o
                0x0000000020000044                xGpioIRQ
 *fill*         0x0000000020000047        0x1 
 .data.xRadioInit
                0x0000000020000048       0x1c Core/Src/radio_appli.o
                0x0000000020000048                xRadioInit
 .data.xBasicInit
                0x0000000020000064       0x10 Core/Src/radio_appli.o
                0x0000000020000064                xBasicInit
 .data.xAddressInit
                0x0000000020000074        0x6 Core/Src/radio_appli.o
                0x0000000020000074                xAddressInit
 *fill*         0x000000002000007a        0x2 
 .data.xCsmaInit
                0x000000002000007c        0x8 Core/Src/radio_appli.o
                0x000000002000007c                xCsmaInit
 .data.TxLength
                0x0000000020000084        0x1 Core/Src/radio_appli.o
                0x0000000020000084                TxLength
 *fill*         0x0000000020000085        0x3 
 .data.aTransmitBuffer
                0x0000000020000088       0x14 Core/Src/radio_appli.o
                0x0000000020000088                aTransmitBuffer
 .data.radio_states
                0x000000002000009c       0xe0 Core/Src/radio_appli.o
 .data.SystemCoreClock
                0x000000002000017c        0x4 Core/Src/system_stm32l0xx.o
                0x000000002000017c                SystemCoreClock
 .data.s_cCommunicationState
                0x0000000020000180        0x1 Drivers/BSP/Components/spirit1/SPIRIT1_Library/Src/SPIRIT_Management.o
 .data.xDoVcoCalibrationWA
                0x0000000020000181        0x1 Drivers/BSP/Components/spirit1/SPIRIT1_Library/Src/SPIRIT_Radio.o
 *fill*         0x0000000020000182        0x2 
 .data.LED_PORT
                0x0000000020000184        0x4 Drivers/BSP/STM32L0xx_Nucleo/stm32l0xx_nucleo.o
                0x0000000020000184                LED_PORT
 .data.aRADIO_GPIO_PORT
                0x0000000020000188       0x14 Drivers/BSP/X-NUCLEO-IDS01Ax/Src/radio_gpio.o
                0x0000000020000188                aRADIO_GPIO_PORT
 .data.aLED_GPIO_PORT
                0x000000002000019c        0x4 Drivers/BSP/X-NUCLEO-IDS01Ax/Src/radio_shield_config.o
                0x000000002000019c                aLED_GPIO_PORT
 .data.SpiTimeout
                0x00000000200001a0        0x4 Drivers/BSP/X-NUCLEO-IDS01Ax/Src/radio_spi.o
                0x00000000200001a0                SpiTimeout
 .data._impure_ptr
                0x00000000200001a4        0x4 d:/st/stm32cubeide_1.3.0/stm32cubeide/plugins/com.st.stm32cube.ide.mcu.externaltools.gnu-tools-for-stm32.7-2018-q2-update.win32_1.0.0.201904181610/tools/bin/../lib/gcc/arm-none-eabi/7.3.1/../../../../arm-none-eabi/lib/thumb/v6-m\libc_nano.a(lib_a-impure.o)
                0x00000000200001a4                _impure_ptr
 .data.impure_data
                0x00000000200001a8       0x60 d:/st/stm32cubeide_1.3.0/stm32cubeide/plugins/com.st.stm32cube.ide.mcu.externaltools.gnu-tools-for-stm32.7-2018-q2-update.win32_1.0.0.201904181610/tools/bin/../lib/gcc/arm-none-eabi/7.3.1/../../../../arm-none-eabi/lib/thumb/v6-m\libc_nano.a(lib_a-impure.o)
                0x0000000020000208                . = ALIGN (0x4)
                0x0000000020000208                _edata = .

.igot.plt       0x0000000020000208        0x0 load address 0x000000000800b274
 .igot.plt      0x0000000020000208        0x0 d:/st/stm32cubeide_1.3.0/stm32cubeide/plugins/com.st.stm32cube.ide.mcu.externaltools.gnu-tools-for-stm32.7-2018-q2-update.win32_1.0.0.201904181610/tools/bin/../lib/gcc/arm-none-eabi/7.3.1/thumb/v6-m/crtbegin.o
                0x0000000020000208                . = ALIGN (0x4)

.bss            0x0000000020000208      0x2b4 load address 0x000000000800b274
                0x0000000020000208                _sbss = .
                0x0000000020000208                __bss_start__ = _sbss
 *(.bss)
 .bss           0x0000000020000208       0x1c d:/st/stm32cubeide_1.3.0/stm32cubeide/plugins/com.st.stm32cube.ide.mcu.externaltools.gnu-tools-for-stm32.7-2018-q2-update.win32_1.0.0.201904181610/tools/bin/../lib/gcc/arm-none-eabi/7.3.1/thumb/v6-m/crtbegin.o
 *(.bss*)
 .bss.RxLength  0x0000000020000224        0x1 Core/Src/radio_appli.o
                0x0000000020000224                RxLength
 *fill*         0x0000000020000225        0x3 
 .bss.aReceiveBuffer
                0x0000000020000228       0x60 Core/Src/radio_appli.o
                0x0000000020000228                aReceiveBuffer
 .bss.xRxDoneFlag
                0x0000000020000288        0x1 Core/Src/radio_appli.o
                0x0000000020000288                xRxDoneFlag
 .bss.xTxDoneFlag
                0x0000000020000289        0x1 Core/Src/radio_appli.o
                0x0000000020000289                xTxDoneFlag
 .bss.rx_timeout
                0x000000002000028a        0x1 Core/Src/radio_appli.o
                0x000000002000028a                rx_timeout
 .bss.exitTime  0x000000002000028b        0x1 Core/Src/radio_appli.o
                0x000000002000028b                exitTime
 .bss.tx_value  0x000000002000028c        0x1 Core/Src/radio_appli.o
                0x000000002000028c                tx_value
 *fill*         0x000000002000028d        0x3 
 .bss.xTxFrame  0x0000000020000290        0xc Core/Src/radio_appli.o
 .bss.xRxFrame  0x000000002000029c        0xc Core/Src/radio_appli.o
 .bss.TxFrameBuff
                0x00000000200002a8       0x60 Core/Src/radio_appli.o
                0x00000000200002a8                TxFrameBuff
 .bss.exitCounter
                0x0000000020000308        0x2 Core/Src/radio_appli.o
                0x0000000020000308                exitCounter
 .bss.txCounter
                0x000000002000030a        0x2 Core/Src/radio_appli.o
                0x000000002000030a                txCounter
 .bss.temp_DataBuff
                0x000000002000030c        0x1 Core/Src/radio_appli.o
                0x000000002000030c                temp_DataBuff
 *fill*         0x000000002000030d        0x3 
 .bss.heap_end.5149
                0x0000000020000310        0x4 Core/Src/sysmem.o
 .bss.s_nDesiredFrequency
                0x0000000020000314        0x4 Drivers/BSP/Components/spirit1/SPIRIT1_Library/Src/SPIRIT_Management.o
 .bss.s_lXtalFrequency
                0x0000000020000318        0x4 Drivers/BSP/Components/spirit1/SPIRIT1_Library/Src/SPIRIT_Radio.o
 .bss.xRangeExtType
                0x000000002000031c        0x1 Drivers/BSP/Components/spirit1/SPIRIT1_Util/Src/SPIRIT1_Util.o
 *fill*         0x000000002000031d        0x3 
 .bss.__malloc_free_list
                0x0000000020000320        0x4 d:/st/stm32cubeide_1.3.0/stm32cubeide/plugins/com.st.stm32cube.ide.mcu.externaltools.gnu-tools-for-stm32.7-2018-q2-update.win32_1.0.0.201904181610/tools/bin/../lib/gcc/arm-none-eabi/7.3.1/../../../../arm-none-eabi/lib/thumb/v6-m\libc_nano.a(lib_a-nano-mallocr.o)
                0x0000000020000320                __malloc_free_list
 .bss.__malloc_sbrk_start
                0x0000000020000324        0x4 d:/st/stm32cubeide_1.3.0/stm32cubeide/plugins/com.st.stm32cube.ide.mcu.externaltools.gnu-tools-for-stm32.7-2018-q2-update.win32_1.0.0.201904181610/tools/bin/../lib/gcc/arm-none-eabi/7.3.1/../../../../arm-none-eabi/lib/thumb/v6-m\libc_nano.a(lib_a-nano-mallocr.o)
                0x0000000020000324                __malloc_sbrk_start
 *(COMMON)
 COMMON         0x0000000020000328      0x114 Core/Src/main.o
                0x0000000020000328                hspi1
                0x0000000020000380                htim2
                0x00000000200003bc                huart2
 COMMON         0x000000002000043c       0x19 Core/Src/radio_appli.o
                0x000000002000043c                xIrqStatus
                0x0000000020000440                pMCU_LPM_Comm
                0x0000000020000444                dest_addr
                0x0000000020000445                DestinationAddr
                0x0000000020000446                ACK_Process
                0x0000000020000448                pRadio_LPM_Comm
                0x000000002000044c                pRadioDriver
                0x0000000020000450                radio_fsm
                0x0000000020000454                IDLE_Process
 *fill*         0x0000000020000455        0x3 
 COMMON         0x0000000020000458        0x2 Drivers/BSP/Components/spirit1/SPIRIT1_Library/Src/SPIRIT_Types.o
                0x0000000020000458                g_xStatus
 *fill*         0x000000002000045a        0x2 
 COMMON         0x000000002000045c       0x58 Drivers/BSP/X-NUCLEO-IDS01Ax/Src/radio_spi.o
                0x000000002000045c                pSpiHandle
 COMMON         0x00000000200004b4        0x4 Drivers/STM32L0xx_HAL_Driver/Src/stm32l0xx_hal.o
                0x00000000200004b4                uwTick
 COMMON         0x00000000200004b8        0x4 d:/st/stm32cubeide_1.3.0/stm32cubeide/plugins/com.st.stm32cube.ide.mcu.externaltools.gnu-tools-for-stm32.7-2018-q2-update.win32_1.0.0.201904181610/tools/bin/../lib/gcc/arm-none-eabi/7.3.1/../../../../arm-none-eabi/lib/thumb/v6-m\libc_nano.a(lib_a-reent.o)
                0x00000000200004b8                errno
                0x00000000200004bc                . = ALIGN (0x4)
                0x00000000200004bc                _ebss = .
                0x00000000200004bc                __bss_end__ = _ebss

._user_heap_stack
                0x00000000200004bc      0x604 load address 0x000000000800b274
                0x00000000200004c0                . = ALIGN (0x8)
 *fill*         0x00000000200004bc        0x4 
                0x00000000200004c0                PROVIDE (end = .)
                [!provide]                        PROVIDE (_end = .)
                0x00000000200006c0                . = (. + _Min_Heap_Size)
 *fill*         0x00000000200004c0      0x200 
                0x0000000020000ac0                . = (. + _Min_Stack_Size)
 *fill*         0x00000000200006c0      0x400 
                0x0000000020000ac0                . = ALIGN (0x8)

/DISCARD/
 libc.a(*)
 libm.a(*)
 libgcc.a(*)

.ARM.attributes
                0x0000000000000000       0x28
 *(.ARM.attributes)
 .ARM.attributes
                0x0000000000000000       0x1e d:/st/stm32cubeide_1.3.0/stm32cubeide/plugins/com.st.stm32cube.ide.mcu.externaltools.gnu-tools-for-stm32.7-2018-q2-update.win32_1.0.0.201904181610/tools/bin/../lib/gcc/arm-none-eabi/7.3.1/thumb/v6-m/crti.o
 .ARM.attributes
                0x000000000000001e       0x2c d:/st/stm32cubeide_1.3.0/stm32cubeide/plugins/com.st.stm32cube.ide.mcu.externaltools.gnu-tools-for-stm32.7-2018-q2-update.win32_1.0.0.201904181610/tools/bin/../lib/gcc/arm-none-eabi/7.3.1/thumb/v6-m/crtbegin.o
 .ARM.attributes
                0x000000000000004a       0x32 Core/Src/fsm.o
 .ARM.attributes
                0x000000000000007c       0x32 Core/Src/main.o
 .ARM.attributes
                0x00000000000000ae       0x32 Core/Src/radio_appli.o
 .ARM.attributes
                0x00000000000000e0       0x32 Core/Src/stm32l0xx_it.o
 .ARM.attributes
                0x0000000000000112       0x32 Core/Src/sysmem.o
 .ARM.attributes
                0x0000000000000144       0x32 Core/Src/system_stm32l0xx.o
 .ARM.attributes
                0x0000000000000176       0x22 Core/Startup/startup_stm32l053r8tx.o
 .ARM.attributes
                0x0000000000000198       0x32 Drivers/BSP/Components/spirit1/SPIRIT1_Library/Src/SPIRIT_Calibration.o
 .ARM.attributes
                0x00000000000001ca       0x32 Drivers/BSP/Components/spirit1/SPIRIT1_Library/Src/SPIRIT_Commands.o
 .ARM.attributes
                0x00000000000001fc       0x32 Drivers/BSP/Components/spirit1/SPIRIT1_Library/Src/SPIRIT_Csma.o
 .ARM.attributes
                0x000000000000022e       0x32 Drivers/BSP/Components/spirit1/SPIRIT1_Library/Src/SPIRIT_General.o
 .ARM.attributes
                0x0000000000000260       0x32 Drivers/BSP/Components/spirit1/SPIRIT1_Library/Src/SPIRIT_Gpio.o
 .ARM.attributes
                0x0000000000000292       0x32 Drivers/BSP/Components/spirit1/SPIRIT1_Library/Src/SPIRIT_Irq.o
 .ARM.attributes
                0x00000000000002c4       0x32 Drivers/BSP/Components/spirit1/SPIRIT1_Library/Src/SPIRIT_LinearFifo.o
 .ARM.attributes
                0x00000000000002f6       0x32 Drivers/BSP/Components/spirit1/SPIRIT1_Library/Src/SPIRIT_Management.o
 .ARM.attributes
                0x0000000000000328       0x32 Drivers/BSP/Components/spirit1/SPIRIT1_Library/Src/SPIRIT_PktBasic.o
 .ARM.attributes
                0x000000000000035a       0x32 Drivers/BSP/Components/spirit1/SPIRIT1_Library/Src/SPIRIT_PktCommon.o
 .ARM.attributes
                0x000000000000038c       0x32 Drivers/BSP/Components/spirit1/SPIRIT1_Library/Src/SPIRIT_Qi.o
 .ARM.attributes
                0x00000000000003be       0x32 Drivers/BSP/Components/spirit1/SPIRIT1_Library/Src/SPIRIT_Radio.o
 .ARM.attributes
                0x00000000000003f0       0x32 Drivers/BSP/Components/spirit1/SPIRIT1_Library/Src/SPIRIT_Timer.o
 .ARM.attributes
                0x0000000000000422       0x32 Drivers/BSP/Components/spirit1/SPIRIT1_Library/Src/SPIRIT_Types.o
 .ARM.attributes
                0x0000000000000454       0x32 Drivers/BSP/Components/spirit1/SPIRIT1_Util/Src/SPIRIT1_Util.o
 .ARM.attributes
                0x0000000000000486       0x32 Drivers/BSP/STM32L0xx_Nucleo/stm32l0xx_nucleo.o
 .ARM.attributes
                0x00000000000004b8       0x32 Drivers/BSP/X-NUCLEO-IDS01Ax/Src/radio_gpio.o
 .ARM.attributes
                0x00000000000004ea       0x32 Drivers/BSP/X-NUCLEO-IDS01Ax/Src/radio_shield_config.o
 .ARM.attributes
                0x000000000000051c       0x32 Drivers/BSP/X-NUCLEO-IDS01Ax/Src/radio_spi.o
 .ARM.attributes
                0x000000000000054e       0x32 Drivers/STM32L0xx_HAL_Driver/Src/stm32l0xx_hal.o
 .ARM.attributes
                0x0000000000000580       0x32 Drivers/STM32L0xx_HAL_Driver/Src/stm32l0xx_hal_cortex.o
 .ARM.attributes
                0x00000000000005b2       0x32 Drivers/STM32L0xx_HAL_Driver/Src/stm32l0xx_hal_gpio.o
 .ARM.attributes
                0x00000000000005e4       0x32 Drivers/STM32L0xx_HAL_Driver/Src/stm32l0xx_hal_rcc.o
 .ARM.attributes
                0x0000000000000616       0x32 Drivers/STM32L0xx_HAL_Driver/Src/stm32l0xx_hal_rcc_ex.o
 .ARM.attributes
                0x0000000000000648       0x32 Drivers/STM32L0xx_HAL_Driver/Src/stm32l0xx_hal_spi.o
 .ARM.attributes
                0x000000000000067a       0x32 Drivers/STM32L0xx_HAL_Driver/Src/stm32l0xx_hal_tim.o
 .ARM.attributes
                0x00000000000006ac       0x32 Drivers/STM32L0xx_HAL_Driver/Src/stm32l0xx_hal_tim_ex.o
 .ARM.attributes
                0x00000000000006de       0x32 Drivers/STM32L0xx_HAL_Driver/Src/stm32l0xx_hal_uart.o
 .ARM.attributes
                0x0000000000000710       0x2c d:/st/stm32cubeide_1.3.0/stm32cubeide/plugins/com.st.stm32cube.ide.mcu.externaltools.gnu-tools-for-stm32.7-2018-q2-update.win32_1.0.0.201904181610/tools/bin/../lib/gcc/arm-none-eabi/7.3.1/../../../../arm-none-eabi/lib/thumb/v6-m\libc_nano.a(lib_a-errno.o)
 .ARM.attributes
                0x000000000000073c       0x2c d:/st/stm32cubeide_1.3.0/stm32cubeide/plugins/com.st.stm32cube.ide.mcu.externaltools.gnu-tools-for-stm32.7-2018-q2-update.win32_1.0.0.201904181610/tools/bin/../lib/gcc/arm-none-eabi/7.3.1/../../../../arm-none-eabi/lib/thumb/v6-m\libc_nano.a(lib_a-impure.o)
 .ARM.attributes
                0x0000000000000768       0x2c d:/st/stm32cubeide_1.3.0/stm32cubeide/plugins/com.st.stm32cube.ide.mcu.externaltools.gnu-tools-for-stm32.7-2018-q2-update.win32_1.0.0.201904181610/tools/bin/../lib/gcc/arm-none-eabi/7.3.1/../../../../arm-none-eabi/lib/thumb/v6-m\libc_nano.a(lib_a-init.o)
 .ARM.attributes
                0x0000000000000794       0x2c d:/st/stm32cubeide_1.3.0/stm32cubeide/plugins/com.st.stm32cube.ide.mcu.externaltools.gnu-tools-for-stm32.7-2018-q2-update.win32_1.0.0.201904181610/tools/bin/../lib/gcc/arm-none-eabi/7.3.1/../../../../arm-none-eabi/lib/thumb/v6-m\libc_nano.a(lib_a-malloc.o)
 .ARM.attributes
                0x00000000000007c0       0x2c d:/st/stm32cubeide_1.3.0/stm32cubeide/plugins/com.st.stm32cube.ide.mcu.externaltools.gnu-tools-for-stm32.7-2018-q2-update.win32_1.0.0.201904181610/tools/bin/../lib/gcc/arm-none-eabi/7.3.1/../../../../arm-none-eabi/lib/thumb/v6-m\libc_nano.a(lib_a-memcpy-stub.o)
 .ARM.attributes
                0x00000000000007ec       0x2c d:/st/stm32cubeide_1.3.0/stm32cubeide/plugins/com.st.stm32cube.ide.mcu.externaltools.gnu-tools-for-stm32.7-2018-q2-update.win32_1.0.0.201904181610/tools/bin/../lib/gcc/arm-none-eabi/7.3.1/../../../../arm-none-eabi/lib/thumb/v6-m\libc_nano.a(lib_a-memset.o)
 .ARM.attributes
                0x0000000000000818       0x2c d:/st/stm32cubeide_1.3.0/stm32cubeide/plugins/com.st.stm32cube.ide.mcu.externaltools.gnu-tools-for-stm32.7-2018-q2-update.win32_1.0.0.201904181610/tools/bin/../lib/gcc/arm-none-eabi/7.3.1/../../../../arm-none-eabi/lib/thumb/v6-m\libc_nano.a(lib_a-nano-mallocr.o)
 .ARM.attributes
                0x0000000000000844       0x2c d:/st/stm32cubeide_1.3.0/stm32cubeide/plugins/com.st.stm32cube.ide.mcu.externaltools.gnu-tools-for-stm32.7-2018-q2-update.win32_1.0.0.201904181610/tools/bin/../lib/gcc/arm-none-eabi/7.3.1/../../../../arm-none-eabi/lib/thumb/v6-m\libc_nano.a(lib_a-sbrkr.o)
 .ARM.attributes
                0x0000000000000870       0x2c d:/st/stm32cubeide_1.3.0/stm32cubeide/plugins/com.st.stm32cube.ide.mcu.externaltools.gnu-tools-for-stm32.7-2018-q2-update.win32_1.0.0.201904181610/tools/bin/../lib/gcc/arm-none-eabi/7.3.1/../../../../arm-none-eabi/lib/thumb/v6-m\libc_nano.a(lib_a-mlock.o)
 .ARM.attributes
                0x000000000000089c       0x2c d:/st/stm32cubeide_1.3.0/stm32cubeide/plugins/com.st.stm32cube.ide.mcu.externaltools.gnu-tools-for-stm32.7-2018-q2-update.win32_1.0.0.201904181610/tools/bin/../lib/gcc/arm-none-eabi/7.3.1/../../../../arm-none-eabi/lib/thumb/v6-m\libc_nano.a(lib_a-reent.o)
 .ARM.attributes
                0x00000000000008c8       0x2c d:/st/stm32cubeide_1.3.0/stm32cubeide/plugins/com.st.stm32cube.ide.mcu.externaltools.gnu-tools-for-stm32.7-2018-q2-update.win32_1.0.0.201904181610/tools/bin/../lib/gcc/arm-none-eabi/7.3.1/../../../../arm-none-eabi/lib/thumb/v6-m\libm.a(lib_a-s_round.o)
 .ARM.attributes
                0x00000000000008f4       0x1e d:/st/stm32cubeide_1.3.0/stm32cubeide/plugins/com.st.stm32cube.ide.mcu.externaltools.gnu-tools-for-stm32.7-2018-q2-update.win32_1.0.0.201904181610/tools/bin/../lib/gcc/arm-none-eabi/7.3.1/thumb/v6-m\libgcc.a(_udivsi3.o)
 .ARM.attributes
                0x0000000000000912       0x1e d:/st/stm32cubeide_1.3.0/stm32cubeide/plugins/com.st.stm32cube.ide.mcu.externaltools.gnu-tools-for-stm32.7-2018-q2-update.win32_1.0.0.201904181610/tools/bin/../lib/gcc/arm-none-eabi/7.3.1/thumb/v6-m\libgcc.a(_divsi3.o)
 .ARM.attributes
                0x0000000000000930       0x1e d:/st/stm32cubeide_1.3.0/stm32cubeide/plugins/com.st.stm32cube.ide.mcu.externaltools.gnu-tools-for-stm32.7-2018-q2-update.win32_1.0.0.201904181610/tools/bin/../lib/gcc/arm-none-eabi/7.3.1/thumb/v6-m\libgcc.a(_dvmd_tls.o)
 .ARM.attributes
                0x000000000000094e       0x1e d:/st/stm32cubeide_1.3.0/stm32cubeide/plugins/com.st.stm32cube.ide.mcu.externaltools.gnu-tools-for-stm32.7-2018-q2-update.win32_1.0.0.201904181610/tools/bin/../lib/gcc/arm-none-eabi/7.3.1/thumb/v6-m\libgcc.a(_arm_cmpdf2.o)
 .ARM.attributes
                0x000000000000096c       0x1e d:/st/stm32cubeide_1.3.0/stm32cubeide/plugins/com.st.stm32cube.ide.mcu.externaltools.gnu-tools-for-stm32.7-2018-q2-update.win32_1.0.0.201904181610/tools/bin/../lib/gcc/arm-none-eabi/7.3.1/thumb/v6-m\libgcc.a(_arm_cmpsf2.o)
 .ARM.attributes
                0x000000000000098a       0x1e d:/st/stm32cubeide_1.3.0/stm32cubeide/plugins/com.st.stm32cube.ide.mcu.externaltools.gnu-tools-for-stm32.7-2018-q2-update.win32_1.0.0.201904181610/tools/bin/../lib/gcc/arm-none-eabi/7.3.1/thumb/v6-m\libgcc.a(_aeabi_uldivmod.o)
 .ARM.attributes
                0x00000000000009a8       0x2c d:/st/stm32cubeide_1.3.0/stm32cubeide/plugins/com.st.stm32cube.ide.mcu.externaltools.gnu-tools-for-stm32.7-2018-q2-update.win32_1.0.0.201904181610/tools/bin/../lib/gcc/arm-none-eabi/7.3.1/thumb/v6-m\libgcc.a(_fixunssfsi.o)
 .ARM.attributes
                0x00000000000009d4       0x2c d:/st/stm32cubeide_1.3.0/stm32cubeide/plugins/com.st.stm32cube.ide.mcu.externaltools.gnu-tools-for-stm32.7-2018-q2-update.win32_1.0.0.201904181610/tools/bin/../lib/gcc/arm-none-eabi/7.3.1/thumb/v6-m\libgcc.a(_fixunsdfsi.o)
 .ARM.attributes
                0x0000000000000a00       0x2c d:/st/stm32cubeide_1.3.0/stm32cubeide/plugins/com.st.stm32cube.ide.mcu.externaltools.gnu-tools-for-stm32.7-2018-q2-update.win32_1.0.0.201904181610/tools/bin/../lib/gcc/arm-none-eabi/7.3.1/thumb/v6-m\libgcc.a(_udivmoddi4.o)
 .ARM.attributes
                0x0000000000000a2c       0x2c d:/st/stm32cubeide_1.3.0/stm32cubeide/plugins/com.st.stm32cube.ide.mcu.externaltools.gnu-tools-for-stm32.7-2018-q2-update.win32_1.0.0.201904181610/tools/bin/../lib/gcc/arm-none-eabi/7.3.1/thumb/v6-m\libgcc.a(addsf3.o)
 .ARM.attributes
                0x0000000000000a58       0x2c d:/st/stm32cubeide_1.3.0/stm32cubeide/plugins/com.st.stm32cube.ide.mcu.externaltools.gnu-tools-for-stm32.7-2018-q2-update.win32_1.0.0.201904181610/tools/bin/../lib/gcc/arm-none-eabi/7.3.1/thumb/v6-m\libgcc.a(divsf3.o)
 .ARM.attributes
                0x0000000000000a84       0x2c d:/st/stm32cubeide_1.3.0/stm32cubeide/plugins/com.st.stm32cube.ide.mcu.externaltools.gnu-tools-for-stm32.7-2018-q2-update.win32_1.0.0.201904181610/tools/bin/../lib/gcc/arm-none-eabi/7.3.1/thumb/v6-m\libgcc.a(eqsf2.o)
 .ARM.attributes
                0x0000000000000ab0       0x2c d:/st/stm32cubeide_1.3.0/stm32cubeide/plugins/com.st.stm32cube.ide.mcu.externaltools.gnu-tools-for-stm32.7-2018-q2-update.win32_1.0.0.201904181610/tools/bin/../lib/gcc/arm-none-eabi/7.3.1/thumb/v6-m\libgcc.a(gesf2.o)
 .ARM.attributes
                0x0000000000000adc       0x2c d:/st/stm32cubeide_1.3.0/stm32cubeide/plugins/com.st.stm32cube.ide.mcu.externaltools.gnu-tools-for-stm32.7-2018-q2-update.win32_1.0.0.201904181610/tools/bin/../lib/gcc/arm-none-eabi/7.3.1/thumb/v6-m\libgcc.a(lesf2.o)
 .ARM.attributes