radio_appli.c:293:12:time_out_rx	16	static
radio_appli.c:298:12:tx_flag	16	static
radio_appli.c:303:12:rx_flag	16	static
radio_appli.c:309:12:data_recived	16	static
radio_appli.c:315:12:ack_recived	16	static
radio_appli.c:321:12:multicast	16	static
radio_appli.c:329:12:address_known	16	static
radio_appli.c:336:12:tx_received	16	static
radio_appli.c:341:12:msg_command	16	static
radio_appli.c:347:12:ack_command	16	static
radio_appli.c:354:12:restart	16	static
radio_appli.c:359:12:ACK_confirm	16	static
radio_appli.c:364:6:EN_Rx	16	static
radio_appli.c:371:6:send_data	16	static
radio_appli.c:389:6:read_RX_Data	24	static
radio_appli.c:411:6:LED_ON	16	static
radio_appli.c:420:6:LED_Toggle	24	static
radio_appli.c:445:6:send_ACK	16	static
radio_appli.c:458:6:clr_tx_flag	16	static
radio_appli.c:463:6:reset_state	16	static
radio_appli.c:505:6:HAL_Radio_Init	8	static
radio_appli.c:520:6:P2P_Process	8	static
radio_appli.c:531:6:AppliSendBuff	32	static
radio_appli.c:575:6:AppliReceiveBuff	16	static
radio_appli.c:605:6:P2P_Init	8	static
radio_appli.c:624:6:STackProtocolInit	32	static
radio_appli.c:654:6:BasicProtocolInit	8	static
radio_appli.c:665:6:Enter_LP_mode	8	static
radio_appli.c:710:6:Exit_LP_mode	8	static
radio_appli.c:721:6:MCU_Enter_StopMode	8	static
radio_appli.c:731:6:MCU_Enter_StandbyMode	8	static
radio_appli.c:741:6:MCU_Enter_SleepMode	8	static
radio_appli.c:755:6:RadioPowerON	16	static
radio_appli.c:779:6:RadioPowerOFF	8	static
radio_appli.c:793:6:RadioStandBy	8	static
radio_appli.c:804:6:RadioSleep	8	static
radio_appli.c:814:12:Rx_flag_status	8	static
radio_appli.c:820:6:read_data_recived	16	static
radio_appli.c:832:6:P2PInterruptHandler	8	static
radio_appli.c:893:6:HAL_SYSTICK_Callback	8	static
radio_appli.c:943:6:HAL_GPIO_EXTI_Callback	24	static
