radio_appli.c:294:12:time_out_rx	16	static
radio_appli.c:299:12:tx_flag	16	static
radio_appli.c:304:12:rx_flag	16	static
radio_appli.c:310:12:data_recived	16	static
radio_appli.c:316:12:ack_recived	16	static
radio_appli.c:322:12:multicast	16	static
radio_appli.c:330:12:address_known	16	static
radio_appli.c:337:12:tx_received	16	static
radio_appli.c:342:12:msg_command	16	static
radio_appli.c:348:12:ack_command	16	static
radio_appli.c:355:12:restart	16	static
radio_appli.c:360:12:ACK_confirm	16	static
radio_appli.c:365:6:EN_Rx	16	static
radio_appli.c:372:6:send_data	16	static
radio_appli.c:386:6:read_RX_Data	24	static
radio_appli.c:408:6:LED_ON	16	static
radio_appli.c:417:6:LED_Toggle	24	static
radio_appli.c:442:6:send_ACK	16	static
radio_appli.c:455:6:clr_tx_flag	16	static
radio_appli.c:460:6:reset_state	16	static
radio_appli.c:502:6:HAL_Radio_Init	8	static
radio_appli.c:517:6:P2P_Process	8	static
radio_appli.c:528:6:AppliSendBuff	32	static
radio_appli.c:572:6:AppliReceiveBuff	16	static
radio_appli.c:602:6:P2P_Init	8	static
radio_appli.c:640:6:STackProtocolInit	32	static
radio_appli.c:670:6:BasicProtocolInit	8	static
radio_appli.c:676:16:bandSelect	16	static
radio_appli.c:688:6:Enter_LP_mode	8	static
radio_appli.c:733:6:Exit_LP_mode	8	static
radio_appli.c:744:6:MCU_Enter_StopMode	8	static
radio_appli.c:754:6:MCU_Enter_StandbyMode	8	static
radio_appli.c:764:6:MCU_Enter_SleepMode	8	static
radio_appli.c:778:6:RadioPowerON	16	static
radio_appli.c:802:6:RadioPowerOFF	8	static
radio_appli.c:816:6:RadioStandBy	8	static
radio_appli.c:827:6:RadioSleep	8	static
radio_appli.c:837:12:Rx_flag_status	8	static
radio_appli.c:843:6:read_data_recived	16	static
radio_appli.c:855:6:P2PInterruptHandler	8	static
radio_appli.c:914:6:HAL_SYSTICK_Callback	8	static
radio_appli.c:964:6:HAL_GPIO_EXTI_Callback	24	static
