Archive member included to satisfy reference by file (symbol)

d:/st/stm32cubeide_1.3.0/stm32cubeide/plugins/com.st.stm32cube.ide.mcu.externaltools.gnu-tools-for-stm32.7-2018-q2-update.win32_1.4.0.202007081208/tools/bin/../lib/gcc/arm-none-eabi/7.3.1/../../../../arm-none-eabi/lib/thumb/v7e-m/fpv4-sp/hard\libc_nano.a(lib_a-errno.o)
                              Core/Src/syscalls.o (__errno)
d:/st/stm32cubeide_1.3.0/stm32cubeide/plugins/com.st.stm32cube.ide.mcu.externaltools.gnu-tools-for-stm32.7-2018-q2-update.win32_1.4.0.202007081208/tools/bin/../lib/gcc/arm-none-eabi/7.3.1/../../../../arm-none-eabi/lib/thumb/v7e-m/fpv4-sp/hard\libc_nano.a(lib_a-exit.o)
                              d:/st/stm32cubeide_1.3.0/stm32cubeide/plugins/com.st.stm32cube.ide.mcu.externaltools.gnu-tools-for-stm32.7-2018-q2-update.win32_1.4.0.202007081208/tools/bin/../lib/gcc/arm-none-eabi/7.3.1/../../../../arm-none-eabi/lib/thumb/v7e-m/fpv4-sp/hard/crt0.o (exit)
d:/st/stm32cubeide_1.3.0/stm32cubeide/plugins/com.st.stm32cube.ide.mcu.externaltools.gnu-tools-for-stm32.7-2018-q2-update.win32_1.4.0.202007081208/tools/bin/../lib/gcc/arm-none-eabi/7.3.1/../../../../arm-none-eabi/lib/thumb/v7e-m/fpv4-sp/hard\libc_nano.a(lib_a-impure.o)
                              d:/st/stm32cubeide_1.3.0/stm32cubeide/plugins/com.st.stm32cube.ide.mcu.externaltools.gnu-tools-for-stm32.7-2018-q2-update.win32_1.4.0.202007081208/tools/bin/../lib/gcc/arm-none-eabi/7.3.1/../../../../arm-none-eabi/lib/thumb/v7e-m/fpv4-sp/hard\libc_nano.a(lib_a-exit.o) (_global_impure_ptr)
d:/st/stm32cubeide_1.3.0/stm32cubeide/plugins/com.st.stm32cube.ide.mcu.externaltools.gnu-tools-for-stm32.7-2018-q2-update.win32_1.4.0.202007081208/tools/bin/../lib/gcc/arm-none-eabi/7.3.1/../../../../arm-none-eabi/lib/thumb/v7e-m/fpv4-sp/hard\libc_nano.a(lib_a-init.o)
                              d:/st/stm32cubeide_1.3.0/stm32cubeide/plugins/com.st.stm32cube.ide.mcu.externaltools.gnu-tools-for-stm32.7-2018-q2-update.win32_1.4.0.202007081208/tools/bin/../lib/gcc/arm-none-eabi/7.3.1/../../../../arm-none-eabi/lib/thumb/v7e-m/fpv4-sp/hard/crt0.o (__libc_init_array)
d:/st/stm32cubeide_1.3.0/stm32cubeide/plugins/com.st.stm32cube.ide.mcu.externaltools.gnu-tools-for-stm32.7-2018-q2-update.win32_1.4.0.202007081208/tools/bin/../lib/gcc/arm-none-eabi/7.3.1/../../../../arm-none-eabi/lib/thumb/v7e-m/fpv4-sp/hard\libc_nano.a(lib_a-malloc.o)
                              Core/Src/fsm.o (malloc)
d:/st/stm32cubeide_1.3.0/stm32cubeide/plugins/com.st.stm32cube.ide.mcu.externaltools.gnu-tools-for-stm32.7-2018-q2-update.win32_1.4.0.202007081208/tools/bin/../lib/gcc/arm-none-eabi/7.3.1/../../../../arm-none-eabi/lib/thumb/v7e-m/fpv4-sp/hard\libc_nano.a(lib_a-memset.o)
                              d:/st/stm32cubeide_1.3.0/stm32cubeide/plugins/com.st.stm32cube.ide.mcu.externaltools.gnu-tools-for-stm32.7-2018-q2-update.win32_1.4.0.202007081208/tools/bin/../lib/gcc/arm-none-eabi/7.3.1/../../../../arm-none-eabi/lib/thumb/v7e-m/fpv4-sp/hard/crt0.o (memset)
d:/st/stm32cubeide_1.3.0/stm32cubeide/plugins/com.st.stm32cube.ide.mcu.externaltools.gnu-tools-for-stm32.7-2018-q2-update.win32_1.4.0.202007081208/tools/bin/../lib/gcc/arm-none-eabi/7.3.1/../../../../arm-none-eabi/lib/thumb/v7e-m/fpv4-sp/hard\libc_nano.a(lib_a-nano-freer.o)
                              d:/st/stm32cubeide_1.3.0/stm32cubeide/plugins/com.st.stm32cube.ide.mcu.externaltools.gnu-tools-for-stm32.7-2018-q2-update.win32_1.4.0.202007081208/tools/bin/../lib/gcc/arm-none-eabi/7.3.1/../../../../arm-none-eabi/lib/thumb/v7e-m/fpv4-sp/hard\libc_nano.a(lib_a-malloc.o) (_free_r)
d:/st/stm32cubeide_1.3.0/stm32cubeide/plugins/com.st.stm32cube.ide.mcu.externaltools.gnu-tools-for-stm32.7-2018-q2-update.win32_1.4.0.202007081208/tools/bin/../lib/gcc/arm-none-eabi/7.3.1/../../../../arm-none-eabi/lib/thumb/v7e-m/fpv4-sp/hard\libc_nano.a(lib_a-nano-mallocr.o)
                              d:/st/stm32cubeide_1.3.0/stm32cubeide/plugins/com.st.stm32cube.ide.mcu.externaltools.gnu-tools-for-stm32.7-2018-q2-update.win32_1.4.0.202007081208/tools/bin/../lib/gcc/arm-none-eabi/7.3.1/../../../../arm-none-eabi/lib/thumb/v7e-m/fpv4-sp/hard\libc_nano.a(lib_a-malloc.o) (_malloc_r)
d:/st/stm32cubeide_1.3.0/stm32cubeide/plugins/com.st.stm32cube.ide.mcu.externaltools.gnu-tools-for-stm32.7-2018-q2-update.win32_1.4.0.202007081208/tools/bin/../lib/gcc/arm-none-eabi/7.3.1/../../../../arm-none-eabi/lib/thumb/v7e-m/fpv4-sp/hard\libc_nano.a(lib_a-sbrkr.o)
                              d:/st/stm32cubeide_1.3.0/stm32cubeide/plugins/com.st.stm32cube.ide.mcu.externaltools.gnu-tools-for-stm32.7-2018-q2-update.win32_1.4.0.202007081208/tools/bin/../lib/gcc/arm-none-eabi/7.3.1/../../../../arm-none-eabi/lib/thumb/v7e-m/fpv4-sp/hard\libc_nano.a(lib_a-nano-mallocr.o) (_sbrk_r)
[...]
Memory Configuration

Name             Origin             Length             Attributes
RAM              0x0000000020000000 0x0000000000010000 xrw
FLASH            0x0000000008000000 0x0000000000020000 xr
*default*        0x0000000000000000 0xffffffffffffffff

Linker script and memory map

LOAD d:/st/stm32cubeide_1.3.0/stm32cubeide/plugins/com.st.stm32cube.ide.mcu.externaltools.gnu-tools-for-stm32.7-2018-q2-update.win32_1.4.0.202007081208/tools/bin/../lib/gcc/arm-none-eabi/7.3.1/thumb/v7e-m/fpv4-sp/hard/crti.o
LOAD d:/st/stm32cubeide_1.3.0/stm32cubeide/plugins/com.st.stm32cube.ide.mcu.externaltools.gnu-tools-for-stm32.7-2018-q2-update.win32_1.4.0.202007081208/tools/bin/../lib/gcc/arm-none-eabi/7.3.1/thumb/v7e-m/fpv4-sp/hard/crtbegin.o
LOAD d:/st/stm32cubeide_1.3.0/stm32cubeide/plugins/com.st.stm32cube.ide.mcu.externaltools.gnu-tools-for-stm32.7-2018-q2-update.win32_1.4.0.202007081208/tools/bin/../lib/gcc/arm-none-eabi/7.3.1/../../../../arm-none-eabi/lib/thumb/v7e-m/fpv4-sp/hard/crt0.o
LOAD Core/Src/fsm.o
LOAD Core/Src/main.o
LOAD Core/Src/radio_appli.o
LOAD Core/Src/stm32f4xx_hal_msp.o
LOAD Core/Src/stm32f4xx_it.o
LOAD Core/Src/syscalls.o
LOAD Core/Src/sysmem.o
LOAD Core/Src/system_stm32f4xx.o
LOAD Core/Startup/startup_stm32f401rbtx.o
LOAD Drivers/BSP/Components/spirit1/SPIRIT1_Library/Src/SPIRIT_Aes.o
LOAD Drivers/BSP/Components/spirit1/SPIRIT1_Library/Src/SPIRIT_Calibration.o
LOAD Drivers/BSP/Components/spirit1/SPIRIT1_Library/Src/SPIRIT_Commands.o
LOAD Drivers/BSP/Components/spirit1/SPIRIT1_Library/Src/SPIRIT_Csma.o
LOAD Drivers/BSP/Components/spirit1/SPIRIT1_Library/Src/SPIRIT_DirectRF.o
LOAD Drivers/BSP/Components/spirit1/SPIRIT1_Library/Src/SPIRIT_General.o
LOAD Drivers/BSP/Components/spirit1/SPIRIT1_Library/Src/SPIRIT_Gpio.o
LOAD Drivers/BSP/Components/spirit1/SPIRIT1_Library/Src/SPIRIT_Irq.o
LOAD Drivers/BSP/Components/spirit1/SPIRIT1_Library/Src/SPIRIT_LinearFifo.o
LOAD Drivers/BSP/Components/spirit1/SPIRIT1_Library/Src/SPIRIT_Management.o
LOAD Drivers/BSP/Components/spirit1/SPIRIT1_Library/Src/SPIRIT_PktBasic.o
LOAD Drivers/BSP/Components/spirit1/SPIRIT1_Library/Src/SPIRIT_PktCommon.o
LOAD Drivers/BSP/Components/spirit1/SPIRIT1_Library/Src/SPIRIT_PktMbus.o
LOAD Drivers/BSP/Components/spirit1/SPIRIT1_Library/Src/SPIRIT_PktStack.o
LOAD Drivers/BSP/Components/spirit1/SPIRIT1_Library/Src/SPIRIT_Qi.o
LOAD Drivers/BSP/Components/spirit1/SPIRIT1_Library/Src/SPIRIT_Radio.o
LOAD Drivers/BSP/Components/spirit1/SPIRIT1_Library/Src/SPIRIT_Timer.o
LOAD Drivers/BSP/Components/spirit1/SPIRIT1_Library/Src/SPIRIT_Types.o
LOAD Drivers/BSP/Components/spirit1/SPIRIT1_Util/Src/SPIRIT1_Util.o
LOAD Drivers/BSP/STM32F4xx_Nucleo/stm32F4xx_nucleo.o
LOAD Drivers/BSP/X-NUCLEO-IDS01Ax/Src/radio_gpio.o
LOAD Drivers/BSP/X-NUCLEO-IDS01Ax/Src/radio_shield_config.o
LOAD Drivers/BSP/X-NUCLEO-IDS01Ax/Src/radio_spi.o
LOAD Drivers/STM32F4xx_HAL_Driver/Src/stm32f4xx_hal.o
LOAD Drivers/STM32F4xx_HAL_Driver/Src/stm32f4xx_hal_cortex.o
LOAD Drivers/STM32F4xx_HAL_Driver/Src/stm32f4xx_hal_dma.o
LOAD Drivers/STM32F4xx_HAL_Driver/Src/stm32f4xx_hal_dma_ex.o
LOAD Drivers/STM32F4xx_HAL_Driver/Src/stm32f4xx_hal_exti.o
LOAD Drivers/STM32F4xx_HAL_Driver/Src/stm32f4xx_hal_flash.o
LOAD Drivers/STM32F4xx_HAL_Driver/Src/stm32f4xx_hal_flash_ex.o
LOAD Drivers/STM32F4xx_HAL_Driver/Src/stm32f4xx_hal_flash_ramfunc.o
LOAD Drivers/STM32F4xx_HAL_Driver/Src/stm32f4xx_hal_gpio.o
LOAD Drivers/STM32F4xx_HAL_Driver/Src/stm32f4xx_hal_pwr.o
LOAD Drivers/STM32F4xx_HAL_Driver/Src/stm32f4xx_hal_pwr_ex.o
LOAD Drivers/STM32F4xx_HAL_Driver/Src/stm32f4xx_hal_rcc.o
LOAD Drivers/STM32F4xx_HAL_Driver/Src/stm32f4xx_hal_rcc_ex.o
LOAD Drivers/STM32F4xx_HAL_Driver/Src/stm32f4xx_hal_spi.o
LOAD Drivers/STM32F4xx_HAL_Driver/Src/stm32f4xx_hal_tim.o
LOAD Drivers/STM32F4xx_HAL_Driver/Src/stm32f4xx_hal_tim_ex.o
START GROUP
LOAD d:/st/stm32cubeide_1.3.0/stm32cubeide/plugins/com.st.stm32cube.ide.mcu.externaltools.gnu-tools-for-stm32.7-2018-q2-update.win32_1.4.0.202007081208/tools/bin/../lib/gcc/arm-none-eabi/7.3.1/../../../../arm-none-eabi/lib/thumb/v7e-m/fpv4-sp/hard\libc_nano.a
LOAD d:/st/stm32cubeide_1.3.0/stm32cubeide/plugins/com.st.stm32cube.ide.mcu.externaltools.gnu-tools-for-stm32.7-2018-q2-update.win32_1.4.0.202007081208/tools/bin/../lib/gcc/arm-none-eabi/7.3.1/../../../../arm-none-eabi/lib/thumb/v7e-m/fpv4-sp/hard\libm.a
END GROUP
START GROUP
LOAD d:/st/stm32cubeide_1.3.0/stm32cubeide/plugins/com.st.stm32cube.ide.mcu.externaltools.gnu-tools-for-stm32.7-2018-q2-update.win32_1.4.0.202007081208/tools/bin/../lib/gcc/arm-none-eabi/7.3.1/thumb/v7e-m/fpv4-sp/hard\libgcc.a
LOAD d:/st/stm32cubeide_1.3.0/stm32cubeide/plugins/com.st.stm32cube.ide.mcu.externaltools.gnu-tools-for-stm32.7-2018-q2-update.win32_1.4.0.202007081208/tools/bin/../lib/gcc/arm-none-eabi/7.3.1/../../../../arm-none-eabi/lib/thumb/v7e-m/fpv4-sp/hard\libc_nano.a
END GROUP
START GROUP
LOAD d:/st/stm32cubeide_1.3.0/stm32cubeide/plugins/com.st.stm32cube.ide.mcu.externaltools.gnu-tools-for-stm32.7-2018-q2-update.win32_1.4.0.202007081208/tools/bin/../lib/gcc/arm-none-eabi/7.3.1/thumb/v7e-m/fpv4-sp/hard\libgcc.a
LOAD d:/st/stm32cubeide_1.3.0/stm32cubeide/plugins/com.st.stm32cube.ide.mcu.externaltools.gnu-tools-for-stm32.7-2018-q2-update.win32_1.4.0.202007081208/tools/bin/../lib/gcc/arm-none-eabi/7.3.1/../../../../arm-none-eabi/lib/thumb/v7e-m/fpv4-sp/hard\libc_nano.a
LOAD d:/st/stm32cubeide_1.3.0/stm32cubeide/plugins/com.st.stm32cube.ide.mcu.externaltools.gnu-tools-for-stm32.7-2018-q2-update.win32_1.4.0.202007081208/tools/bin/../lib/gcc/arm-none-eabi/7.3.1/../../../../arm-none-eabi/lib/thumb/v7e-m/fpv4-sp/hard\libnosys.a
END GROUP
START GROUP
LOAD d:/st/stm32cubeide_1.3.0/stm32cubeide/plugins/com.st.stm32cube.ide.mcu.externaltools.gnu-tools-for-stm32.7-2018-q2-update.win32_1.4.0.202007081208/tools/bin/../lib/gcc/arm-none-eabi/7.3.1/thumb/v7e-m/fpv4-sp/hard\libgcc.a
LOAD d:/st/stm32cubeide_1.3.0/stm32cubeide/plugins/com.st.stm32cube.ide.mcu.externaltools.gnu-tools-for-stm32.7-2018-q2-update.win32_1.4.0.202007081208/tools/bin/../lib/gcc/arm-none-eabi/7.3.1/../../../../arm-none-eabi/lib/thumb/v7e-m/fpv4-sp/hard\libc_nano.a
LOAD d:/st/stm32cubeide_1.3.0/stm32cubeide/plugins/com.st.stm32cube.ide.mcu.externaltools.gnu-tools-for-stm32.7-2018-q2-update.win32_1.4.0.202007081208/tools/bin/../lib/gcc/arm-none-eabi/7.3.1/../../../../arm-none-eabi/lib/thumb/v7e-m/fpv4-sp/hard\libnosys.a
END GROUP
LOAD d:/st/stm32cubeide_1.3.0/stm32cubeide/plugins/com.st.stm32cube.ide.mcu.externaltools.gnu-tools-for-stm32.7-2018-q2-update.win32_1.4.0.202007081208/tools/bin/../lib/gcc/arm-none-eabi/7.3.1/thumb/v7e-m/fpv4-sp/hard/crtend.o
LOAD d:/st/stm32cubeide_1.3.0/stm32cubeide/plugins/com.st.stm32cube.ide.mcu.externaltools.gnu-tools-for-stm32.7-2018-q2-update.win32_1.4.0.202007081208/tools/bin/../lib/gcc/arm-none-eabi/7.3.1/thumb/v7e-m/fpv4-sp/hard/crtn.o
                0x0000000020010000                _estack = (ORIGIN (RAM) + LENGTH (RAM))
                0x0000000000000200                _Min_Heap_Size = 0x200
                0x0000000000000400                _Min_Stack_Size = 0x400

.isr_vector     0x0000000008000000      0x194
                0x0000000008000000                . = ALIGN (0x4)
 *(.isr_vector)
 .isr_vector    0x0000000008000000      0x194 Core/Startup/startup_stm32f401rbtx.o
                0x0000000008000000                g_pfnVectors
                0x0000000008000194                . = ALIGN (0x4)

.text           0x0000000008000198     0x7238
                0x0000000008000198                . = ALIGN (0x4)
 *(.text)
 .text          0x0000000008000198       0x40 d:/st/stm32cubeide_1.3.0/stm32cubeide/plugins/com.st.stm32cube.ide.mcu.externaltools.gnu-tools-for-stm32.7-2018-q2-update.win32_1.4.0.202007081208/tools/bin/../lib/gcc/arm-none-eabi/7.3.1/thumb/v7e-m/fpv4-sp/hard/crtbegin.o
 .text          0x00000000080001d8      0x378 d:/st/stm32cubeide_1.3.0/stm32cubeide/plugins/com.st.stm32cube.ide.mcu.externaltools.gnu-tools-for-stm32.7-2018-q2-update.win32_1.4.0.202007081208/tools/bin/../lib/gcc/arm-none-eabi/7.3.1/thumb/v7e-m/fpv4-sp/hard\libgcc.a(_arm_addsubdf3.o)
                0x00000000080001d8                __aeabi_drsub
                0x00000000080001e0                __aeabi_dsub
                0x00000000080001e0                __subdf3
                0x00000000080001e4                __aeabi_dadd
                0x00000000080001e4                __adddf3
                0x000000000800045c                __floatunsidf
                0x000000000800045c                __aeabi_ui2d
                0x000000000800047c                __floatsidf
                0x000000000800047c                __aeabi_i2d
                0x00000000080004a0                __aeabi_f2d
                0x00000000080004a0                __extendsfdf2
                0x00000000080004e4                __floatundidf
                0x00000000080004e4                __aeabi_ul2d
                0x00000000080004f4                __floatdidf
                0x00000000080004f4                __aeabi_l2d
 .text          0x0000000008000550      0x424 d:/st/stm32cubeide_1.3.0/stm32cubeide/plugins/com.st.stm32cube.ide.mcu.externaltools.gnu-tools-for-stm32.7-2018-q2-update.win32_1.4.0.202007081208/tools/bin/../lib/gcc/arm-none-eabi/7.3.1/thumb/v7e-m/fpv4-sp/hard\libgcc.a(_arm_muldivdf3.o)
                0x0000000008000550                __aeabi_dmul
                0x0000000008000550                __muldf3
                0x00000000080007a4                __divdf3
                0x00000000080007a4                __aeabi_ddiv
 .text          0x0000000008000974      0x110 d:/st/stm32cubeide_1.3.0/stm32cubeide/plugins/com.st.stm32cube.ide.mcu.externaltools.gnu-tools-for-stm32.7-2018-q2-update.win32_1.4.0.202007081208/tools/bin/../lib/gcc/arm-none-eabi/7.3.1/thumb/v7e-m/fpv4-sp/hard\libgcc.a(_arm_cmpdf2.o)
                0x0000000008000974                __gtdf2
                0x0000000008000974                __gedf2
                0x000000000800097c                __ltdf2
                0x000000000800097c                __ledf2
                0x0000000008000984                __nedf2
                0x0000000008000984                __eqdf2
                0x0000000008000984                __cmpdf2
                0x0000000008000a00                __aeabi_cdrcmple
                0x0000000008000a10                __aeabi_cdcmpeq
                0x0000000008000a10                __aeabi_cdcmple
                0x0000000008000a20                __aeabi_dcmpeq
                0x0000000008000a34                __aeabi_dcmplt
                0x0000000008000a48                __aeabi_dcmple
                0x0000000008000a5c                __aeabi_dcmpge
                0x0000000008000a70                __aeabi_dcmpgt
 .text          0x0000000008000a84       0x40 d:/st/stm32cubeide_1.3.0/stm32cubeide/plugins/com.st.stm32cube.ide.mcu.externaltools.gnu-tools-for-stm32.7-2018-q2-update.win32_1.4.0.202007081208/tools/bin/../lib/gcc/arm-none-eabi/7.3.1/thumb/v7e-m/fpv4-sp/hard\libgcc.a(_arm_fixunsdfsi.o)
                0x0000000008000a84                __aeabi_d2uiz
                0x0000000008000a84                __fixunsdfsi
 .text          0x0000000008000ac4       0x30 d:/st/stm32cubeide_1.3.0/stm32cubeide/plugins/com.st.stm32cube.ide.mcu.externaltools.gnu-tools-for-stm32.7-2018-q2-update.win32_1.4.0.202007081208/tools/bin/../lib/gcc/arm-none-eabi/7.3.1/thumb/v7e-m/fpv4-sp/hard\libgcc.a(_aeabi_uldivmod.o)
                0x0000000008000ac4                __aeabi_uldivmod
 .text          0x0000000008000af4      0x2cc d:/st/stm32cubeide_1.3.0/stm32cubeide/plugins/com.st.stm32cube.ide.mcu.externaltools.gnu-tools-for-stm32.7-2018-q2-update.win32_1.4.0.202007081208/tools/bin/../lib/gcc/arm-none-eabi/7.3.1/thumb/v7e-m/fpv4-sp/hard\libgcc.a(_udivmoddi4.o)
                0x0000000008000af4                __udivmoddi4
 .text          0x0000000008000dc0        0x4 d:/st/stm32cubeide_1.3.0/stm32cubeide/plugins/com.st.stm32cube.ide.mcu.externaltools.gnu-tools-for-stm32.7-2018-q2-update.win32_1.4.0.202007081208/tools/bin/../lib/gcc/arm-none-eabi/7.3.1/thumb/v7e-m/fpv4-sp/hard\libgcc.a(_dvmd_tls.o)
                0x0000000008000dc0                __aeabi_idiv0
                0x0000000008000dc0                __aeabi_ldiv0
 *(.text*)
 .text.fsm_new  0x0000000008000dc4       0x24 Core/Src/fsm.o
                0x0000000008000dc4                fsm_new
 .text.fsm_init
                0x0000000008000de8       0x24 Core/Src/fsm.o
                0x0000000008000de8                fsm_init
 .text.fsm_fire
                0x0000000008000e0c       0x5e Core/Src/fsm.o
                0x0000000008000e0c                fsm_fire
 *fill*         0x0000000008000e6a        0x2 
 .text.main     0x0000000008000e6c       0x38 Core/Src/main.o
                0x0000000008000e6c                main
 .text.SystemClock_Config
                0x0000000008000ea4       0xd4 Core/Src/main.o
                0x0000000008000ea4                SystemClock_Config
 .text.MX_SPI1_Init
                0x0000000008000f78       0x6c Core/Src/main.o
 .text.MX_TIM2_Init
                0x0000000008000fe4       0x98 Core/Src/main.o
 .text.MX_GPIO_Init
                0x000000000800107c      0x170 Core/Src/main.o
 .text.Clock_Enable
                0x00000000080011ec       0x88 Core/Src/main.o
                0x00000000080011ec                Clock_Enable
 .text.check_Rx_count
                0x0000000008001274       0x30 Core/Src/main.o
                0x0000000008001274                check_Rx_count
 .text.reset_RX_count
                0x00000000080012a4       0x18 Core/Src/main.o
                0x00000000080012a4                reset_RX_count
 .text.Error_Handler
                0x00000000080012bc        0xe Core/Src/main.o
                0x00000000080012bc                Error_Handler
 *fill*         0x00000000080012ca        0x2 
 .text.time_out_rx
                0x00000000080012cc       0x30 Core/Src/radio_appli.o
 .text.tx_flag  0x00000000080012fc       0x1c Core/Src/radio_appli.o
 .text.rx_flag  0x0000000008001318       0x20 Core/Src/radio_appli.o
 .text.data_received
                0x0000000008001338       0x28 Core/Src/radio_appli.o
 .text.ack_received
                0x0000000008001360       0x28 Core/Src/radio_appli.o
 .text.multicast
                0x0000000008001388       0x30 Core/Src/radio_appli.o
 .text.address_known
                0x00000000080013b8       0x30 Core/Src/radio_appli.o
 .text.tx_done  0x00000000080013e8       0x20 Core/Src/radio_appli.o
 .text.switch_channel
                0x0000000008001408       0x1c Core/Src/radio_appli.o
 .text.ACK_confirm
                0x0000000008001424       0x1c Core/Src/radio_appli.o
 .text.EN_Rx    0x0000000008001440       0x94 Core/Src/radio_appli.o
                0x0000000008001440                EN_Rx
 .text.send_data
                0x00000000080014d4       0x74 Core/Src/radio_appli.o
                0x00000000080014d4                send_data
 .text.read_RX_Data
                0x0000000008001548       0x78 Core/Src/radio_appli.o
                0x0000000008001548                read_RX_Data
 .text.read_address
                0x00000000080015c0       0x20 Core/Src/radio_appli.o
                0x00000000080015c0                read_address
 .text.read_ACK_address
                0x00000000080015e0       0x2c Core/Src/radio_appli.o
                0x00000000080015e0                read_ACK_address
 .text.send_ACK
                0x000000000800160c       0x5c Core/Src/radio_appli.o
                0x000000000800160c                send_ACK
 .text.TxFlag433
                0x0000000008001668       0x34 Core/Src/radio_appli.o
 .text.RxFlag433
                0x000000000800169c       0x34 Core/Src/radio_appli.o
 .text.TxFlag868
                0x00000000080016d0       0x34 Core/Src/radio_appli.o
 .text.RxFlag868
                0x0000000008001704       0x34 Core/Src/radio_appli.o
 .text.LED_ON   0x0000000008001738       0x68 Core/Src/radio_appli.o
                0x0000000008001738                LED_ON
 .text.LED_Toggle
                0x00000000080017a0       0x88 Core/Src/radio_appli.o
                0x00000000080017a0                LED_Toggle
 .text.HAL_Radio_Init
                0x0000000008001828       0x20 Core/Src/radio_appli.o
                0x0000000008001828                HAL_Radio_Init
 .text.APP_Process
                0x0000000008001848       0x40 Core/Src/radio_appli.o
                0x0000000008001848                APP_Process
 .text.AppliSendBuff
                0x0000000008001888       0xb4 Core/Src/radio_appli.o
                0x0000000008001888                AppliSendBuff
 .text.AppliReceiveBuff
                0x000000000800193c       0x5c Core/Src/radio_appli.o
                0x000000000800193c                AppliReceiveBuff
 .text.APP_Init
                0x0000000008001998       0xf8 Core/Src/radio_appli.o
                0x0000000008001998                APP_Init
 .text.BasicProtocolInit
                0x0000000008001a90       0x14 Core/Src/radio_appli.o
                0x0000000008001a90                BasicProtocolInit
 .text.bandSelect
                0x0000000008001aa4       0x2c Core/Src/radio_appli.o
                0x0000000008001aa4                bandSelect
 .text.P2PInterruptHandler
                0x0000000008001ad0      0x120 Core/Src/radio_appli.o
                0x0000000008001ad0                P2PInterruptHandler
 .text.HAL_GPIO_EXTI_Callback
                0x0000000008001bf0       0x50 Core/Src/radio_appli.o
                0x0000000008001bf0                HAL_GPIO_EXTI_Callback
 .text.HAL_MspInit
                0x0000000008001c40       0x50 Core/Src/stm32f4xx_hal_msp.o
                0x0000000008001c40                HAL_MspInit
 .text.HAL_SPI_MspInit
                0x0000000008001c90       0xb0 Core/Src/stm32f4xx_hal_msp.o
                0x0000000008001c90                HAL_SPI_MspInit
 .text.HAL_SPI_MspDeInit
                0x0000000008001d40       0x3c Core/Src/stm32f4xx_hal_msp.o
                0x0000000008001d40                HAL_SPI_MspDeInit
 .text.HAL_TIM_Base_MspInit
                0x0000000008001d7c       0x40 Core/Src/stm32f4xx_hal_msp.o
                0x0000000008001d7c                HAL_TIM_Base_MspInit
 .text.NMI_Handler
                0x0000000008001dbc        0xe Core/Src/stm32f4xx_it.o
                0x0000000008001dbc                NMI_Handler
 .text.HardFault_Handler
                0x0000000008001dca        0x6 Core/Src/stm32f4xx_it.o
                0x0000000008001dca                HardFault_Handler
 .text.MemManage_Handler
                0x0000000008001dd0        0x6 Core/Src/stm32f4xx_it.o
                0x0000000008001dd0                MemManage_Handler
 .text.BusFault_Handler
                0x0000000008001dd6        0x6 Core/Src/stm32f4xx_it.o
                0x0000000008001dd6                BusFault_Handler
 .text.UsageFault_Handler
                0x0000000008001ddc        0x6 Core/Src/stm32f4xx_it.o
                0x0000000008001ddc                UsageFault_Handler
 .text.SVC_Handler
                0x0000000008001de2        0xe Core/Src/stm32f4xx_it.o
                0x0000000008001de2                SVC_Handler
 .text.DebugMon_Handler
                0x0000000008001df0        0xe Core/Src/stm32f4xx_it.o
                0x0000000008001df0                DebugMon_Handler
 .text.PendSV_Handler
                0x0000000008001dfe        0xe Core/Src/stm32f4xx_it.o
                0x0000000008001dfe                PendSV_Handler
 .text.SysTick_Handler
                0x0000000008001e0c        0xc Core/Src/stm32f4xx_it.o
                0x0000000008001e0c                SysTick_Handler
 .text.EXTI4_IRQHandler
                0x0000000008001e18        0xe Core/Src/stm32f4xx_it.o
                0x0000000008001e18                EXTI4_IRQHandler
 .text.EXTI15_10_IRQHandler
                0x0000000008001e26       0x18 Core/Src/stm32f4xx_it.o
                0x0000000008001e26                EXTI15_10_IRQHandler
 *fill*         0x0000000008001e3e        0x2 
 .text._sbrk    0x0000000008001e40       0x6c Core/Src/sysmem.o
                0x0000000008001e40                _sbrk
 .text.SystemInit
                0x0000000008001eac       0x2c Core/Src/system_stm32f4xx.o
                0x0000000008001eac                SystemInit
 .text.Reset_Handler
                0x0000000008001ed8       0x50 Core/Startup/startup_stm32f401rbtx.o
                0x0000000008001ed8                Reset_Handler
 .text.Default_Handler
                0x0000000008001f28        0x2 Core/Startup/startup_stm32f401rbtx.o
                0x0000000008001f28                RTC_Alarm_IRQHandler
                0x0000000008001f28                EXTI2_IRQHandler
                0x0000000008001f28                SPI4_IRQHandler
                0x0000000008001f28                TIM1_CC_IRQHandler
                0x0000000008001f28                DMA2_Stream5_IRQHandler
                0x0000000008001f28                DMA1_Stream5_IRQHandler
                0x0000000008001f28                PVD_IRQHandler
                0x0000000008001f28                SDIO_IRQHandler
                0x0000000008001f28                TAMP_STAMP_IRQHandler
                0x0000000008001f28                EXTI3_IRQHandler
                0x0000000008001f28                TIM1_UP_TIM10_IRQHandler
                0x0000000008001f28                I2C3_ER_IRQHandler
                0x0000000008001f28                EXTI0_IRQHandler
                0x0000000008001f28                I2C2_EV_IRQHandler
                0x0000000008001f28                DMA1_Stream2_IRQHandler
                0x0000000008001f28                FPU_IRQHandler
                0x0000000008001f28                DMA2_Stream2_IRQHandler
                0x0000000008001f28                SPI1_IRQHandler
                0x0000000008001f28                TIM1_BRK_TIM9_IRQHandler
                0x0000000008001f28                DMA2_Stream3_IRQHandler
                0x0000000008001f28                USART6_IRQHandler
                0x0000000008001f28                DMA2_Stream0_IRQHandler
                0x0000000008001f28                TIM4_IRQHandler
                0x0000000008001f28                I2C1_EV_IRQHandler
                0x0000000008001f28                DMA1_Stream6_IRQHandler
                0x0000000008001f28                DMA1_Stream1_IRQHandler
                0x0000000008001f28                TIM3_IRQHandler
                0x0000000008001f28                RCC_IRQHandler
                0x0000000008001f28                Default_Handler
                0x0000000008001f28                ADC_IRQHandler
                0x0000000008001f28                DMA1_Stream7_IRQHandler
                0x0000000008001f28                TIM5_IRQHandler
                0x0000000008001f28                DMA2_Stream7_IRQHandler
                0x0000000008001f28                I2C3_EV_IRQHandler
                0x0000000008001f28                EXTI9_5_IRQHandler
                0x0000000008001f28                RTC_WKUP_IRQHandler
                0x0000000008001f28                SPI2_IRQHandler
                0x0000000008001f28                DMA1_Stream0_IRQHandler
                0x0000000008001f28                WWDG_IRQHandler
                0x0000000008001f28                TIM2_IRQHandler
                0x0000000008001f28                OTG_FS_WKUP_IRQHandler
                0x0000000008001f28                TIM1_TRG_COM_TIM11_IRQHandler
                0x0000000008001f28                EXTI1_IRQHandler
                0x0000000008001f28                USART2_IRQHandler
                0x0000000008001f28                I2C2_ER_IRQHandler
                0x0000000008001f28                DMA2_Stream1_IRQHandler
                0x0000000008001f28                FLASH_IRQHandler
                0x0000000008001f28                DMA2_Stream4_IRQHandler
                0x0000000008001f28                USART1_IRQHandler
                0x0000000008001f28                OTG_FS_IRQHandler
                0x0000000008001f28                SPI3_IRQHandler
                0x0000000008001f28                DMA1_Stream4_IRQHandler
                0x0000000008001f28                I2C1_ER_IRQHandler
                0x0000000008001f28                DMA2_Stream6_IRQHandler
                0x0000000008001f28                DMA1_Stream3_IRQHandler
 *fill*         0x0000000008001f2a        0x2 
 .text.SpiritCalibrationVco
                0x0000000008001f2c       0x70 Drivers/BSP/Components/spirit1/SPIRIT1_Library/Src/SPIRIT_Calibration.o
                0x0000000008001f2c                SpiritCalibrationVco
 .text.SpiritCalibrationGetVcoCalData
                0x0000000008001f9c       0x38 Drivers/BSP/Components/spirit1/SPIRIT1_Library/Src/SPIRIT_Calibration.o
                0x0000000008001f9c                SpiritCalibrationGetVcoCalData
 .text.SpiritCalibrationSetVcoCalDataTx
                0x0000000008001fd4       0x68 Drivers/BSP/Components/spirit1/SPIRIT1_Library/Src/SPIRIT_Calibration.o
                0x0000000008001fd4                SpiritCalibrationSetVcoCalDataTx
 .text.SpiritCalibrationSetVcoCalDataRx
                0x000000000800203c       0x68 Drivers/BSP/Components/spirit1/SPIRIT1_Library/Src/SPIRIT_Calibration.o
                0x000000000800203c                SpiritCalibrationSetVcoCalDataRx
 .text.SpiritCalibrationSelectVco
                0x00000000080020a4       0x54 Drivers/BSP/Components/spirit1/SPIRIT1_Library/Src/SPIRIT_Calibration.o
                0x00000000080020a4                SpiritCalibrationSelectVco
 .text.SpiritCmdStrobeCommand
                0x00000000080020f8       0x30 Drivers/BSP/Components/spirit1/SPIRIT1_Library/Src/SPIRIT_Commands.o
                0x00000000080020f8                SpiritCmdStrobeCommand
 .text.SpiritCsmaInit
                0x0000000008002128       0xc8 Drivers/BSP/Components/spirit1/SPIRIT1_Library/Src/SPIRIT_Csma.o
                0x0000000008002128                SpiritCsmaInit
 .text.SpiritCsma
                0x00000000080021f0       0x70 Drivers/BSP/Components/spirit1/SPIRIT1_Library/Src/SPIRIT_Csma.o
                0x00000000080021f0                SpiritCsma
 .text.SpiritGeneralSetExtRef
                0x0000000008002260       0x60 Drivers/BSP/Components/spirit1/SPIRIT1_Library/Src/SPIRIT_General.o
                0x0000000008002260                SpiritGeneralSetExtRef
 .text.SpiritGpioInit
                0x00000000080022c0       0x48 Drivers/BSP/Components/spirit1/SPIRIT1_Library/Src/SPIRIT_Gpio.o
                0x00000000080022c0                SpiritGpioInit
 .text.SpiritIrqDeInit
                0x0000000008002308       0x4c Drivers/BSP/Components/spirit1/SPIRIT1_Library/Src/SPIRIT_Irq.o
                0x0000000008002308                SpiritIrqDeInit
 .text.SpiritIrq
                0x0000000008002354       0xd0 Drivers/BSP/Components/spirit1/SPIRIT1_Library/Src/SPIRIT_Irq.o
                0x0000000008002354                SpiritIrq
 .text.SpiritIrqGetStatus
                0x0000000008002424       0x64 Drivers/BSP/Components/spirit1/SPIRIT1_Library/Src/SPIRIT_Irq.o
                0x0000000008002424                SpiritIrqGetStatus
 .text.SpiritIrqClearStatus
                0x0000000008002488       0x30 Drivers/BSP/Components/spirit1/SPIRIT1_Library/Src/SPIRIT_Irq.o
                0x0000000008002488                SpiritIrqClearStatus
 .text.SpiritLinearFifoReadNumElementsRxFifo
                0x00000000080024b8       0x38 Drivers/BSP/Components/spirit1/SPIRIT1_Library/Src/SPIRIT_LinearFifo.o
                0x00000000080024b8                SpiritLinearFifoReadNumElementsRxFifo
 .text.SpiritManagementSetFrequencyBase
                0x00000000080024f0      0x204 Drivers/BSP/Components/spirit1/SPIRIT1_Library/Src/SPIRIT_Management.o
                0x00000000080024f0                SpiritManagementSetFrequencyBase
 .text.SpiritManagementWaVcoCalibration
                0x00000000080026f4      0x180 Drivers/BSP/Components/spirit1/SPIRIT1_Library/Src/SPIRIT_Management.o
                0x00000000080026f4                SpiritManagementWaVcoCalibration
 .text.SpiritManagementWaCmdStrobeTx
                0x0000000008002874       0x70 Drivers/BSP/Components/spirit1/SPIRIT1_Library/Src/SPIRIT_Management.o
                0x0000000008002874                SpiritManagementWaCmdStrobeTx
 .text.SpiritManagementWaCmdStrobeRx
                0x00000000080028e4       0x38 Drivers/BSP/Components/spirit1/SPIRIT1_Library/Src/SPIRIT_Management.o
                0x00000000080028e4                SpiritManagementWaCmdStrobeRx
 .text.SpiritManagementWaTRxFcMem
                0x000000000800291c       0x28 Drivers/BSP/Components/spirit1/SPIRIT1_Library/Src/SPIRIT_Management.o
                0x000000000800291c                SpiritManagementWaTRxFcMem
 .text.SpiritPktBasicInit
                0x0000000008002944      0x1b0 Drivers/BSP/Components/spirit1/SPIRIT1_Library/Src/SPIRIT_PktBasic.o
                0x0000000008002944                SpiritPktBasicInit
 .text.SpiritPktBasicAddressesInit
                0x0000000008002af4       0xdc Drivers/BSP/Components/spirit1/SPIRIT1_Library/Src/SPIRIT_PktBasic.o
                0x0000000008002af4                SpiritPktBasicAddressesInit
 .text.SpiritPktBasicGetAddressField
                0x0000000008002bd0       0x40 Drivers/BSP/Components/spirit1/SPIRIT1_Library/Src/SPIRIT_PktBasic.o
                0x0000000008002bd0                SpiritPktBasicGetAddressField
 .text.SpiritPktBasicSetPayloadLength
                0x0000000008002c10       0x70 Drivers/BSP/Components/spirit1/SPIRIT1_Library/Src/SPIRIT_PktBasic.o
                0x0000000008002c10                SpiritPktBasicSetPayloadLength
 .text.SpiritPktCommonGetControlLength
                0x0000000008002c80       0x38 Drivers/BSP/Components/spirit1/SPIRIT1_Library/Src/SPIRIT_PktCommon.o
                0x0000000008002c80                SpiritPktCommonGetControlLength
 .text.SpiritPktCommonFilterOnCrc
                0x0000000008002cb8       0x70 Drivers/BSP/Components/spirit1/SPIRIT1_Library/Src/SPIRIT_PktCommon.o
                0x0000000008002cb8                SpiritPktCommonFilterOnCrc
 .text.SpiritPktCommonSetDestinationAddress
                0x0000000008002d28       0x34 Drivers/BSP/Components/spirit1/SPIRIT1_Library/Src/SPIRIT_PktCommon.o
                0x0000000008002d28                SpiritPktCommonSetDestinationAddress
 .text.SpiritPktCommonGetReceivedDestAddress
                0x0000000008002d5c       0x30 Drivers/BSP/Components/spirit1/SPIRIT1_Library/Src/SPIRIT_PktCommon.o
                0x0000000008002d5c                SpiritPktCommonGetReceivedDestAddress
 .text.SpiritQiSqiCheck
                0x0000000008002d8c       0x70 Drivers/BSP/Components/spirit1/SPIRIT1_Library/Src/SPIRIT_Qi.o
                0x0000000008002d8c                SpiritQiSqiCheck
 .text.SpiritQiSetSqiThreshold
                0x0000000008002dfc       0x68 Drivers/BSP/Components/spirit1/SPIRIT1_Library/Src/SPIRIT_Qi.o
                0x0000000008002dfc                SpiritQiSetSqiThreshold
 .text.SpiritQiSetRssiThresholddBm
                0x0000000008002e64       0x40 Drivers/BSP/Components/spirit1/SPIRIT1_Library/Src/SPIRIT_Qi.o
                0x0000000008002e64                SpiritQiSetRssiThresholddBm
 *fill*         0x0000000008002ea4        0x4 
 .text.SpiritRadioInit
                0x0000000008002ea8      0x400 Drivers/BSP/Components/spirit1/SPIRIT1_Library/Src/SPIRIT_Radio.o
                0x0000000008002ea8                SpiritRadioInit
 .text.SpiritRadioSetXtalFlag
                0x00000000080032a8       0x74 Drivers/BSP/Components/spirit1/SPIRIT1_Library/Src/SPIRIT_Radio.o
                0x00000000080032a8                SpiritRadioSetXtalFlag
 .text.SpiritRadioSearchWCP
                0x000000000800331c      0x128 Drivers/BSP/Components/spirit1/SPIRIT1_Library/Src/SPIRIT_Radio.o
                0x000000000800331c                SpiritRadioSearchWCP
 .text.SpiritRadioGetSynthWord
                0x0000000008003444       0x4c Drivers/BSP/Components/spirit1/SPIRIT1_Library/Src/SPIRIT_Radio.o
                0x0000000008003444                SpiritRadioGetSynthWord
 .text.SpiritRadioGetBand
                0x0000000008003490       0x5c Drivers/BSP/Components/spirit1/SPIRIT1_Library/Src/SPIRIT_Radio.o
                0x0000000008003490                SpiritRadioGetBand
 .text.SpiritRadioGetChannel
                0x00000000080034ec       0x30 Drivers/BSP/Components/spirit1/SPIRIT1_Library/Src/SPIRIT_Radio.o
                0x00000000080034ec                SpiritRadioGetChannel
 .text.SpiritRadioGetChannelSpace
                0x000000000800351c       0x40 Drivers/BSP/Components/spirit1/SPIRIT1_Library/Src/SPIRIT_Radio.o
                0x000000000800351c                SpiritRadioGetChannelSpace
 .text.SpiritRadioGetFrequencyOffset
                0x000000000800355c       0x88 Drivers/BSP/Components/spirit1/SPIRIT1_Library/Src/SPIRIT_Radio.o
                0x000000000800355c                SpiritRadioGetFrequencyOffset
 .text.SpiritRadioSetFrequencyBase
                0x00000000080035e4      0x23c Drivers/BSP/Components/spirit1/SPIRIT1_Library/Src/SPIRIT_Radio.o
                0x00000000080035e4                SpiritRadioSetFrequencyBase
 .text.SpiritRadioGetFrequencyBase
                0x0000000008003820       0x98 Drivers/BSP/Components/spirit1/SPIRIT1_Library/Src/SPIRIT_Radio.o
                0x0000000008003820                SpiritRadioGetFrequencyBase
 .text.SpiritRadioSearchDatarateME
                0x00000000080038b8      0x168 Drivers/BSP/Components/spirit1/SPIRIT1_Library/Src/SPIRIT_Radio.o
                0x00000000080038b8                SpiritRadioSearchDatarateME
 .text.SpiritRadioSearchChannelBwME
                0x0000000008003a20      0x1d8 Drivers/BSP/Components/spirit1/SPIRIT1_Library/Src/SPIRIT_Radio.o
                0x0000000008003a20                SpiritRadioSearchChannelBwME
 .text.SpiritRadioSearchFreqDevME
                0x0000000008003bf8      0x170 Drivers/BSP/Components/spirit1/SPIRIT1_Library/Src/SPIRIT_Radio.o
                0x0000000008003bf8                SpiritRadioSearchFreqDevME
 .text.SpiritRadioGetdBm2Reg
                0x0000000008003d68      0x218 Drivers/BSP/Components/spirit1/SPIRIT1_Library/Src/SPIRIT_Radio.o
                0x0000000008003d68                SpiritRadioGetdBm2Reg
 .text.SpiritRadioSetPALeveldBm
                0x0000000008003f80       0x54 Drivers/BSP/Components/spirit1/SPIRIT1_Library/Src/SPIRIT_Radio.o
                0x0000000008003f80                SpiritRadioSetPALeveldBm
 .text.SpiritRadioSetPACwc
                0x0000000008003fd4       0x58 Drivers/BSP/Components/spirit1/SPIRIT1_Library/Src/SPIRIT_Radio.o
                0x0000000008003fd4                SpiritRadioSetPACwc
 .text.SpiritRadioSetPALevelMaxIndex
                0x000000000800402c       0x58 Drivers/BSP/Components/spirit1/SPIRIT1_Library/Src/SPIRIT_Radio.o
                0x000000000800402c                SpiritRadioSetPALevelMaxIndex
 .text.SpiritRadioAFCFreezeOnSync
                0x0000000008004084       0x64 Drivers/BSP/Components/spirit1/SPIRIT1_Library/Src/SPIRIT_Radio.o
                0x0000000008004084                SpiritRadioAFCFreezeOnSync
 .text.SpiritRadioCsBlanking
                0x00000000080040e8       0x60 Drivers/BSP/Components/spirit1/SPIRIT1_Library/Src/SPIRIT_Radio.o
                0x00000000080040e8                SpiritRadioCsBlanking
 .text.SpiritRadioPersistenRx
                0x0000000008004148       0x60 Drivers/BSP/Components/spirit1/SPIRIT1_Library/Src/SPIRIT_Radio.o
                0x0000000008004148                SpiritRadioPersistenRx
 .text.SpiritRadioSetRefDiv
                0x00000000080041a8       0x60 Drivers/BSP/Components/spirit1/SPIRIT1_Library/Src/SPIRIT_Radio.o
                0x00000000080041a8                SpiritRadioSetRefDiv
 .text.SpiritRadioGetRefDiv
                0x0000000008004208       0x44 Drivers/BSP/Components/spirit1/SPIRIT1_Library/Src/SPIRIT_Radio.o
                0x0000000008004208                SpiritRadioGetRefDiv
 .text.SpiritRadioSetDigDiv
                0x000000000800424c       0x60 Drivers/BSP/Components/spirit1/SPIRIT1_Library/Src/SPIRIT_Radio.o
                0x000000000800424c                SpiritRadioSetDigDiv
 .text.SpiritRadioGetDigDiv
                0x00000000080042ac       0x44 Drivers/BSP/Components/spirit1/SPIRIT1_Library/Src/SPIRIT_Radio.o
                0x00000000080042ac                SpiritRadioGetDigDiv
 .text.SpiritRadioGetXtalFrequency
                0x00000000080042f0       0x18 Drivers/BSP/Components/spirit1/SPIRIT1_Library/Src/SPIRIT_Radio.o
                0x00000000080042f0                SpiritRadioGetXtalFrequency
 .text.SpiritRadioSetXtalFrequency
                0x0000000008004308       0x20 Drivers/BSP/Components/spirit1/SPIRIT1_Library/Src/SPIRIT_Radio.o
                0x0000000008004308                SpiritRadioSetXtalFrequency
 .text.SpiritTimerSetRxTimeoutMs
                0x0000000008004328       0x4c Drivers/BSP/Components/spirit1/SPIRIT1_Library/Src/SPIRIT_Timer.o
                0x0000000008004328                SpiritTimerSetRxTimeoutMs
 .text.SpiritTimerSetRxTimeoutCounter
                0x0000000008004374       0x34 Drivers/BSP/Components/spirit1/SPIRIT1_Library/Src/SPIRIT_Timer.o
                0x0000000008004374                SpiritTimerSetRxTimeoutCounter
 .text.SpiritTimerComputeRxTimeoutValues
                0x00000000080043a8      0x268 Drivers/BSP/Components/spirit1/SPIRIT1_Library/Src/SPIRIT_Timer.o
                0x00000000080043a8                SpiritTimerComputeRxTimeoutValues
 .text.SpiritTimerSetRxTimeoutStopCondition
                0x0000000008004610       0x90 Drivers/BSP/Components/spirit1/SPIRIT1_Library/Src/SPIRIT_Timer.o
                0x0000000008004610                SpiritTimerSetRxTimeoutStopCondition
 .text.SpiritRefreshStatus
                0x00000000080046a0       0x4c Drivers/BSP/Components/spirit1/SPIRIT1_Library/Src/SPIRIT_Types.o
                0x00000000080046a0                SpiritRefreshStatus
 .text.Spirit1InterfaceInit
                0x00000000080046ec       0x10 Drivers/BSP/Components/spirit1/SPIRIT1_Util/Src/SPIRIT1_Util.o
                0x00000000080046ec                Spirit1InterfaceInit
 .text.SpiritManagementIdentificationRFBoard
                0x00000000080046fc       0x48 Drivers/BSP/Components/spirit1/SPIRIT1_Util/Src/SPIRIT1_Util.o
                0x00000000080046fc                SpiritManagementIdentificationRFBoard
 .text.SpiritManagementRangeExtInit
                0x0000000008004744       0xf8 Drivers/BSP/Components/spirit1/SPIRIT1_Util/Src/SPIRIT1_Util.o
                0x0000000008004744                SpiritManagementRangeExtInit
 .text.SpiritManagementGetRangeExtender
                0x000000000800483c       0x18 Drivers/BSP/Components/spirit1/SPIRIT1_Util/Src/SPIRIT1_Util.o
                0x000000000800483c                SpiritManagementGetRangeExtender
 .text.Spirit1GpioIrqInit
                0x0000000008004854       0x16 Drivers/BSP/Components/spirit1/SPIRIT1_Util/Src/SPIRIT1_Util.o
                0x0000000008004854                Spirit1GpioIrqInit
 .text.Spirit1RadioInit
                0x000000000800486a       0x16 Drivers/BSP/Components/spirit1/SPIRIT1_Util/Src/SPIRIT1_Util.o
                0x000000000800486a                Spirit1RadioInit
 .text.Spirit1SetPower
                0x0000000008004880       0x2a Drivers/BSP/Components/spirit1/SPIRIT1_Util/Src/SPIRIT1_Util.o
                0x0000000008004880                Spirit1SetPower
 .text.Spirit1PacketConfig
                0x00000000080048aa        0xc Drivers/BSP/Components/spirit1/SPIRIT1_Util/Src/SPIRIT1_Util.o
                0x00000000080048aa                Spirit1PacketConfig
 .text.Spirit1SetPayloadlength
                0x00000000080048b6       0x1c Drivers/BSP/Components/spirit1/SPIRIT1_Util/Src/SPIRIT1_Util.o
                0x00000000080048b6                Spirit1SetPayloadlength
 .text.Spirit1SetDestinationAddress
                0x00000000080048d2       0x1a Drivers/BSP/Components/spirit1/SPIRIT1_Util/Src/SPIRIT1_Util.o
                0x00000000080048d2                Spirit1SetDestinationAddress
 .text.Spirit1EnableTxIrq
                0x00000000080048ec       0x10 Drivers/BSP/Components/spirit1/SPIRIT1_Util/Src/SPIRIT1_Util.o
                0x00000000080048ec                Spirit1EnableTxIrq
 .text.Spirit1EnableRxIrq
                0x00000000080048fc       0x22 Drivers/BSP/Components/spirit1/SPIRIT1_Util/Src/SPIRIT1_Util.o
                0x00000000080048fc                Spirit1EnableRxIrq
 .text.Spirit1DisableIrq
                0x000000000800491e        0xe Drivers/BSP/Components/spirit1/SPIRIT1_Util/Src/SPIRIT1_Util.o
                0x000000000800491e                Spirit1DisableIrq
 .text.Spirit1SetRxTimeout
                0x000000000800492c       0x40 Drivers/BSP/Components/spirit1/SPIRIT1_Util/Src/SPIRIT1_Util.o
                0x000000000800492c                Spirit1SetRxTimeout
 .text.Spirit1SetRssiTH
                0x000000000800496c       0x16 Drivers/BSP/Components/spirit1/SPIRIT1_Util/Src/SPIRIT1_Util.o
                0x000000000800496c                Spirit1SetRssiTH
 .text.Spirit1EnableSQI
                0x0000000008004982       0x14 Drivers/BSP/Components/spirit1/SPIRIT1_Util/Src/SPIRIT1_Util.o
                0x0000000008004982                Spirit1EnableSQI
 *fill*         0x0000000008004996        0x2 
 .text.Spirit1StartRx
                0x0000000008004998       0x2c Drivers/BSP/Components/spirit1/SPIRIT1_Util/Src/SPIRIT1_Util.o
                0x0000000008004998                Spirit1StartRx
 .text.Spirit1GetRxPacket
                0x00000000080049c4       0x38 Drivers/BSP/Components/spirit1/SPIRIT1_Util/Src/SPIRIT1_Util.o
                0x00000000080049c4                Spirit1GetRxPacket
 .text.Spirit1StartTx
                0x00000000080049fc       0x6c Drivers/BSP/Components/spirit1/SPIRIT1_Util/Src/SPIRIT1_Util.o
                0x00000000080049fc                Spirit1StartTx
 .text.Spirit1ClearIRQ
                0x0000000008004a68        0xc Drivers/BSP/Components/spirit1/SPIRIT1_Util/Src/SPIRIT1_Util.o
                0x0000000008004a68                Spirit1ClearIRQ
 .text.RadioGpioInterruptCmd
                0x0000000008004a74       0x60 Drivers/BSP/X-NUCLEO-IDS01Ax/Src/radio_gpio.o
                0x0000000008004a74                RadioGpioInterruptCmd
 .text.RadioShieldLedOff
                0x0000000008004ad4       0x28 Drivers/BSP/X-NUCLEO-IDS01Ax/Src/radio_shield_config.o
                0x0000000008004ad4                RadioShieldLedOff
 .text.RadioSpiInit
                0x0000000008004afc       0x74 Drivers/BSP/X-NUCLEO-IDS01Ax/Src/radio_spi.o
                0x0000000008004afc                RadioSpiInit
 .text.SPI_Write
                0x0000000008004b70       0x4c Drivers/BSP/X-NUCLEO-IDS01Ax/Src/radio_spi.o
 .text.SPI_Error
                0x0000000008004bbc       0x18 Drivers/BSP/X-NUCLEO-IDS01Ax/Src/radio_spi.o
 .text.RadioSpiWriteRegisters
                0x0000000008004bd4      0x158 Drivers/BSP/X-NUCLEO-IDS01Ax/Src/radio_spi.o
                0x0000000008004bd4                RadioSpiWriteRegisters
 .text.RadioSpiReadRegisters
                0x0000000008004d2c      0x164 Drivers/BSP/X-NUCLEO-IDS01Ax/Src/radio_spi.o
                0x0000000008004d2c                RadioSpiReadRegisters
 .text.RadioSpiCommandStrobes
                0x0000000008004e90      0x130 Drivers/BSP/X-NUCLEO-IDS01Ax/Src/radio_spi.o
                0x0000000008004e90                RadioSpiCommandStrobes
 .text.RadioSpiWriteFifo
                0x0000000008004fc0      0x154 Drivers/BSP/X-NUCLEO-IDS01Ax/Src/radio_spi.o
                0x0000000008004fc0                RadioSpiWriteFifo
 .text.RadioSpiReadFifo
                0x0000000008005114      0x15c Drivers/BSP/X-NUCLEO-IDS01Ax/Src/radio_spi.o
                0x0000000008005114                RadioSpiReadFifo
 .text.HAL_Init
                0x0000000008005270       0x44 Drivers/STM32F4xx_HAL_Driver/Src/stm32f4xx_hal.o
                0x0000000008005270                HAL_Init
 .text.HAL_InitTick
                0x00000000080052b4       0x60 Drivers/STM32F4xx_HAL_Driver/Src/stm32f4xx_hal.o
                0x00000000080052b4                HAL_InitTick
 .text.HAL_IncTick
                0x0000000008005314       0x28 Drivers/STM32F4xx_HAL_Driver/Src/stm32f4xx_hal.o
                0x0000000008005314                HAL_IncTick
 .text.HAL_GetTick
                0x000000000800533c       0x18 Drivers/STM32F4xx_HAL_Driver/Src/stm32f4xx_hal.o
                0x000000000800533c                HAL_GetTick
 .text.HAL_Delay
                0x0000000008005354       0x44 Drivers/STM32F4xx_HAL_Driver/Src/stm32f4xx_hal.o
                0x0000000008005354                HAL_Delay
 .text.__NVIC_SetPriorityGrouping
                0x0000000008005398       0x48 Drivers/STM32F4xx_HAL_Driver/Src/stm32f4xx_hal_cortex.o
 .text.__NVIC_GetPriorityGrouping
                0x00000000080053e0       0x1c Drivers/STM32F4xx_HAL_Driver/Src/stm32f4xx_hal_cortex.o
 .text.__NVIC_EnableIRQ
                0x00000000080053fc       0x3c Drivers/STM32F4xx_HAL_Driver/Src/stm32f4xx_hal_cortex.o
 .text.__NVIC_DisableIRQ
                0x0000000008005438       0x44 Drivers/STM32F4xx_HAL_Driver/Src/stm32f4xx_hal_cortex.o
 .text.__NVIC_SetPriority
                0x000000000800547c       0x54 Drivers/STM32F4xx_HAL_Driver/Src/stm32f4xx_hal_cortex.o
 .text.NVIC_EncodePriority
                0x00000000080054d0       0x66 Drivers/STM32F4xx_HAL_Driver/Src/stm32f4xx_hal_cortex.o
 *fill*         0x0000000008005536        0x2 
 .text.SysTick_Config
                0x0000000008005538       0x44 Drivers/STM32F4xx_HAL_Driver/Src/stm32f4xx_hal_cortex.o
 .text.HAL_NVIC_SetPriorityGrouping
                0x000000000800557c       0x16 Drivers/STM32F4xx_HAL_Driver/Src/stm32f4xx_hal_cortex.o
                0x000000000800557c                HAL_NVIC_SetPriorityGrouping
 .text.HAL_NVIC_SetPriority
                0x0000000008005592       0x38 Drivers/STM32F4xx_HAL_Driver/Src/stm32f4xx_hal_cortex.o
                0x0000000008005592                HAL_NVIC_SetPriority
 .text.HAL_NVIC_EnableIRQ
                0x00000000080055ca       0x1c Drivers/STM32F4xx_HAL_Driver/Src/stm32f4xx_hal_cortex.o
                0x00000000080055ca                HAL_NVIC_EnableIRQ
 .text.HAL_NVIC_DisableIRQ
                0x00000000080055e6       0x1c Drivers/STM32F4xx_HAL_Driver/Src/stm32f4xx_hal_cortex.o
                0x00000000080055e6                HAL_NVIC_DisableIRQ
 .text.HAL_SYSTICK_Config
                0x0000000008005602       0x18 Drivers/STM32F4xx_HAL_Driver/Src/stm32f4xx_hal_cortex.o
                0x0000000008005602                HAL_SYSTICK_Config
 *fill*         0x000000000800561a        0x2 
 .text.HAL_GPIO_Init
                0x000000000800561c      0x304 Drivers/STM32F4xx_HAL_Driver/Src/stm32f4xx_hal_gpio.o
                0x000000000800561c                HAL_GPIO_Init
 .text.HAL_GPIO_DeInit
                0x0000000008005920      0x1c4 Drivers/STM32F4xx_HAL_Driver/Src/stm32f4xx_hal_gpio.o
                0x0000000008005920                HAL_GPIO_DeInit
 .text.HAL_GPIO_WritePin
                0x0000000008005ae4       0x32 Drivers/STM32F4xx_HAL_Driver/Src/stm32f4xx_hal_gpio.o
                0x0000000008005ae4                HAL_GPIO_WritePin
 .text.HAL_GPIO_TogglePin
                0x0000000008005b16       0x36 Drivers/STM32F4xx_HAL_Driver/Src/stm32f4xx_hal_gpio.o
                0x0000000008005b16                HAL_GPIO_TogglePin
 .text.HAL_GPIO_EXTI_IRQHandler
                0x0000000008005b4c       0x30 Drivers/STM32F4xx_HAL_Driver/Src/stm32f4xx_hal_gpio.o
                0x0000000008005b4c                HAL_GPIO_EXTI_IRQHandler
 .text.HAL_RCC_OscConfig
                0x0000000008005b7c      0x4e0 Drivers/STM32F4xx_HAL_Driver/Src/stm32f4xx_hal_rcc.o
                0x0000000008005b7c                HAL_RCC_OscConfig
 .text.HAL_RCC_ClockConfig
                0x000000000800605c      0x1cc Drivers/STM32F4xx_HAL_Driver/Src/stm32f4xx_hal_rcc.o
                0x000000000800605c                HAL_RCC_ClockConfig
 .text.HAL_RCC_GetSysClockFreq
                0x0000000008006228      0x164 Drivers/STM32F4xx_HAL_Driver/Src/stm32f4xx_hal_rcc.o
                0x0000000008006228                HAL_RCC_GetSysClockFreq
 .text.HAL_SPI_Init
                0x000000000800638c       0xc8 Drivers/STM32F4xx_HAL_Driver/Src/stm32f4xx_hal_spi.o
                0x000000000800638c                HAL_SPI_Init
 .text.HAL_SPI_DeInit
                0x0000000008006454       0x50 Drivers/STM32F4xx_HAL_Driver/Src/stm32f4xx_hal_spi.o
                0x0000000008006454                HAL_SPI_DeInit
 .text.HAL_SPI_Transmit
                0x00000000080064a4      0x268 Drivers/STM32F4xx_HAL_Driver/Src/stm32f4xx_hal_spi.o
                0x00000000080064a4                HAL_SPI_Transmit
 .text.HAL_SPI_TransmitReceive
                0x000000000800670c      0x344 Drivers/STM32F4xx_HAL_Driver/Src/stm32f4xx_hal_spi.o
                0x000000000800670c                HAL_SPI_TransmitReceive
 .text.HAL_SPI_GetState
                0x0000000008006a50       0x1c Drivers/STM32F4xx_HAL_Driver/Src/stm32f4xx_hal_spi.o
                0x0000000008006a50                HAL_SPI_GetState
 .text.SPI_WaitFlagStateUntilTimeout
                0x0000000008006a6c       0xd4 Drivers/STM32F4xx_HAL_Driver/Src/stm32f4xx_hal_spi.o
 .text.SPI_EndRxTxTransaction
                0x0000000008006b40       0x84 Drivers/STM32F4xx_HAL_Driver/Src/stm32f4xx_hal_spi.o
 .text.HAL_TIM_Base_Init
                0x0000000008006bc4       0x56 Drivers/STM32F4xx_HAL_Driver/Src/stm32f4xx_hal_tim.o
                0x0000000008006bc4                HAL_TIM_Base_Init
 *fill*         0x0000000008006c1a        0x2 
 .text.HAL_TIM_OC_Start_IT
                0x0000000008006c1c       0xf0 Drivers/STM32F4xx_HAL_Driver/Src/stm32f4xx_hal_tim.o
                0x0000000008006c1c                HAL_TIM_OC_Start_IT
 .text.HAL_TIM_ConfigClockSource
                0x0000000008006d0c      0x16e Drivers/STM32F4xx_HAL_Driver/Src/stm32f4xx_hal_tim.o
                0x0000000008006d0c                HAL_TIM_ConfigClockSource
 *fill*         0x0000000008006e7a        0x2 
 .text.TIM_Base_SetConfig
                0x0000000008006e7c      0x100 Drivers/STM32F4xx_HAL_Driver/Src/stm32f4xx_hal_tim.o
                0x0000000008006e7c                TIM_Base_SetConfig
 .text.TIM_TI1_ConfigInputStage
                0x0000000008006f7c       0x5e Drivers/STM32F4xx_HAL_Driver/Src/stm32f4xx_hal_tim.o
 .text.TIM_TI2_ConfigInputStage
                0x0000000008006fda       0x60 Drivers/STM32F4xx_HAL_Driver/Src/stm32f4xx_hal_tim.o
 .text.TIM_ITRx_SetConfig
                0x000000000800703a       0x36 Drivers/STM32F4xx_HAL_Driver/Src/stm32f4xx_hal_tim.o
 .text.TIM_ETR_SetConfig
                0x0000000008007070       0x40 Drivers/STM32F4xx_HAL_Driver/Src/stm32f4xx_hal_tim.o
                0x0000000008007070                TIM_ETR_SetConfig
 .text.TIM_CCxChannelCmd
                0x00000000080070b0       0x4a Drivers/STM32F4xx_HAL_Driver/Src/stm32f4xx_hal_tim.o
                0x00000000080070b0                TIM_CCxChannelCmd
 *fill*         0x00000000080070fa        0x2 
 .text.HAL_TIMEx_MasterConfigSynchronization
                0x00000000080070fc       0xdc Drivers/STM32F4xx_HAL_Driver/Src/stm32f4xx_hal_tim_ex.o
                0x00000000080070fc                HAL_TIMEx_MasterConfigSynchronization
 .text.__errno  0x00000000080071d8        0xc d:/st/stm32cubeide_1.3.0/stm32cubeide/plugins/com.st.stm32cube.ide.mcu.externaltools.gnu-tools-for-stm32.7-2018-q2-update.win32_1.4.0.202007081208/tools/bin/../lib/gcc/arm-none-eabi/7.3.1/../../../../arm-none-eabi/lib/thumb/v7e-m/fpv4-sp/hard\libc_nano.a(lib_a-errno.o)
                0x00000000080071d8                __errno
 .text.__libc_init_array
                0x00000000080071e4       0x48 d:/st/stm32cubeide_1.3.0/stm32cubeide/plugins/com.st.stm32cube.ide.mcu.externaltools.gnu-tools-for-stm32.7-2018-q2-update.win32_1.4.0.202007081208/tools/bin/../lib/gcc/arm-none-eabi/7.3.1/../../../../arm-none-eabi/lib/thumb/v7e-m/fpv4-sp/hard\libc_nano.a(lib_a-init.o)
                0x00000000080071e4                __libc_init_array
 .text.malloc   0x000000000800722c       0x10 d:/st/stm32cubeide_1.3.0/stm32cubeide/plugins/com.st.stm32cube.ide.mcu.externaltools.gnu-tools-for-stm32.7-2018-q2-update.win32_1.4.0.202007081208/tools/bin/../lib/gcc/arm-none-eabi/7.3.1/../../../../arm-none-eabi/lib/thumb/v7e-m/fpv4-sp/hard\libc_nano.a(lib_a-malloc.o)
                0x000000000800722c                malloc
 .text.memset   0x000000000800723c       0x10 d:/st/stm32cubeide_1.3.0/stm32cubeide/plugins/com.st.stm32cube.ide.mcu.externaltools.gnu-tools-for-stm32.7-2018-q2-update.win32_1.4.0.202007081208/tools/bin/../lib/gcc/arm-none-eabi/7.3.1/../../../../arm-none-eabi/lib/thumb/v7e-m/fpv4-sp/hard\libc_nano.a(lib_a-memset.o)
                0x000000000800723c                memset
 .text._malloc_r
                0x000000000800724c       0xb4 d:/st/stm32cubeide_1.3.0/stm32cubeide/plugins/com.st.stm32cube.ide.mcu.externaltools.gnu-tools-for-stm32.7-2018-q2-update.win32_1.4.0.202007081208/tools/bin/../lib/gcc/arm-none-eabi/7.3.1/../../../../arm-none-eabi/lib/thumb/v7e-m/fpv4-sp/hard\libc_nano.a(lib_a-nano-mallocr.o)
                0x000000000800724c                _malloc_r
 .text._sbrk_r  0x0000000008007300       0x20 d:/st/stm32cubeide_1.3.0/stm32cubeide/plugins/com.st.stm32cube.ide.mcu.externaltools.gnu-tools-for-stm32.7-2018-q2-update.win32_1.4.0.202007081208/tools/bin/../lib/gcc/arm-none-eabi/7.3.1/../../../../arm-none-eabi/lib/thumb/v7e-m/fpv4-sp/hard\libc_nano.a(lib_a-sbrkr.o)
                0x0000000008007300                _sbrk_r
 .text.__malloc_lock
                0x0000000008007320        0x2 d:/st/stm32cubeide_1.3.0/stm32cubeide/plugins/com.st.stm32cube.ide.mcu.externaltools.gnu-tools-for-stm32.7-2018-q2-update.win32_1.4.0.202007081208/tools/bin/../lib/gcc/arm-none-eabi/7.3.1/../../../../arm-none-eabi/lib/thumb/v7e-m/fpv4-sp/hard\libc_nano.a(lib_a-mlock.o)
                0x0000000008007320                __malloc_lock
 .text.__malloc_unlock
                0x0000000008007322        0x2 d:/st/stm32cubeide_1.3.0/stm32cubeide/plugins/com.st.stm32cube.ide.mcu.externaltools.gnu-tools-for-stm32.7-2018-q2-update.win32_1.4.0.202007081208/tools/bin/../lib/gcc/arm-none-eabi/7.3.1/../../../../arm-none-eabi/lib/thumb/v7e-m/fpv4-sp/hard\libc_nano.a(lib_a-mlock.o)
                0x0000000008007322                __malloc_unlock
 .text.round    0x0000000008007324       0x94 d:/st/stm32cubeide_1.3.0/stm32cubeide/plugins/com.st.stm32cube.ide.mcu.externaltools.gnu-tools-for-stm32.7-2018-q2-update.win32_1.4.0.202007081208/tools/bin/../lib/gcc/arm-none-eabi/7.3.1/../../../../arm-none-eabi/lib/thumb/v7e-m/fpv4-sp/hard\libm.a(lib_a-s_round.o)
                0x0000000008007324                round
 *(.glue_7)
 .glue_7        0x00000000080073b8        0x0 linker stubs
 *(.glue_7t)
 .glue_7t       0x00000000080073b8        0x0 linker stubs
 *(.eh_frame)
 .eh_frame      0x00000000080073b8        0x0 d:/st/stm32cubeide_1.3.0/stm32cubeide/plugins/com.st.stm32cube.ide.mcu.externaltools.gnu-tools-for-stm32.7-2018-q2-update.win32_1.4.0.202007081208/tools/bin/../lib/gcc/arm-none-eabi/7.3.1/thumb/v7e-m/fpv4-sp/hard/crtbegin.o
 *(.init)
 .init          0x00000000080073b8        0x4 d:/st/stm32cubeide_1.3.0/stm32cubeide/plugins/com.st.stm32cube.ide.mcu.externaltools.gnu-tools-for-stm32.7-2018-q2-update.win32_1.4.0.202007081208/tools/bin/../lib/gcc/arm-none-eabi/7.3.1/thumb/v7e-m/fpv4-sp/hard/crti.o
                0x00000000080073b8                _init
 .init          0x00000000080073bc        0x8 d:/st/stm32cubeide_1.3.0/stm32cubeide/plugins/com.st.stm32cube.ide.mcu.externaltools.gnu-tools-for-stm32.7-2018-q2-update.win32_1.4.0.202007081208/tools/bin/../lib/gcc/arm-none-eabi/7.3.1/thumb/v7e-m/fpv4-sp/hard/crtn.o
 *(.fini)
 .fini          0x00000000080073c4        0x4 d:/st/stm32cubeide_1.3.0/stm32cubeide/plugins/com.st.stm32cube.ide.mcu.externaltools.gnu-tools-for-stm32.7-2018-q2-update.win32_1.4.0.202007081208/tools/bin/../lib/gcc/arm-none-eabi/7.3.1/thumb/v7e-m/fpv4-sp/hard/crti.o
                0x00000000080073c4                _fini
 .fini          0x00000000080073c8        0x8 d:/st/stm32cubeide_1.3.0/stm32cubeide/plugins/com.st.stm32cube.ide.mcu.externaltools.gnu-tools-for-stm32.7-2018-q2-update.win32_1.4.0.202007081208/tools/bin/../lib/gcc/arm-none-eabi/7.3.1/thumb/v7e-m/fpv4-sp/hard/crtn.o
                0x00000000080073d0                . = ALIGN (0x4)
                0x00000000080073d0                _etext = .

.vfp11_veneer   0x00000000080073d0        0x0
 .vfp11_veneer  0x00000000080073d0        0x0 linker stubs

.v4_bx          0x00000000080073d0        0x0
 .v4_bx         0x00000000080073d0        0x0 linker stubs

.iplt           0x00000000080073d0        0x0
 .iplt          0x00000000080073d0        0x0 d:/st/stm32cubeide_1.3.0/stm32cubeide/plugins/com.st.stm32cube.ide.mcu.externaltools.gnu-tools-for-stm32.7-2018-q2-update.win32_1.4.0.202007081208/tools/bin/../lib/gcc/arm-none-eabi/7.3.1/thumb/v7e-m/fpv4-sp/hard/crtbegin.o

.rodata         0x00000000080073d0      0x184
                0x00000000080073d0                . = ALIGN (0x4)
 *(.rodata)
 .rodata        0x00000000080073d0       0x13 Drivers/BSP/Components/spirit1/SPIRIT1_Util/Src/SPIRIT1_Util.o
 *(.rodata*)
 *fill*         0x00000000080073e3        0x1 
 .rodata.AHBPrescTable
                0x00000000080073e4       0x10 Core/Src/system_stm32f4xx.o
                0x00000000080073e4                AHBPrescTable
 .rodata.s_vectcBandRegValue
                0x00000000080073f4        0x4 Drivers/BSP/Components/spirit1/SPIRIT1_Library/Src/SPIRIT_Management.o
 .rodata.s_vectcBHalfFactor
                0x00000000080073f8        0x4 Drivers/BSP/Components/spirit1/SPIRIT1_Library/Src/SPIRIT_Management.o
 .rodata.s_vectcBHalfFactor
                0x00000000080073fc        0x4 Drivers/BSP/Components/spirit1/SPIRIT1_Library/Src/SPIRIT_Radio.o
 .rodata.s_vectcBandRegValue
                0x0000000008007400        0x4 Drivers/BSP/Components/spirit1/SPIRIT1_Library/Src/SPIRIT_Radio.o
 .rodata.s_vectnBandwidth26M
                0x0000000008007404       0xb4 Drivers/BSP/Components/spirit1/SPIRIT1_Library/Src/SPIRIT_Radio.o
 .rodata.s_vectnVCOFreq
                0x00000000080074b8       0x20 Drivers/BSP/Components/spirit1/SPIRIT1_Library/Src/SPIRIT_Radio.o
 .rodata.fPowerFactors
                0x00000000080074d8       0x78 Drivers/BSP/Components/spirit1/SPIRIT1_Library/Src/SPIRIT_Radio.o
 .rodata.aRADIO_GPIO_IRQn
                0x0000000008007550        0x4 Drivers/BSP/X-NUCLEO-IDS01Ax/Src/radio_gpio.o
                0x0000000008007554                . = ALIGN (0x4)

.ARM.extab      0x0000000008007554        0x0
                0x0000000008007554                . = ALIGN (0x4)
 *(.ARM.extab* .gnu.linkonce.armextab.*)
                0x0000000008007554                . = ALIGN (0x4)

.ARM            0x0000000008007554        0x8
                0x0000000008007554                . = ALIGN (0x4)
                0x0000000008007554                __exidx_start = .
 *(.ARM.exidx*)
 .ARM.exidx     0x0000000008007554        0x8 d:/st/stm32cubeide_1.3.0/stm32cubeide/plugins/com.st.stm32cube.ide.mcu.externaltools.gnu-tools-for-stm32.7-2018-q2-update.win32_1.4.0.202007081208/tools/bin/../lib/gcc/arm-none-eabi/7.3.1/thumb/v7e-m/fpv4-sp/hard\libgcc.a(_udivmoddi4.o)
                0x000000000800755c                __exidx_end = .
                0x000000000800755c                . = ALIGN (0x4)

.rel.dyn        0x000000000800755c        0x0
 .rel.iplt      0x000000000800755c        0x0 d:/st/stm32cubeide_1.3.0/stm32cubeide/plugins/com.st.stm32cube.ide.mcu.externaltools.gnu-tools-for-stm32.7-2018-q2-update.win32_1.4.0.202007081208/tools/bin/../lib/gcc/arm-none-eabi/7.3.1/thumb/v7e-m/fpv4-sp/hard/crtbegin.o

.preinit_array  0x000000000800755c        0x0
                0x000000000800755c                . = ALIGN (0x4)
                0x000000000800755c                PROVIDE (__preinit_array_start = .)
 *(.preinit_array*)
                0x000000000800755c                PROVIDE (__preinit_array_end = .)
                0x000000000800755c                . = ALIGN (0x4)

.init_array     0x000000000800755c        0x4
                0x000000000800755c                . = ALIGN (0x4)
                0x000000000800755c                PROVIDE (__init_array_start = .)
 *(SORT_BY_NAME(.init_array.*))
 *(.init_array*)
 .init_array    0x000000000800755c        0x4 d:/st/stm32cubeide_1.3.0/stm32cubeide/plugins/com.st.stm32cube.ide.mcu.externaltools.gnu-tools-for-stm32.7-2018-q2-update.win32_1.4.0.202007081208/tools/bin/../lib/gcc/arm-none-eabi/7.3.1/thumb/v7e-m/fpv4-sp/hard/crtbegin.o
                0x0000000008007560                PROVIDE (__init_array_end = .)
                0x0000000008007560                . = ALIGN (0x4)

.fini_array     0x0000000008007560        0x4
                0x0000000008007560                . = ALIGN (0x4)
                [!provide]                        PROVIDE (__fini_array_start = .)
 *(SORT_BY_NAME(.fini_array.*))
 *(.fini_array*)
 .fini_array    0x0000000008007560        0x4 d:/st/stm32cubeide_1.3.0/stm32cubeide/plugins/com.st.stm32cube.ide.mcu.externaltools.gnu-tools-for-stm32.7-2018-q2-update.win32_1.4.0.202007081208/tools/bin/../lib/gcc/arm-none-eabi/7.3.1/thumb/v7e-m/fpv4-sp/hard/crtbegin.o
                [!provide]                        PROVIDE (__fini_array_end = .)
                0x0000000008007564                . = ALIGN (0x4)
                0x0000000008007564                _sidata = LOADADDR (.data)

.data           0x0000000020000000      0x258 load address 0x0000000008007564
                0x0000000020000000                . = ALIGN (0x4)
                0x0000000020000000                _sdata = .
 *(.data)
 *(.data*)
 .data.radio_cb
                0x0000000020000000       0x44 Core/Src/radio_appli.o
                0x0000000020000000                radio_cb
 .data.xGpioIRQ
                0x0000000020000044        0x3 Core/Src/radio_appli.o
                0x0000000020000044                xGpioIRQ
 *fill*         0x0000000020000047        0x1 
 .data.xRadioInit
                0x0000000020000048       0x1c Core/Src/radio_appli.o
                0x0000000020000048                xRadioInit
 .data.xBasicInit
                0x0000000020000064       0x10 Core/Src/radio_appli.o
                0x0000000020000064                xBasicInit
 .data.xAddressInit
                0x0000000020000074        0x6 Core/Src/radio_appli.o
                0x0000000020000074                xAddressInit
 *fill*         0x000000002000007a        0x2 
 .data.xCsmaInit
                0x000000002000007c        0x8 Core/Src/radio_appli.o
                0x000000002000007c                xCsmaInit
 .data.TxLength
                0x0000000020000084        0x1 Core/Src/radio_appli.o
                0x0000000020000084                TxLength
 *fill*         0x0000000020000085        0x3 
 .data.aTransmitBuffer
                0x0000000020000088       0x14 Core/Src/radio_appli.o
                0x0000000020000088                aTransmitBuffer
 .data.radio_states
                0x000000002000009c       0xc0 Core/Src/radio_appli.o
 .data.LED_433_states
                0x000000002000015c       0x30 Core/Src/radio_appli.o
 .data.LED_868_states
                0x000000002000018c       0x30 Core/Src/radio_appli.o
 .data.LED1_states
                0x00000000200001bc       0x20 Core/Src/radio_appli.o
 .data.SystemCoreClock
                0x00000000200001dc        0x4 Core/Src/system_stm32f4xx.o
                0x00000000200001dc                SystemCoreClock
 .data.s_cCommunicationState
                0x00000000200001e0        0x1 Drivers/BSP/Components/spirit1/SPIRIT1_Library/Src/SPIRIT_Management.o
 .data.xDoVcoCalibrationWA
                0x00000000200001e1        0x1 Drivers/BSP/Components/spirit1/SPIRIT1_Library/Src/SPIRIT_Radio.o
 *fill*         0x00000000200001e2        0x2 
 .data.aLED_GPIO_PORT
                0x00000000200001e4        0x4 Drivers/BSP/X-NUCLEO-IDS01Ax/Src/radio_shield_config.o
                0x00000000200001e4                aLED_GPIO_PORT
 .data.SpiTimeout
                0x00000000200001e8        0x4 Drivers/BSP/X-NUCLEO-IDS01Ax/Src/radio_spi.o
                0x00000000200001e8                SpiTimeout
 .data.uwTickPrio
                0x00000000200001ec        0x4 Drivers/STM32F4xx_HAL_Driver/Src/stm32f4xx_hal.o
                0x00000000200001ec                uwTickPrio
 .data.uwTickFreq
                0x00000000200001f0        0x1 Drivers/STM32F4xx_HAL_Driver/Src/stm32f4xx_hal.o
                0x00000000200001f0                uwTickFreq
 *fill*         0x00000000200001f1        0x3 
 .data._impure_ptr
                0x00000000200001f4        0x4 d:/st/stm32cubeide_1.3.0/stm32cubeide/plugins/com.st.stm32cube.ide.mcu.externaltools.gnu-tools-for-stm32.7-2018-q2-update.win32_1.4.0.202007081208/tools/bin/../lib/gcc/arm-none-eabi/7.3.1/../../../../arm-none-eabi/lib/thumb/v7e-m/fpv4-sp/hard\libc_nano.a(lib_a-impure.o)
                0x00000000200001f4                _impure_ptr
 .data.impure_data
                0x00000000200001f8       0x60 d:/st/stm32cubeide_1.3.0/stm32cubeide/plugins/com.st.stm32cube.ide.mcu.externaltools.gnu-tools-for-stm32.7-2018-q2-update.win32_1.4.0.202007081208/tools/bin/../lib/gcc/arm-none-eabi/7.3.1/../../../../arm-none-eabi/lib/thumb/v7e-m/fpv4-sp/hard\libc_nano.a(lib_a-impure.o)
                0x0000000020000258                . = ALIGN (0x4)
                0x0000000020000258                _edata = .

.igot.plt       0x0000000020000258        0x0 load address 0x00000000080077bc
 .igot.plt      0x0000000020000258        0x0 d:/st/stm32cubeide_1.3.0/stm32cubeide/plugins/com.st.stm32cube.ide.mcu.externaltools.gnu-tools-for-stm32.7-2018-q2-update.win32_1.4.0.202007081208/tools/bin/../lib/gcc/arm-none-eabi/7.3.1/thumb/v7e-m/fpv4-sp/hard/crtbegin.o
                0x0000000020000258                . = ALIGN (0x4)

.bss            0x0000000020000258      0x1f4 load address 0x00000000080077bc
                0x0000000020000258                _sbss = .
                0x0000000020000258                __bss_start__ = _sbss
 *(.bss)
 .bss           0x0000000020000258       0x1c d:/st/stm32cubeide_1.3.0/stm32cubeide/plugins/com.st.stm32cube.ide.mcu.externaltools.gnu-tools-for-stm32.7-2018-q2-update.win32_1.4.0.202007081208/tools/bin/../lib/gcc/arm-none-eabi/7.3.1/thumb/v7e-m/fpv4-sp/hard/crtbegin.o
 *(.bss*)
 .bss.RxLength  0x0000000020000274        0x1 Core/Src/radio_appli.o
                0x0000000020000274                RxLength
 *fill*         0x0000000020000275        0x3 
 .bss.aReceiveBuffer
                0x0000000020000278       0x60 Core/Src/radio_appli.o
                0x0000000020000278                aReceiveBuffer
 .bss.xRxDoneFlag
                0x00000000200002d8        0x1 Core/Src/radio_appli.o
                0x00000000200002d8                xRxDoneFlag
 .bss.xTxDoneFlag
                0x00000000200002d9        0x1 Core/Src/radio_appli.o
                0x00000000200002d9                xTxDoneFlag
 .bss.Spirit1_RX_timeout
                0x00000000200002da        0x1 Core/Src/radio_appli.o
                0x00000000200002da                Spirit1_RX_timeout
 .bss.tx_value  0x00000000200002db        0x1 Core/Src/radio_appli.o
                0x00000000200002db                tx_value
 .bss.xTxFrame  0x00000000200002dc        0xc Core/Src/radio_appli.o
 .bss.xRxFrame  0x00000000200002e8        0xc Core/Src/radio_appli.o
 .bss.TxFrameBuff
                0x00000000200002f4       0x60 Core/Src/radio_appli.o
                0x00000000200002f4                TxFrameBuff
 .bss.exitCounter
                0x0000000020000354        0x2 Core/Src/radio_appli.o
                0x0000000020000354                exitCounter
 .bss.txCounter
                0x0000000020000356        0x2 Core/Src/radio_appli.o
                0x0000000020000356                txCounter
 .bss.temp_DataBuff
                0x0000000020000358        0x1 Core/Src/radio_appli.o
                0x0000000020000358                temp_DataBuff
 *fill*         0x0000000020000359        0x3 
 .bss.__sbrk_heap_end
                0x000000002000035c        0x4 Core/Src/sysmem.o
 .bss.s_nDesiredFrequency
                0x0000000020000360        0x4 Drivers/BSP/Components/spirit1/SPIRIT1_Library/Src/SPIRIT_Management.o
 .bss.s_lXtalFrequency
                0x0000000020000364        0x4 Drivers/BSP/Components/spirit1/SPIRIT1_Library/Src/SPIRIT_Radio.o
 .bss.xRangeExtType
                0x0000000020000368        0x1 Drivers/BSP/Components/spirit1/SPIRIT1_Util/Src/SPIRIT1_Util.o
 *fill*         0x0000000020000369        0x3 
 .bss.__malloc_free_list
                0x000000002000036c        0x4 d:/st/stm32cubeide_1.3.0/stm32cubeide/plugins/com.st.stm32cube.ide.mcu.externaltools.gnu-tools-for-stm32.7-2018-q2-update.win32_1.4.0.202007081208/tools/bin/../lib/gcc/arm-none-eabi/7.3.1/../../../../arm-none-eabi/lib/thumb/v7e-m/fpv4-sp/hard\libc_nano.a(lib_a-nano-mallocr.o)
                0x000000002000036c                __malloc_free_list
 .bss.__malloc_sbrk_start
                0x0000000020000370        0x4 d:/st/stm32cubeide_1.3.0/stm32cubeide/plugins/com.st.stm32cube.ide.mcu.externaltools.gnu-tools-for-stm32.7-2018-q2-update.win32_1.4.0.202007081208/tools/bin/../lib/gcc/arm-none-eabi/7.3.1/../../../../arm-none-eabi/lib/thumb/v7e-m/fpv4-sp/hard\libc_nano.a(lib_a-nano-mallocr.o)
                0x0000000020000370                __malloc_sbrk_start
 *(COMMON)
 COMMON         0x0000000020000374       0x9c Core/Src/main.o
                0x0000000020000374                hspi1
                0x00000000200003cc                htim2
                0x000000002000040c                Rx_count
 COMMON         0x0000000020000410       0x2d Core/Src/radio_appli.o
                0x0000000020000410                CCAxItFlag
                0x0000000020000414                LED1_fsm
                0x0000000020000418                xIrqStatus
                0x000000002000041c                pMCU_LPM_Comm
                0x0000000020000420                dest_addr
                0x0000000020000421                DestinationAddr
                0x0000000020000422                ACK_Process
                0x0000000020000424                pRadio_LPM_Comm
                0x0000000020000428                pRadioDriver
                0x000000002000042c                LED433_fsm
                0x0000000020000430                selectedBand
                0x0000000020000432                CCAxItCount
                0x0000000020000434                LED868_fsm
                0x0000000020000438                radio_fsm
                0x000000002000043c                IDLE_Process
 *fill*         0x000000002000043d        0x3 
 COMMON         0x0000000020000440        0x2 Drivers/BSP/Components/spirit1/SPIRIT1_Library/Src/SPIRIT_Types.o
                0x0000000020000440                g_xStatus
 *fill*         0x0000000020000442        0x2 
 COMMON         0x0000000020000444        0x4 Drivers/STM32F4xx_HAL_Driver/Src/stm32f4xx_hal.o
                0x0000000020000444                uwTick
 COMMON         0x0000000020000448        0x4 d:/st/stm32cubeide_1.3.0/stm32cubeide/plugins/com.st.stm32cube.ide.mcu.externaltools.gnu-tools-for-stm32.7-2018-q2-update.win32_1.4.0.202007081208/tools/bin/../lib/gcc/arm-none-eabi/7.3.1/../../../../arm-none-eabi/lib/thumb/v7e-m/fpv4-sp/hard\libc_nano.a(lib_a-reent.o)
                0x0000000020000448                errno
                0x000000002000044c                . = ALIGN (0x4)
                0x000000002000044c                _ebss = .
                0x000000002000044c                __bss_end__ = _ebss

._user_heap_stack
                0x000000002000044c      0x604 load address 0x00000000080077bc
                0x0000000020000450                . = ALIGN (0x8)
 *fill*         0x000000002000044c        0x4 
                [!provide]                        PROVIDE (end = .)
                0x0000000020000450                PROVIDE (_end = .)
                0x0000000020000650                . = (. + _Min_Heap_Size)
 *fill*         0x0000000020000450      0x200 
                0x0000000020000a50                . = (. + _Min_Stack_Size)
 *fill*         0x0000000020000650      0x400 
                0x0000000020000a50                . = ALIGN (0x8)

/DISCARD/
 libc.a(*)
 libm.a(*)
 libgcc.a(*)

.ARM.attributes
                0x0000000000000000       0x30
 *(.ARM.attributes)
 .ARM.attributes
                0x0000000000000000       0x22 d:/st/stm32cubeide_1.3.0/stm32cubeide/plugins/com.st.stm32cube.ide.mcu.externaltools.gnu-tools-for-stm32.7-2018-q2-update.win32_1.4.0.202007081208/tools/bin/../lib/gcc/arm-none-eabi/7.3.1/thumb/v7e-m/fpv4-sp/hard/crti.o
 .ARM.attributes
                0x0000000000000022       0x34 d:/st/stm32cubeide_1.3.0/stm32cubeide/plugins/com.st.stm32cube.ide.mcu.externaltools.gnu-tools-for-stm32.7-2018-q2-update.win32_1.4.0.202007081208/tools/bin/../lib/gcc/arm-none-eabi/7.3.1/thumb/v7e-m/fpv4-sp/hard/crtbegin.o
 .ARM.attributes
                0x0000000000000056       0x39 Core/Src/fsm.o
 .ARM.attributes
                0x000000000000008f       0x39 Core/Src/main.o
 .ARM.attributes
                0x00000000000000c8       0x39 Core/Src/radio_appli.o
 .ARM.attributes
                0x0000000000000101       0x39 Core/Src/stm32f4xx_hal_msp.o
 .ARM.attributes
                0x000000000000013a       0x39 Core/Src/stm32f4xx_it.o
 .ARM.attributes
                0x0000000000000173       0x39 Core/Src/sysmem.o
 .ARM.attributes
                0x00000000000001ac       0x39 Core/Src/system_stm32f4xx.o
 .ARM.attributes
                0x00000000000001e5       0x21 Core/Startup/startup_stm32f401rbtx.o
 .ARM.attributes
                0x0000000000000206       0x39 Drivers/BSP/Components/spirit1/SPIRIT1_Library/Src/SPIRIT_Calibration.o
 .ARM.attributes
                0x000000000000023f       0x39 Drivers/BSP/Components/spirit1/SPIRIT1_Library/Src/SPIRIT_Commands.o
 .ARM.attributes
                0x0000000000000278       0x39 Drivers/BSP/Components/spirit1/SPIRIT1_Library/Src/SPIRIT_Csma.o
 .ARM.attributes
                0x00000000000002b1       0x39 Drivers/BSP/Components/spirit1/SPIRIT1_Library/Src/SPIRIT_General.o
 .ARM.attributes
                0x00000000000002ea       0x39 Drivers/BSP/Components/spirit1/SPIRIT1_Library/Src/SPIRIT_Gpio.o
 .ARM.attributes
                0x0000000000000323       0x39 Drivers/BSP/Components/spirit1/SPIRIT1_Library/Src/SPIRIT_Irq.o
 .ARM.attributes
                0x000000000000035c       0x39 Drivers/BSP/Components/spirit1/SPIRIT1_Library/Src/SPIRIT_LinearFifo.o
 .ARM.attributes
                0x0000000000000395       0x39 Drivers/BSP/Components/spirit1/SPIRIT1_Library/Src/SPIRIT_Management.o
 .ARM.attributes
                0x00000000000003ce       0x39 Drivers/BSP/Components/spirit1/SPIRIT1_Library/Src/SPIRIT_PktBasic.o
 .ARM.attributes
                0x0000000000000407       0x39 Drivers/BSP/Components/spirit1/SPIRIT1_Library/Src/SPIRIT_PktCommon.o
 .ARM.attributes
                0x0000000000000440       0x39 Drivers/BSP/Components/spirit1/SPIRIT1_Library/Src/SPIRIT_Qi.o
 .ARM.attributes
                0x0000000000000479       0x39 Drivers/BSP/Components/spirit1/SPIRIT1_Library/Src/SPIRIT_Radio.o
 .ARM.attributes
                0x00000000000004b2       0x39 Drivers/BSP/Components/spirit1/SPIRIT1_Library/Src/SPIRIT_Timer.o
 .ARM.attributes
                0x00000000000004eb       0x39 Drivers/BSP/Components/spirit1/SPIRIT1_Library/Src/SPIRIT_Types.o
 .ARM.attributes
                0x0000000000000524       0x39 Drivers/BSP/Components/spirit1/SPIRIT1_Util/Src/SPIRIT1_Util.o
 .ARM.attributes
                0x000000000000055d       0x39 Drivers/BSP/X-NUCLEO-IDS01Ax/Src/radio_gpio.o
 .ARM.attributes
                0x0000000000000596       0x39 Drivers/BSP/X-NUCLEO-IDS01Ax/Src/radio_shield_config.o
 .ARM.attributes
                0x00000000000005cf       0x39 Drivers/BSP/X-NUCLEO-IDS01Ax/Src/radio_spi.o
 .ARM.attributes
                0x0000000000000608       0x39 Drivers/STM32F4xx_HAL_Driver/Src/stm32f4xx_hal.o
 .ARM.attributes
                0x0000000000000641       0x39 Drivers/STM32F4xx_HAL_Driver/Src/stm32f4xx_hal_cortex.o
 .ARM.attributes
                0x000000000000067a       0x39 Drivers/STM32F4xx_HAL_Driver/Src/stm32f4xx_hal_gpio.o
 .ARM.attributes
                0x00000000000006b3       0x39 Drivers/STM32F4xx_HAL_Driver/Src/stm32f4xx_hal_rcc.o
 .ARM.attributes
                0x00000000000006ec       0x39 Drivers/STM32F4xx_HAL_Driver/Src/stm32f4xx_hal_spi.o
 .ARM.attributes
                0x0000000000000725       0x39 Drivers/STM32F4xx_HAL_Driver/Src/stm32f4xx_hal_tim.o
 .ARM.attributes
                0x000000000000075e       0x39 Drivers/STM32F4xx_HAL_Driver/Src/stm32f4xx_hal_tim_ex.o
 .ARM.attributes
                0x0000000000000797       0x34 d:/st/stm32cubeide_1.3.0/stm32cubeide/plugins/com.st.stm32cube.ide.mcu.externaltools.gnu-tools-for-stm32.7-2018-q2-update.win32_1.4.0.202007081208/tools/bin/../lib/gcc/arm-none-eabi/7.3.1/../../../../arm-none-eabi/lib/thumb/v7e-m/fpv4-sp/hard\libc_nano.a(lib_a-errno.o)
 .ARM.attributes
                0x00000000000007cb       0x34 d:/st/stm32cubeide_1.3.0/stm32cubeide/plugins/com.st.stm32cube.ide.mcu.externaltools.gnu-tools-for-stm32.7-2018-q2-update.win32_1.4.0.202007081208/tools/bin/../lib/gcc/arm-none-eabi/7.3.1/../../../../arm-none-eabi/lib/thumb/v7e-m/fpv4-sp/hard\libc_nano.a(lib_a-impure.o)
 .ARM.attributes
                0x00000000000007ff       0x34 d:/st/stm32cubeide_1.3.0/stm32cubeide/plugins/com.st.stm32cube.ide.mcu.externaltools.gnu-tools-for-stm32.7-2018-q2-update.win32_1.4.0.202007081208/tools/bin/../lib/gcc/arm-none-eabi/7.3.1/../../../../arm-none-eabi/lib/thumb/v7e-m/fpv4-sp/hard\libc_nano.a(lib_a-init.o)
 .ARM.attributes
                0x0000000000000833       0x34 d:/st/stm32cubeide_1.3.0/stm32cubeide/plugins/com.st.stm32cube.ide.mcu.externaltools.gnu-tools-for-stm32.7-2018-q2-update.win32_1.4.0.202007081208/tools/bin/../lib/gcc/arm-none-eabi/7.3.1/../../../../arm-none-eabi/lib/thumb/v7e-m/fpv4-sp/hard\libc_nano.a(lib_a-malloc.o)
 .ARM.attributes
                0x0000000000000867       0x34 d:/st/stm32cubeide_1.3.0/stm32cubeide/plugins/com.st.stm32cube.ide.mcu.externaltools.gnu-tools-for-stm32.7-2018-q2-update.win32_1.4.0.202007081208/tools/bin/../lib/gcc/arm-none-eabi/7.3.1/../../../../arm-none-eabi/lib/thumb/v7e-m/fpv4-sp/hard\libc_nano.a(lib_a-memset.o)
 .ARM.attributes
                0x000000000000089b       0x34 d:/st/stm32cubeide_1.3.0/stm32cubeide/plugins/com.st.stm32cube.ide.mcu.externaltools.gnu-tools-for-stm32.7-2018-q2-update.win32_1.4.0.202007081208/tools/bin/../lib/gcc/arm-none-eabi/7.3.1/../../../../arm-none-eabi/lib/thumb/v7e-m/fpv4-sp/hard\libc_nano.a(lib_a-nano-mallocr.o)
 .ARM.attributes
                0x00000000000008cf       0x34 d:/st/stm32cubeide_1.3.0/stm32cubeide/plugins/com.st.stm32cube.ide.mcu.externaltools.gnu-tools-for-stm32.7-2018-q2-update.win32_1.4.0.202007081208/tools/bin/../lib/gcc/arm-none-eabi/7.3.1/../../../../arm-none-eabi/lib/thumb/v7e-m/fpv4-sp/hard\libc_nano.a(lib_a-sbrkr.o)
 .ARM.attributes
                0x0000000000000903       0x34 d:/st/stm32cubeide_1.3.0/stm32cubeide/plugins/com.st.stm32cube.ide.mcu.externaltools.gnu-tools-for-stm32.7-2018-q2-update.win32_1.4.0.202007081208/tools/bin/../lib/gcc/arm-none-eabi/7.3.1/../../../../arm-none-eabi/lib/thumb/v7e-m/fpv4-sp/hard\libc_nano.a(lib_a-mlock.o)
 .ARM.attributes
                0x0000000000000937       0x34 d:/st/stm32cubeide_1.3.0/stm32cubeide/plugins/com.st.stm32cube.ide.mcu.externaltools.gnu-tools-for-stm32.7-2018-q2-update.win32_1.4.0.202007081208/tools/bin/../lib/gcc/arm-none-eabi/7.3.1/../../../../arm-none-eabi/lib/thumb/v7e-m/fpv4-sp/hard\libc_nano.a(lib_a-reent.o)
 .ARM.attributes
                0x000000000000096b       0x34 d:/st/stm32cubeide_1.3.0/stm32cubeide/plugins/com.st.stm32cube.ide.mcu.externaltools.gnu-tools-for-stm32.7-2018-q2-update.win32_1.4.0.202007081208/tools/bin/../lib/gcc/arm-none-eabi/7.3.1/../../../../arm-none-eabi/lib/thumb/v7e-m/fpv4-sp/hard\libm.a(lib_a-s_round.o)
 .ARM.attributes
                0x000000000000099f       0x22 d:/st/stm32cubeide_1.3.0/stm32cubeide/plugins/com.st.stm32cube.ide.mcu.externaltools.gnu-tools-for-stm32.7-2018-q2-update.win32_1.4.0.202007081208/tools/bin/../lib/gcc/arm-none-eabi/7.3.1/thumb/v7e-m/fpv4-sp/hard\libgcc.a(_arm_addsubdf3.o)
 .ARM.attributes
                0x00000000000009c1       0x22 d:/st/stm32cubeide_1.3.0/stm32cubeide/plugins/com.st.stm32cube.ide.mcu.externaltools.gnu-tools-for-stm32.7-2018-q2-update.win32_1.4.0.202007081208/tools/bin/../lib/gcc/arm-none-eabi/7.3.1/thumb/v7e-m/fpv4-sp/hard\libgcc.a(_arm_muldivdf3.o)
 .ARM.attributes
                0x00000000000009e3       0x22 d:/st/stm32cubeide_1.3.0/stm32cubeide/plugins/com.st.stm32cube.ide.mcu.externaltools.gnu-tools-for-stm32.7-2018-q2-update.win32_1.4.0.202007081208/tools/bin/../lib/gcc/arm-none-eabi/7.3.1/thumb/v7e-m/fpv4-sp/hard\libgcc.a(_arm_cmpdf2.o)
 .ARM.attributes
                0x0000000000000a05       0x22 d:/st/stm32cubeide_1.3.0/stm32cubeide/plugins/com.st.stm32cube.ide.mcu.externaltools.gnu-tools-for-stm32.7-2018-q2-update.win32_1.4.0.202007081208/tools/bin/../lib/gcc/arm-none-eabi/7.3.1/thumb/v7e-m/fpv4-sp/hard\libgcc.a(_arm_fixunsdfsi.o)
 .ARM.attributes
                0x0000000000000a27       0x22 d:/st/stm32cubeide_1.3.0/stm32cubeide/plugins/com.st.stm32cube.ide.mcu.externaltools.gnu-tools-for-stm32.7-2018-q2-update.win32_1.4.0.202007081208/tools/bin/../lib/gcc/arm-none-eabi/7.3.1/thumb/v7e-m/fpv4-sp/hard\libgcc.a(_aeabi_uldivmod.o)
 .ARM.attributes
                0x0000000000000a49       0x34 d:/st/stm32cubeide_1.3.0/stm32cubeide/plugins/com.st.stm32cube.ide.mcu.externaltools.gnu-tools-for-stm32.7-2018-q2-update.win32_1.4.0.202007081208/tools/bin/../lib/gcc/arm-none-eabi/7.3.1/thumb/v7e-m/fpv4-sp/hard\libgcc.a(_udivmoddi4.o)
 .ARM.attributes
                0x0000000000000a7d       0x22 d:/st/stm32cubeide_1.3.0/stm32cubeide/plugins/com.st.stm32cube.ide.mcu.externaltools.gnu-tools-for-stm32.7-2018-q2-update.win32_1.4.0.202007081208/tools/bin/../lib/gcc/arm-none-eabi/7.3.1/thumb/v7e-m/fpv4-sp/hard\libgcc.a(_dvmd_tls.o)
 .ARM.attributes
                0x0000000000000a9f       0x22 d:/st/stm32cubeide_1.3.0/stm32cubeide/plugins/com.st.stm32cube.ide.mcu.externaltools.gnu-tools-for-stm32.7-2018-q2-update.win32_1.4.0.202007081208/tools/bin/../lib/gcc/arm-none-eabi/7.3.1/thumb/v7e-m/fpv4-sp/hard/crtn.o
OUTPUT(ROBIM_SDR.elf elf32-littlearm)

.debug_info     0x0000000000000000    0x1f175
 .debug_info    0x0000000000000000      0x9e4 Core/Src/fsm.o
 .debug_info    0x00000000000009e4     0x1be4 Core/Src/main.o
 .debug_info    0x00000000000025c8     0x2312 Core/Src/radio_appli.o
 .debug_info    0x00000000000048da      0xca8 Core/Src/stm32f4xx_hal_msp.o
 .debug_info    0x0000000000005582      0x242 Core/Src/stm32f4xx_it.o
 .debug_info    0x00000000000057c4      0x985 Core/Src/sysmem.o
 .debug_info    0x0000000000006149      0x57e Core/Src/system_stm32f4xx.o
 .debug_info    0x00000000000066c7       0x22 Core/Startup/startup_stm32f401rbtx.o
 .debug_info    0x00000000000066e9      0xc00 Drivers/BSP/Components/spirit1/SPIRIT1_Library/Src/SPIRIT_Calibration.o
 .debug_info    0x00000000000072e9      0xa1d Drivers/BSP/Components/spirit1/SPIRIT1_Library/Src/SPIRIT_Commands.o
 .debug_info    0x0000000000007d06      0xe38 Drivers/BSP/Components/spirit1/SPIRIT1_Library/Src/SPIRIT_Csma.o
 .debug_info    0x0000000000008b3e      0xcbb Drivers/BSP/Components/spirit1/SPIRIT1_Library/Src/SPIRIT_General.o
 .debug_info    0x00000000000097f9      0xeea Drivers/BSP/Components/spirit1/SPIRIT1_Library/Src/SPIRIT_Gpio.o
 .debug_info    0x000000000000a6e3      0xf74 Drivers/BSP/Components/spirit1/SPIRIT1_Library/Src/SPIRIT_Irq.o
 .debug_info    0x000000000000b657      0xb39 Drivers/BSP/Components/spirit1/SPIRIT1_Library/Src/SPIRIT_LinearFifo.o
 .debug_info    0x000000000000c190      0xce4 Drivers/BSP/Components/spirit1/SPIRIT1_Library/Src/SPIRIT_Management.o
 .debug_info    0x000000000000ce74      0xf7d Drivers/BSP/Components/spirit1/SPIRIT1_Library/Src/SPIRIT_PktBasic.o
 .debug_info    0x000000000000ddf1     0x1744 Drivers/BSP/Components/spirit1/SPIRIT1_Library/Src/SPIRIT_PktCommon.o
 .debug_info    0x000000000000f535      0xf26 Drivers/BSP/Components/spirit1/SPIRIT1_Library/Src/SPIRIT_Qi.o
 .debug_info    0x000000000001045b     0x25f4 Drivers/BSP/Components/spirit1/SPIRIT1_Library/Src/SPIRIT_Radio.o
 .debug_info    0x0000000000012a4f      0xfc2 Drivers/BSP/Components/spirit1/SPIRIT1_Library/Src/SPIRIT_Timer.o
 .debug_info    0x0000000000013a11      0x9bb Drivers/BSP/Components/spirit1/SPIRIT1_Library/Src/SPIRIT_Types.o
 .debug_info    0x00000000000143cc     0x1542 Drivers/BSP/Components/spirit1/SPIRIT1_Util/Src/SPIRIT1_Util.o
 .debug_info    0x000000000001590e      0x935 Drivers/BSP/X-NUCLEO-IDS01Ax/Src/radio_gpio.o
 .debug_info    0x0000000000016243      0x589 Drivers/BSP/X-NUCLEO-IDS01Ax/Src/radio_shield_config.o
 .debug_info    0x00000000000167cc     0x1627 Drivers/BSP/X-NUCLEO-IDS01Ax/Src/radio_spi.o
 .debug_info    0x0000000000017df3      0x8ce Drivers/STM32F4xx_HAL_Driver/Src/stm32f4xx_hal.o
 .debug_info    0x00000000000186c1      0xd92 Drivers/STM32F4xx_HAL_Driver/Src/stm32f4xx_hal_cortex.o
 .debug_info    0x0000000000019453      0x7d7 Drivers/STM32F4xx_HAL_Driver/Src/stm32f4xx_hal_gpio.o
 .debug_info    0x0000000000019c2a      0x929 Drivers/STM32F4xx_HAL_Driver/Src/stm32f4xx_hal_rcc.o
 .debug_info    0x000000000001a553     0x1632 Drivers/STM32F4xx_HAL_Driver/Src/stm32f4xx_hal_spi.o
 .debug_info    0x000000000001bb85     0x24a1 Drivers/STM32F4xx_HAL_Driver/Src/stm32f4xx_hal_tim.o
 .debug_info    0x000000000001e026     0x114f Drivers/STM32F4xx_HAL_Driver/Src/stm32f4xx_hal_tim_ex.o

.debug_abbrev   0x0000000000000000     0x45cd
 .debug_abbrev  0x0000000000000000      0x1e6 Core/Src/fsm.o
 .debug_abbrev  0x00000000000001e6      0x2cd Core/Src/main.o
 .debug_abbrev  0x00000000000004b3      0x2c1 Core/Src/radio_appli.o
 .debug_abbrev  0x0000000000000774      0x1b7 Core/Src/stm32f4xx_hal_msp.o
 .debug_abbrev  0x000000000000092b       0xc6 Core/Src/stm32f4xx_it.o
 .debug_abbrev  0x00000000000009f1      0x19b Core/Src/sysmem.o
 .debug_abbrev  0x0000000000000b8c      0x12b Core/Src/system_stm32f4xx.o
 .debug_abbrev  0x0000000000000cb7       0x12 Core/Startup/startup_stm32f401rbtx.o
 .debug_abbrev  0x0000000000000cc9      0x252 Drivers/BSP/Components/spirit1/SPIRIT1_Library/Src/SPIRIT_Calibration.o
 .debug_abbrev  0x0000000000000f1b      0x1b9 Drivers/BSP/Components/spirit1/SPIRIT1_Library/Src/SPIRIT_Commands.o
 .debug_abbrev  0x00000000000010d4      0x252 Drivers/BSP/Components/spirit1/SPIRIT1_Library/Src/SPIRIT_Csma.o
 .debug_abbrev  0x0000000000001326      0x270 Drivers/BSP/Components/spirit1/SPIRIT1_Library/Src/SPIRIT_General.o
 .debug_abbrev  0x0000000000001596      0x261 Drivers/BSP/Components/spirit1/SPIRIT1_Library/Src/SPIRIT_Gpio.o
 .debug_abbrev  0x00000000000017f7      0x283 Drivers/BSP/Components/spirit1/SPIRIT1_Library/Src/SPIRIT_Irq.o
 .debug_abbrev  0x0000000000001a7a      0x254 Drivers/BSP/Components/spirit1/SPIRIT1_Library/Src/SPIRIT_LinearFifo.o
 .debug_abbrev  0x0000000000001cce      0x257 Drivers/BSP/Components/spirit1/SPIRIT1_Library/Src/SPIRIT_Management.o
 .debug_abbrev  0x0000000000001f25      0x24c Drivers/BSP/Components/spirit1/SPIRIT1_Library/Src/SPIRIT_PktBasic.o
 .debug_abbrev  0x0000000000002171      0x27b Drivers/BSP/Components/spirit1/SPIRIT1_Library/Src/SPIRIT_PktCommon.o
 .debug_abbrev  0x00000000000023ec      0x26e Drivers/BSP/Components/spirit1/SPIRIT1_Library/Src/SPIRIT_Qi.o
 .debug_abbrev  0x000000000000265a      0x2e1 Drivers/BSP/Components/spirit1/SPIRIT1_Library/Src/SPIRIT_Radio.o
 .debug_abbrev  0x000000000000293b      0x282 Drivers/BSP/Components/spirit1/SPIRIT1_Library/Src/SPIRIT_Timer.o
 .debug_abbrev  0x0000000000002bbd      0x1cf Drivers/BSP/Components/spirit1/SPIRIT1_Library/Src/SPIRIT_Types.o
 .debug_abbrev  0x0000000000002d8c      0x2b3 Drivers/BSP/Components/spirit1/SPIRIT1_Util/Src/SPIRIT1_Util.o
 .debug_abbrev  0x000000000000303f      0x1f5 Drivers/BSP/X-NUCLEO-IDS01Ax/Src/radio_gpio.o
 .debug_abbrev  0x0000000000003234      0x16c Drivers/BSP/X-NUCLEO-IDS01Ax/Src/radio_shield_config.o
 .debug_abbrev  0x00000000000033a0      0x287 Drivers/BSP/X-NUCLEO-IDS01Ax/Src/radio_spi.o
 .debug_abbrev  0x0000000000003627      0x1f2 Drivers/STM32F4xx_HAL_Driver/Src/stm32f4xx_hal.o
 .debug_abbrev  0x0000000000003819      0x2fa Drivers/STM32F4xx_HAL_Driver/Src/stm32f4xx_hal_cortex.o
 .debug_abbrev  0x0000000000003b13      0x1c9 Drivers/STM32F4xx_HAL_Driver/Src/stm32f4xx_hal_gpio.o
 .debug_abbrev  0x0000000000003cdc      0x245 Drivers/STM32F4xx_HAL_Driver/Src/stm32f4xx_hal_rcc.o
 .debug_abbrev  0x0000000000003f21      0x240 Drivers/STM32F4xx_HAL_Driver/Src/stm32f4xx_hal_spi.o
 .debug_abbrev  0x0000000000004161      0x23f Drivers/STM32F4xx_HAL_Driver/Src/stm32f4xx_hal_tim.o
 .debug_abbrev  0x00000000000043a0      0x22d Drivers/STM32F4xx_HAL_Driver/Src/stm32f4xx_hal_tim_ex.o

.debug_aranges  0x0000000000000000     0x18c0
 .debug_aranges
                0x0000000000000000       0x30 Core/Src/fsm.o
 .debug_aranges
                0x0000000000000030       0x68 Core/Src/main.o
 .debug_aranges
                0x0000000000000098      0x178 Core/Src/radio_appli.o
 .debug_aranges
                0x0000000000000210       0x40 Core/Src/stm32f4xx_hal_msp.o
 .debug_aranges
                0x0000000000000250       0x70 Core/Src/stm32f4xx_it.o
 .debug_aranges
                0x00000000000002c0       0x20 Core/Src/sysmem.o
 .debug_aranges
                0x00000000000002e0       0x28 Core/Src/system_stm32f4xx.o
 .debug_aranges
                0x0000000000000308       0x28 Core/Startup/startup_stm32f401rbtx.o
 .debug_aranges
                0x0000000000000330       0x70 Drivers/BSP/Components/spirit1/SPIRIT1_Library/Src/SPIRIT_Calibration.o
 .debug_aranges
                0x00000000000003a0       0x20 Drivers/BSP/Components/spirit1/SPIRIT1_Library/Src/SPIRIT_Commands.o
 .debug_aranges
                0x00000000000003c0       0xa8 Drivers/BSP/Components/spirit1/SPIRIT1_Library/Src/SPIRIT_Csma.o
 .debug_aranges
                0x0000000000000468       0x78 Drivers/BSP/Components/spirit1/SPIRIT1_Library/Src/SPIRIT_General.o
 .debug_aranges
                0x00000000000004e0       0x78 Drivers/BSP/Components/spirit1/SPIRIT1_Library/Src/SPIRIT_Gpio.o
 .debug_aranges
                0x0000000000000558       0x50 Drivers/BSP/Components/spirit1/SPIRIT1_Library/Src/SPIRIT_Irq.o
 .debug_aranges
                0x00000000000005a8       0x68 Drivers/BSP/Components/spirit1/SPIRIT1_Library/Src/SPIRIT_LinearFifo.o
 .debug_aranges
                0x0000000000000610       0x48 Drivers/BSP/Components/spirit1/SPIRIT1_Library/Src/SPIRIT_Management.o
 .debug_aranges
                0x0000000000000658       0x70 Drivers/BSP/Components/spirit1/SPIRIT1_Library/Src/SPIRIT_PktBasic.o
 .debug_aranges
                0x00000000000006c8      0x1c8 Drivers/BSP/Components/spirit1/SPIRIT1_Library/Src/SPIRIT_PktCommon.o
 .debug_aranges
                0x0000000000000890       0xc8 Drivers/BSP/Components/spirit1/SPIRIT1_Library/Src/SPIRIT_Qi.o
 .debug_aranges
                0x0000000000000958      0x2f0 Drivers/BSP/Components/spirit1/SPIRIT1_Library/Src/SPIRIT_Radio.o
 .debug_aranges
                0x0000000000000c48       0xd0 Drivers/BSP/Components/spirit1/SPIRIT1_Library/Src/SPIRIT_Timer.o
 .debug_aranges
                0x0000000000000d18       0x20 Drivers/BSP/Components/spirit1/SPIRIT1_Library/Src/SPIRIT_Types.o
 .debug_aranges
                0x0000000000000d38       0xf8 Drivers/BSP/Components/spirit1/SPIRIT1_Util/Src/SPIRIT1_Util.o
 .debug_aranges
                0x0000000000000e30       0x50 Drivers/BSP/X-NUCLEO-IDS01Ax/Src/radio_gpio.o
 .debug_aranges
                0x0000000000000e80       0x38 Drivers/BSP/X-NUCLEO-IDS01Ax/Src/radio_shield_config.o
 .debug_aranges
                0x0000000000000eb8       0x58 Drivers/BSP/X-NUCLEO-IDS01Ax/Src/radio_spi.o
 .debug_aranges
                0x0000000000000f10       0xf0 Drivers/STM32F4xx_HAL_Driver/Src/stm32f4xx_hal.o
 .debug_aranges
                0x0000000000001000      0x118 Drivers/STM32F4xx_HAL_Driver/Src/stm32f4xx_hal_cortex.o
 .debug_aranges
                0x0000000000001118       0x58 Drivers/STM32F4xx_HAL_Driver/Src/stm32f4xx_hal_gpio.o
 .debug_aranges
                0x0000000000001170       0x88 Drivers/STM32F4xx_HAL_Driver/Src/stm32f4xx_hal_rcc.o
 .debug_aranges
                0x00000000000011f8      0x1d0 Drivers/STM32F4xx_HAL_Driver/Src/stm32f4xx_hal_spi.o
 .debug_aranges
                0x00000000000013c8      0x3a8 Drivers/STM32F4xx_HAL_Driver/Src/stm32f4xx_hal_tim.o
 .debug_aranges
                0x0000000000001770      0x150 Drivers/STM32F4xx_HAL_Driver/Src/stm32f4xx_hal_tim_ex.o

.debug_ranges   0x0000000000000000     0x16b8
 .debug_ranges  0x0000000000000000       0x20 Core/Src/fsm.o
 .debug_ranges  0x0000000000000020       0x58 Core/Src/main.o
 .debug_ranges  0x0000000000000078      0x168 Core/Src/radio_appli.o
 .debug_ranges  0x00000000000001e0       0x30 Core/Src/stm32f4xx_hal_msp.o
 .debug_ranges  0x0000000000000210       0x60 Core/Src/stm32f4xx_it.o
 .debug_ranges  0x0000000000000270       0x10 Core/Src/sysmem.o
 .debug_ranges  0x0000000000000280       0x18 Core/Src/system_stm32f4xx.o
 .debug_ranges  0x0000000000000298       0x20 Core/Startup/startup_stm32f401rbtx.o
 .debug_ranges  0x00000000000002b8       0x60 Drivers/BSP/Components/spirit1/SPIRIT1_Library/Src/SPIRIT_Calibration.o
 .debug_ranges  0x0000000000000318       0x10 Drivers/BSP/Components/spirit1/SPIRIT1_Library/Src/SPIRIT_Commands.o
 .debug_ranges  0x0000000000000328       0x98 Drivers/BSP/Components/spirit1/SPIRIT1_Library/Src/SPIRIT_Csma.o
 .debug_ranges  0x00000000000003c0       0x68 Drivers/BSP/Components/spirit1/SPIRIT1_Library/Src/SPIRIT_General.o
 .debug_ranges  0x0000000000000428       0x68 Drivers/BSP/Components/spirit1/SPIRIT1_Library/Src/SPIRIT_Gpio.o
 .debug_ranges  0x0000000000000490       0x40 Drivers/BSP/Components/spirit1/SPIRIT1_Library/Src/SPIRIT_Irq.o