radio_appli.c:304:12:time_out_rx	16	static
radio_appli.c:310:12:tx_flag	16	static
radio_appli.c:315:12:rx_flag	16	static
radio_appli.c:321:12:data_received	16	static
radio_appli.c:327:12:ack_received	16	static
radio_appli.c:333:12:multicast	16	static
radio_appli.c:341:12:address_known	16	static
radio_appli.c:348:12:tx_done	16	static
radio_appli.c:354:12:ACK_confirm	16	static
radio_appli.c:359:6:EN_Rx	16	static
radio_appli.c:377:6:send_data	32	static
radio_appli.c:396:6:read_RX_Data	24	static
radio_appli.c:434:6:LED_ON	16	static
radio_appli.c:443:6:LED_Toggle	24	static
radio_appli.c:470:6:send_ACK	16	static
radio_appli.c:485:6:clr_tx_flag	16	static
radio_appli.c:490:6:reset_state	16	static
radio_appli.c:529:6:HAL_Radio_Init	8	static
radio_appli.c:544:6:P2P_Process	8	static
radio_appli.c:555:6:AppliSendBuff	24	static
radio_appli.c:599:6:AppliReceiveBuff	16	static
radio_appli.c:629:6:P2P_Init	8	static
radio_appli.c:667:6:STackProtocolInit	32	static
radio_appli.c:697:6:BasicProtocolInit	8	static
radio_appli.c:703:16:bandSelect	16	static
radio_appli.c:715:6:Enter_LP_mode	8	static
radio_appli.c:760:6:Exit_LP_mode	8	static
radio_appli.c:771:6:MCU_Enter_StopMode	8	static
radio_appli.c:781:6:MCU_Enter_StandbyMode	8	static
radio_appli.c:791:6:MCU_Enter_SleepMode	8	static
radio_appli.c:805:6:RadioPowerON	16	static
radio_appli.c:829:6:RadioPowerOFF	8	static
radio_appli.c:843:6:RadioStandBy	8	static
radio_appli.c:854:6:RadioSleep	8	static
radio_appli.c:864:12:Rx_flag_status	4	static
radio_appli.c:870:6:read_data_recived	16	static
radio_appli.c:882:6:P2PInterruptHandler	8	static
radio_appli.c:943:6:HAL_SYSTICK_Callback	4	static
radio_appli.c:993:6:HAL_GPIO_EXTI_Callback	24	static
radio_appli.c:1046:6:HAL_UART_RxCpltCallback	16	static
