radio_appli.c:316:12:time_out_rx	16	static
radio_appli.c:321:12:time_out_tx	16	static
radio_appli.c:326:12:tx_flag	16	static
radio_appli.c:331:12:rx_flag	16	static
radio_appli.c:337:12:data_received	16	static
radio_appli.c:343:12:ack_received	16	static
radio_appli.c:349:12:multicast	16	static
radio_appli.c:357:12:address_known	16	static
radio_appli.c:364:12:END_Tx	16	static
radio_appli.c:369:12:switch_channel	16	static
radio_appli.c:374:12:ACK_confirm	16	static
radio_appli.c:379:6:EN_Rx	16	static
radio_appli.c:403:6:Tx_Error	16	static
radio_appli.c:432:6:send_data	32	static
radio_appli.c:457:6:read_RX_Data	24	static
radio_appli.c:497:6:read_address	16	static
radio_appli.c:502:6:read_ACK_address	16	static
radio_appli.c:508:6:reset_state	16	static
radio_appli.c:517:6:send_ACK	16	static
radio_appli.c:533:12:TxFlag433	16	static
radio_appli.c:538:12:RxFlag433	16	static
radio_appli.c:543:12:TxFlag868	16	static
radio_appli.c:548:12:RxFlag868	16	static
radio_appli.c:554:12:time_in_flag	16	static
radio_appli.c:559:12:time_out_flag	16	static
radio_appli.c:564:12:Tx_Error_flag	16	static
radio_appli.c:569:12:tx_done	16	static
radio_appli.c:575:6:LED_ON	16	static
radio_appli.c:589:6:LED_OFF	16	static
radio_appli.c:605:6:LED1_ON	16	static
radio_appli.c:610:6:LED_Toggle	24	static
radio_appli.c:628:6:LED1_Toggle	24	static
radio_appli.c:703:6:HAL_Radio_Init	8	static
radio_appli.c:718:6:APP_Process	8	static
radio_appli.c:732:6:AppliSendBuff	24	static
radio_appli.c:776:6:AppliReceiveBuff	16	static
radio_appli.c:806:6:APP_Init	8	static
radio_appli.c:849:6:STackProtocolInit	32	static
radio_appli.c:879:6:BasicProtocolInit	8	static
radio_appli.c:885:16:bandSelect	16	static
radio_appli.c:897:6:Enter_LP_mode	8	static
radio_appli.c:942:6:Exit_LP_mode	8	static
radio_appli.c:953:6:MCU_Enter_StopMode	8	static
radio_appli.c:963:6:MCU_Enter_StandbyMode	8	static
radio_appli.c:973:6:MCU_Enter_SleepMode	8	static
radio_appli.c:987:6:RadioPowerON	16	static
radio_appli.c:1011:6:RadioPowerOFF	8	static
radio_appli.c:1025:6:RadioStandBy	8	static
radio_appli.c:1036:6:RadioSleep	8	static
radio_appli.c:1046:12:Rx_flag_status	4	static
radio_appli.c:1052:6:read_data_recived	16	static
radio_appli.c:1064:6:APPInterruptHandler	8	static
radio_appli.c:1134:6:HAL_SYSTICK_Callback	4	static
radio_appli.c:1184:6:HAL_GPIO_EXTI_Callback	24	static
radio_appli.c:1237:6:HAL_UART_RxCpltCallback	16	static
