radio_appli.c:295:12:time_out_rx	16	static
radio_appli.c:301:12:tx_flag	16	static
radio_appli.c:306:12:rx_flag	16	static
radio_appli.c:312:12:data_received	16	static
radio_appli.c:318:12:ack_received	16	static
radio_appli.c:324:12:multicast	16	static
radio_appli.c:332:12:address_known	16	static
radio_appli.c:339:12:tx_done	16	static
radio_appli.c:345:12:ACK_confirm	16	static
radio_appli.c:350:6:EN_Rx	16	static
radio_appli.c:366:6:send_data	16	static
radio_appli.c:378:6:read_RX_Data	24	static
radio_appli.c:400:6:LED_ON	16	static
radio_appli.c:409:6:LED_Toggle	24	static
radio_appli.c:434:6:send_ACK	16	static
radio_appli.c:447:6:clr_tx_flag	16	static
radio_appli.c:452:6:reset_state	16	static
radio_appli.c:491:6:HAL_Radio_Init	8	static
radio_appli.c:506:6:P2P_Process	8	static
radio_appli.c:517:6:AppliSendBuff	24	static
radio_appli.c:561:6:AppliReceiveBuff	16	static
radio_appli.c:591:6:P2P_Init	8	static
radio_appli.c:629:6:STackProtocolInit	32	static
radio_appli.c:659:6:BasicProtocolInit	8	static
radio_appli.c:665:16:bandSelect	16	static
radio_appli.c:677:6:Enter_LP_mode	8	static
radio_appli.c:722:6:Exit_LP_mode	8	static
radio_appli.c:733:6:MCU_Enter_StopMode	8	static
radio_appli.c:743:6:MCU_Enter_StandbyMode	8	static
radio_appli.c:753:6:MCU_Enter_SleepMode	8	static
radio_appli.c:767:6:RadioPowerON	16	static
radio_appli.c:791:6:RadioPowerOFF	8	static
radio_appli.c:805:6:RadioStandBy	8	static
radio_appli.c:816:6:RadioSleep	8	static
radio_appli.c:826:12:Rx_flag_status	4	static
radio_appli.c:832:6:read_data_recived	16	static
radio_appli.c:844:6:P2PInterruptHandler	8	static
radio_appli.c:903:6:HAL_SYSTICK_Callback	4	static
radio_appli.c:953:6:HAL_GPIO_EXTI_Callback	24	static
