radio_appli.c:300:12:time_out_rx	16	static
radio_appli.c:306:12:tx_flag	16	static
radio_appli.c:311:12:rx_flag	16	static
radio_appli.c:317:12:data_received	16	static
radio_appli.c:323:12:ack_received	16	static
radio_appli.c:329:12:multicast	16	static
radio_appli.c:337:12:address_known	16	static
radio_appli.c:344:12:tx_done	16	static
radio_appli.c:349:12:switch_channel	16	static
radio_appli.c:355:12:ACK_confirm	16	static
radio_appli.c:361:6:EN_Rx	16	static
radio_appli.c:383:6:send_data	16	static
radio_appli.c:397:6:read_RX_Data	24	static
radio_appli.c:416:6:read_address	16	static
radio_appli.c:421:6:read_ACK_address	16	static
radio_appli.c:427:6:send_ACK	16	static
radio_appli.c:441:6:reset_state	16	static
radio_appli.c:455:12:TxFlag433	16	static
radio_appli.c:460:12:RxFlag433	16	static
radio_appli.c:465:12:TxFlag868	16	static
radio_appli.c:470:12:RxFlag868	16	static
radio_appli.c:476:6:LED_ON	24	static
radio_appli.c:494:6:LED_Toggle	24	static
radio_appli.c:563:6:HAL_Radio_Init	8	static
radio_appli.c:578:6:APP_Process	8	static
radio_appli.c:592:6:AppliSendBuff	24	static
radio_appli.c:636:6:AppliReceiveBuff	16	static
radio_appli.c:666:6:APP_Init	8	static
radio_appli.c:711:6:STackProtocolInit	32	static
radio_appli.c:741:6:BasicProtocolInit	8	static
radio_appli.c:747:16:bandSelect	16	static
radio_appli.c:759:6:Enter_LP_mode	8	static
radio_appli.c:804:6:Exit_LP_mode	8	static
radio_appli.c:815:6:MCU_Enter_StopMode	8	static
radio_appli.c:825:6:MCU_Enter_StandbyMode	8	static
radio_appli.c:835:6:MCU_Enter_SleepMode	8	static
radio_appli.c:849:6:RadioPowerON	16	static
radio_appli.c:873:6:RadioPowerOFF	8	static
radio_appli.c:887:6:RadioStandBy	8	static
radio_appli.c:898:6:RadioSleep	8	static
radio_appli.c:908:12:Rx_flag_status	4	static
radio_appli.c:920:6:P2PInterruptHandler	8	static
radio_appli.c:999:6:HAL_SYSTICK_Callback	4	static
radio_appli.c:1049:6:HAL_GPIO_EXTI_Callback	24	static
