SPIRIT1_Util.c:131:6:Spirit1InterfaceInit	8	static
SPIRIT1_Util.c:282:6:SpiritManagementIdentificationRFBoard	16	static
SPIRIT1_Util.c:303:6:SpiritManagementSetBand	16	static
SPIRIT1_Util.c:314:9:SpiritManagementGetBand	4	static
SPIRIT1_Util.c:323:6:SpiritManagementRangeExtInit	40	static
SPIRIT1_Util.c:358:14:SpiritManagementGetRangeExtender	4	static
SPIRIT1_Util.c:368:6:SpiritManagementSetRangeExtender	16	static
SPIRIT1_Util.c:378:9:RadioGetHasEeprom	4	static
SPIRIT1_Util.c:388:6:RadioSetHasEeprom	16	static
SPIRIT1_Util.c:398:6:Spirit1GpioIrqInit	16	static
SPIRIT1_Util.c:409:6:Spirit1RadioInit	16	static
SPIRIT1_Util.c:421:6:Spirit1SetPower	16	static
SPIRIT1_Util.c:433:6:Spirit1PacketConfig	8	static
SPIRIT1_Util.c:451:6:Spirit1SetPayloadlength	16	static
SPIRIT1_Util.c:468:6:Spirit1SetDestinationAddress	16	static
SPIRIT1_Util.c:484:6:Spirit1EnableTxIrq	8	static
SPIRIT1_Util.c:498:6:Spirit1EnableRxIrq	8	static
SPIRIT1_Util.c:511:6:Spirit1DisableIrq	8	static
SPIRIT1_Util.c:521:6:Spirit1SetRxTimeout	16	static
SPIRIT1_Util.c:543:6:Spirit1SetRssiTH	16	static
SPIRIT1_Util.c:553:7:Spirit1GetRssiTH	16	static
SPIRIT1_Util.c:565:6:Spirit1EnableSQI	8	static
SPIRIT1_Util.c:577:6:Spirit1StartRx	8	static
SPIRIT1_Util.c:592:6:Spirit1GetRxPacket	24	static
SPIRIT1_Util.c:609:6:Spirit1StartTx	16	static
SPIRIT1_Util.c:642:6:Spirit1ClearIRQ	8	static
SPIRIT1_Util.c:648:6:SpiritManagementSetOffset	16	static
SPIRIT1_Util.c:653:9:SpiritManagementGetOffset	4	static
