S2LP_Radio.c:192:6:S2LPRadioSearchDatarateME	80	static
S2LP_Radio.c:236:6:S2LPRadioSearchFreqDevME	80	static
S2LP_Radio.c:291:6:S2LPRadioSearchChannelBwME	72	static
S2LP_Radio.c:341:10:S2LPRadioComputeDatarate	48	static
S2LP_Radio.c:368:10:S2LPRadioComputeFreqDeviation	32	static
S2LP_Radio.c:386:10:S2LPRadioComputeChannelFilterBw	40	static
S2LP_Radio.c:406:10:S2LPRadioComputeFrequencyBase	24	static
S2LP_Radio.c:418:10:S2LPRadioComputeSynthWord	72	static
S2LP_Radio.c:449:9:S2LPRadioComputeChannelSpacingRegValue	16	static
S2LP_Radio.c:461:10:S2LPRadioComputeChannelSpacing	24	static
S2LP_Radio.c:475:6:S2LPRadioComputeIF	40	static
S2LP_Radio.c:499:6:S2LPRadioSearchWCP	40	static
S2LP_Radio.c:559:9:S2LPRadioInit	40	static
S2LP_Radio.c:673:6:S2LPRadioGetInfo	40	static
S2LP_Radio.c:733:6:S2LPRadioSetSynthWord	24	static
S2LP_Radio.c:756:10:S2LPRadioGetSynthWord	16	static
S2LP_Radio.c:769:6:S2LPRadioSetChannel	16	static
S2LP_Radio.c:780:9:S2LPRadioGetChannel	16	static
S2LP_Radio.c:793:6:S2LPRadioSetRefDiv	24	static
S2LP_Radio.c:815:18:S2LPRadioGetRefDiv	16	static
S2LP_Radio.c:834:6:S2LPRadioSetDigDiv	24	static
S2LP_Radio.c:855:18:S2LPRadioGetDigDiv	16	static
S2LP_Radio.c:875:6:S2LPRadioSetChannelSpace	24	static
S2LP_Radio.c:889:10:S2LPRadioGetChannelSpace	16	static
S2LP_Radio.c:904:9:S2LPRadioSetFrequencyBase	40	static
S2LP_Radio.c:944:10:S2LPRadioGetFrequencyBase	24	static
S2LP_Radio.c:976:6:S2LPRadioSetDatarate	24	static
S2LP_Radio.c:1011:10:S2LPRadioGetDatarate	16	static
S2LP_Radio.c:1030:6:S2LPRadioSetFrequencyDev	24	static
S2LP_Radio.c:1053:10:S2LPRadioGetFrequencyDev	24	static
S2LP_Radio.c:1081:6:S2LPRadioSetChannelBW	24	static
S2LP_Radio.c:1107:10:S2LPRadioGetChannelBW	16	static
S2LP_Radio.c:1127:6:S2LPRadioSetModulation	24	static
S2LP_Radio.c:1144:18:S2LPRadioGetModulation	16	static
S2LP_Radio.c:1160:6:S2LPRadioSetXtalFrequency	16	static
S2LP_Radio.c:1171:10:S2LPRadioGetXtalFrequency	4	static
S2LP_Radio.c:1182:6:S2LPRadioSetMaxPALevel	24	static
S2LP_Radio.c:1207:6:S2LPRadioSetPALeveldBm	24	static
S2LP_Radio.c:1236:9:S2LPRadioGetPALeveldBm	24	static
S2LP_Radio.c:1254:6:S2LPRadioSetPALevelMaxIndex	24	static
S2LP_Radio.c:1271:9:S2LPRadioGetPALevelMaxIndex	16	static
S2LP_Radio.c:1290:6:S2LPRadioSetAutoRampingMode	24	static
S2LP_Radio.c:1318:6:S2LPRadioSetManualRampingMode	24	static
S2LP_Radio.c:1342:6:S2LPRadioCalibrationVco	24	static
S2LP_Radio.c:1369:6:S2LPRadioSetTxCalibVcoAmpWord	16	static
S2LP_Radio.c:1380:6:S2LPRadioSetRxCalibVcoAmpWord	16	static
S2LP_Radio.c:1391:6:S2LPRadioSetTxCalibVcoFreqWord	16	static
S2LP_Radio.c:1401:6:S2LPRadioSetRxCalibVcoFreqWord	16	static
S2LP_Radio.c:1412:6:S2LPRadioAfcInit	24	static
S2LP_Radio.c:1460:6:S2LPRadioGetAfcInfo	24	static
S2LP_Radio.c:1482:6:S2LPRadioSetIsiEqualizationMode	24	static
S2LP_Radio.c:1499:9:S2LPRadioGetIsiEqualizationMode	16	static
S2LP_Radio.c:1514:6:S2LPRadioSymClkRecoverInit	24	static
S2LP_Radio.c:1547:6:S2LPRadioGetSymClkRecoverInfo	24	static
