S2LP_Timer.c:128:6:S2LPTimerComputeWakeupTimerValues	32	static
S2LP_Timer.c:146:6:S2LPTimerComputeWakeupTimerRegValues	48	static
S2LP_Timer.c:206:6:S2LPTimerComputeRxTimerRegValues	80	static
S2LP_Timer.c:259:6:S2LPTimerComputeRxTimerValues	32	static
S2LP_Timer.c:289:6:S2LPTimerLdcrMode	24	static
S2LP_Timer.c:311:6:S2LPTimerLdcrAutoReload	24	static
S2LP_Timer.c:332:18:S2LPTimerLdcrGetAutoReload	16	static
S2LP_Timer.c:348:6:S2LPTimerSetRxTimer	24	static
S2LP_Timer.c:362:6:S2LPTimerSetRxTimerUs	24	static
S2LP_Timer.c:376:6:S2LPTimerSetRxTimerCounter	16	static
S2LP_Timer.c:388:6:S2LPTimerSetRxTimerPrescaler	16	static
S2LP_Timer.c:405:6:S2LPTimerGetRxTimerUs	32	static
S2LP_Timer.c:428:6:S2LPTimerSetWakeUpTimer	24	static
S2LP_Timer.c:444:6:S2LPTimerSetWakeUpTimerUs	24	static
S2LP_Timer.c:468:6:S2LPTimerSetWakeUpTimerCounter	16	static
S2LP_Timer.c:481:6:S2LPTimerSetWakeUpTimerPrescaler	16	static
S2LP_Timer.c:497:6:S2LPTimerGetWakeUpTimerUs	32	static
S2LP_Timer.c:525:6:S2LPTimerSetWakeUpTimerReload	24	static
S2LP_Timer.c:546:6:S2LPTimerSetWakeUpTimerReloadUs	24	static
S2LP_Timer.c:569:6:S2LPTimerSetWakeUpTimerReloadCounter	16	static
S2LP_Timer.c:582:6:S2LPTimerSetWakeUpTimerReloadPrescaler	16	static
S2LP_Timer.c:598:6:S2LPTimerGetWakeUpTimerReloadUs	32	static
S2LP_Timer.c:620:6:S2LPTimerSetRxTimerStopCondition	24	static
S2LP_Timer.c:642:10:S2LPTimerGetRcoFrequency	16	static
S2LP_Timer.c:664:6:S2LpTimerFastRxTermTimer	24	static
S2LP_Timer.c:687:6:S2LpSetTimerFastRxTermTimer	16	static
S2LP_Timer.c:700:6:S2LpSetTimerFastRxTermTimerUs	24	static
S2LP_Timer.c:726:6:S2LPTimerCalibrationRco	24	static
S2LP_Timer.c:749:6:S2LPTimerSleepB	24	static
S2LP_Timer.c:765:6:S2LPTimerLdcIrqWa	24	static
