S2LP_PacketHandler.c:117:9:S2LPGetPacketFormat	16	static
S2LP_PacketHandler.c:142:6:S2LPSetPreambleLength	24	static
S2LP_PacketHandler.c:165:10:S2LPGetPreambleLength	16	static
S2LP_PacketHandler.c:183:6:S2LPSetSyncLength	24	static
S2LP_PacketHandler.c:204:9:S2LPGetSyncLength	16	static
S2LP_PacketHandler.c:219:6:S2LPPacketHandlerWhitening	24	static
S2LP_PacketHandler.c:241:6:S2LPPacketHandlerFec	24	static
S2LP_PacketHandler.c:262:6:S2LPPacketHandlerManchester	24	static
S2LP_PacketHandler.c:281:6:S2LPPacketHandler3OutOf6	24	static
S2LP_PacketHandler.c:301:6:S2LPSetSyncWords	32	static
S2LP_PacketHandler.c:329:6:S2LPGetSyncWords	24	static
S2LP_PacketHandler.c:352:6:S2LPPktCommonFilterOnCrc	24	static
S2LP_PacketHandler.c:375:9:S2LPGetReceivedDestinationAddress	16	static
S2LP_PacketHandler.c:388:9:S2LPGetReceivedSourceAddress	16	static
S2LP_PacketHandler.c:401:9:S2LPGetMyAddress	16	static
S2LP_PacketHandler.c:414:9:S2LPGetBroadcastAddress	16	static
S2LP_PacketHandler.c:427:9:S2LPGetMulticastAddress	16	static
S2LP_PacketHandler.c:440:9:S2LPGetRxSourceMask	16	static
S2LP_PacketHandler.c:453:9:S2LPGetRxSourceReferenceAddress	16	static
S2LP_PacketHandler.c:467:6:S2LPSetRxSourceMask	16	static
S2LP_PacketHandler.c:478:6:S2LPSetRxSourceReferenceAddress	16	static
S2LP_PacketHandler.c:489:6:S2LPSetBroadcastAddress	16	static
S2LP_PacketHandler.c:500:6:S2LPSetMulticastAddress	16	static
S2LP_PacketHandler.c:512:6:S2LPSetMyAddress	16	static
S2LP_PacketHandler.c:526:6:S2LPPacketHandlerSetRxMode	24	static
S2LP_PacketHandler.c:544:10:S2LPPacketHandlerGetRxMode	16	static
S2LP_PacketHandler.c:559:6:S2LPPacketHandlerSetTxMode	24	static
S2LP_PacketHandler.c:576:10:S2LPPacketHandlerGetTxMode	16	static
S2LP_PacketHandler.c:588:9:S2LPPacketHandlerGetTransmittedSeqNumber	16	static
S2LP_PacketHandler.c:605:6:S2LPPacketHandlerSetExtendedLenField	24	static
S2LP_PacketHandler.c:626:6:S2LPPacketHandlerSwap4FSKSymbol	24	static
S2LP_PacketHandler.c:647:6:S2LPPacketHandlerSwapFifoEndianess	24	static
S2LP_PacketHandler.c:668:6:S2LPPacketHandlerSwapPreamblePattern	24	static
S2LP_PacketHandler.c:690:6:S2LPPacketHandlerSetVariableLength	24	static
S2LP_PacketHandler.c:711:6:S2LPPacketHandlerSetCrcMode	24	static
S2LP_PacketHandler.c:729:12:S2LPPacketHandlerGetCrcMode	16	static
S2LP_PacketHandler.c:747:6:S2LPPacketHandlerSelectSecondarySync	24	static
S2LP_PacketHandler.c:770:6:S2LPPacketHandlerSetAutoPcktFilter	24	static
S2LP_PacketHandler.c:792:6:S2LPPacketHandlerSetRxPersistentMode	24	static
S2LP_PacketHandler.c:813:6:S2LPPacketHandlerSetSrcAddrFlt	24	static
S2LP_PacketHandler.c:835:6:S2LPSetDualSyncWords	24	static
S2LP_PacketHandler.c:853:6:S2LPGetDualSyncWords	24	static
